Archive member included to satisfy reference by file (symbol)

c:/st/stm32cubeide_1.1.0/stm32cubeide/plugins/com.st.stm32cube.ide.mcu.externaltools.gnu-tools-for-stm32.7-2018-q2-update.win32_1.0.0.201904181610/tools/bin/../lib/gcc/arm-none-eabi/7.3.1/../../../../arm-none-eabi/lib/thumb/v7e-m/fpv4-sp/hard\libc_nano.a(lib_a-errno.o)
                              Core/Src/syscalls.o (__errno)
c:/st/stm32cubeide_1.1.0/stm32cubeide/plugins/com.st.stm32cube.ide.mcu.externaltools.gnu-tools-for-stm32.7-2018-q2-update.win32_1.0.0.201904181610/tools/bin/../lib/gcc/arm-none-eabi/7.3.1/../../../../arm-none-eabi/lib/thumb/v7e-m/fpv4-sp/hard\libc_nano.a(lib_a-exit.o)
                              c:/st/stm32cubeide_1.1.0/stm32cubeide/plugins/com.st.stm32cube.ide.mcu.externaltools.gnu-tools-for-stm32.7-2018-q2-update.win32_1.0.0.201904181610/tools/bin/../lib/gcc/arm-none-eabi/7.3.1/../../../../arm-none-eabi/lib/thumb/v7e-m/fpv4-sp/hard/crt0.o (exit)
c:/st/stm32cubeide_1.1.0/stm32cubeide/plugins/com.st.stm32cube.ide.mcu.externaltools.gnu-tools-for-stm32.7-2018-q2-update.win32_1.0.0.201904181610/tools/bin/../lib/gcc/arm-none-eabi/7.3.1/../../../../arm-none-eabi/lib/thumb/v7e-m/fpv4-sp/hard\libc_nano.a(lib_a-impure.o)
                              c:/st/stm32cubeide_1.1.0/stm32cubeide/plugins/com.st.stm32cube.ide.mcu.externaltools.gnu-tools-for-stm32.7-2018-q2-update.win32_1.0.0.201904181610/tools/bin/../lib/gcc/arm-none-eabi/7.3.1/../../../../arm-none-eabi/lib/thumb/v7e-m/fpv4-sp/hard\libc_nano.a(lib_a-exit.o) (_global_impure_ptr)
c:/st/stm32cubeide_1.1.0/stm32cubeide/plugins/com.st.stm32cube.ide.mcu.externaltools.gnu-tools-for-stm32.7-2018-q2-update.win32_1.0.0.201904181610/tools/bin/../lib/gcc/arm-none-eabi/7.3.1/../../../../arm-none-eabi/lib/thumb/v7e-m/fpv4-sp/hard\libc_nano.a(lib_a-init.o)
                              c:/st/stm32cubeide_1.1.0/stm32cubeide/plugins/com.st.stm32cube.ide.mcu.externaltools.gnu-tools-for-stm32.7-2018-q2-update.win32_1.0.0.201904181610/tools/bin/../lib/gcc/arm-none-eabi/7.3.1/../../../../arm-none-eabi/lib/thumb/v7e-m/fpv4-sp/hard/crt0.o (__libc_init_array)
c:/st/stm32cubeide_1.1.0/stm32cubeide/plugins/com.st.stm32cube.ide.mcu.externaltools.gnu-tools-for-stm32.7-2018-q2-update.win32_1.0.0.201904181610/tools/bin/../lib/gcc/arm-none-eabi/7.3.1/../../../../arm-none-eabi/lib/thumb/v7e-m/fpv4-sp/hard\libc_nano.a(lib_a-memset.o)
                              c:/st/stm32cubeide_1.1.0/stm32cubeide/plugins/com.st.stm32cube.ide.mcu.externaltools.gnu-tools-for-stm32.7-2018-q2-update.win32_1.0.0.201904181610/tools/bin/../lib/gcc/arm-none-eabi/7.3.1/../../../../arm-none-eabi/lib/thumb/v7e-m/fpv4-sp/hard/crt0.o (memset)
c:/st/stm32cubeide_1.1.0/stm32cubeide/plugins/com.st.stm32cube.ide.mcu.externaltools.gnu-tools-for-stm32.7-2018-q2-update.win32_1.0.0.201904181610/tools/bin/../lib/gcc/arm-none-eabi/7.3.1/thumb/v7e-m/fpv4-sp/hard\libgcc.a(_aeabi_uldivmod.o)
                              Drivers/STM32L4xx_HAL_Driver/Src/stm32l4xx_hal_uart.o (__aeabi_uldivmod)
c:/st/stm32cubeide_1.1.0/stm32cubeide/plugins/com.st.stm32cube.ide.mcu.externaltools.gnu-tools-for-stm32.7-2018-q2-update.win32_1.0.0.201904181610/tools/bin/../lib/gcc/arm-none-eabi/7.3.1/thumb/v7e-m/fpv4-sp/hard\libgcc.a(_udivmoddi4.o)
                              c:/st/stm32cubeide_1.1.0/stm32cubeide/plugins/com.st.stm32cube.ide.mcu.externaltools.gnu-tools-for-stm32.7-2018-q2-update.win32_1.0.0.201904181610/tools/bin/../lib/gcc/arm-none-eabi/7.3.1/thumb/v7e-m/fpv4-sp/hard\libgcc.a(_aeabi_uldivmod.o) (__udivmoddi4)
c:/st/stm32cubeide_1.1.0/stm32cubeide/plugins/com.st.stm32cube.ide.mcu.externaltools.gnu-tools-for-stm32.7-2018-q2-update.win32_1.0.0.201904181610/tools/bin/../lib/gcc/arm-none-eabi/7.3.1/thumb/v7e-m/fpv4-sp/hard\libgcc.a(_dvmd_tls.o)
                              c:/st/stm32cubeide_1.1.0/stm32cubeide/plugins/com.st.stm32cube.ide.mcu.externaltools.gnu-tools-for-stm32.7-2018-q2-update.win32_1.0.0.201904181610/tools/bin/../lib/gcc/arm-none-eabi/7.3.1/thumb/v7e-m/fpv4-sp/hard\libgcc.a(_aeabi_uldivmod.o) (__aeabi_ldiv0)

Allocating common symbols
Common symbol       size              file

hspi2               0x64              Core/Src/spi.o
huart3              0x8c              Core/Src/usart.o
hpcd_USB_OTG_FS     0x408             Core/Src/usb_otg.o
uwTick              0x4               Drivers/STM32L4xx_HAL_Driver/Src/stm32l4xx_hal.o
hlpuart1            0x8c              Core/Src/usart.o
hspi1               0x64              Core/Src/spi.o
hdma_spi1_tx        0x60              Core/Src/spi.o

Discarded input sections

 .text          0x0000000000000000        0x0 c:/st/stm32cubeide_1.1.0/stm32cubeide/plugins/com.st.stm32cube.ide.mcu.externaltools.gnu-tools-for-stm32.7-2018-q2-update.win32_1.0.0.201904181610/tools/bin/../lib/gcc/arm-none-eabi/7.3.1/thumb/v7e-m/fpv4-sp/hard/crti.o
[...]
Memory Configuration

Name             Origin             Length             Attributes
RAM              0x0000000020000000 0x00000000000a0000 xrw
FLASH            0x0000000008000000 0x0000000000200000 xr
*default*        0x0000000000000000 0xffffffffffffffff

Linker script and memory map

LOAD c:/st/stm32cubeide_1.1.0/stm32cubeide/plugins/com.st.stm32cube.ide.mcu.externaltools.gnu-tools-for-stm32.7-2018-q2-update.win32_1.0.0.201904181610/tools/bin/../lib/gcc/arm-none-eabi/7.3.1/thumb/v7e-m/fpv4-sp/hard/crti.o
LOAD c:/st/stm32cubeide_1.1.0/stm32cubeide/plugins/com.st.stm32cube.ide.mcu.externaltools.gnu-tools-for-stm32.7-2018-q2-update.win32_1.0.0.201904181610/tools/bin/../lib/gcc/arm-none-eabi/7.3.1/thumb/v7e-m/fpv4-sp/hard/crtbegin.o
LOAD c:/st/stm32cubeide_1.1.0/stm32cubeide/plugins/com.st.stm32cube.ide.mcu.externaltools.gnu-tools-for-stm32.7-2018-q2-update.win32_1.0.0.201904181610/tools/bin/../lib/gcc/arm-none-eabi/7.3.1/../../../../arm-none-eabi/lib/thumb/v7e-m/fpv4-sp/hard/crt0.o
LOAD Core/Src/dma.o
LOAD Core/Src/gpio.o
LOAD Core/Src/main.o
LOAD Core/Src/spi.o
LOAD Core/Src/stm32l4xx_hal_msp.o
LOAD Core/Src/stm32l4xx_it.o
LOAD Core/Src/sys.o
LOAD Core/Src/syscalls.o
LOAD Core/Src/sysmem.o
LOAD Core/Src/system_stm32l4xx.o
LOAD Core/Src/usart.o
LOAD Core/Src/usb_otg.o
LOAD Core/Startup/startup_stm32l4r5zitx.o
LOAD Drivers/STM32L4xx_HAL_Driver/Src/stm32l4xx_hal.o
LOAD Drivers/STM32L4xx_HAL_Driver/Src/stm32l4xx_hal_cortex.o
LOAD Drivers/STM32L4xx_HAL_Driver/Src/stm32l4xx_hal_dma.o
LOAD Drivers/STM32L4xx_HAL_Driver/Src/stm32l4xx_hal_dma_ex.o
LOAD Drivers/STM32L4xx_HAL_Driver/Src/stm32l4xx_hal_exti.o
LOAD Drivers/STM32L4xx_HAL_Driver/Src/stm32l4xx_hal_flash.o
LOAD Drivers/STM32L4xx_HAL_Driver/Src/stm32l4xx_hal_flash_ex.o
LOAD Drivers/STM32L4xx_HAL_Driver/Src/stm32l4xx_hal_flash_ramfunc.o
LOAD Drivers/STM32L4xx_HAL_Driver/Src/stm32l4xx_hal_gpio.o
LOAD Drivers/STM32L4xx_HAL_Driver/Src/stm32l4xx_hal_i2c.o
LOAD Drivers/STM32L4xx_HAL_Driver/Src/stm32l4xx_hal_i2c_ex.o
LOAD Drivers/STM32L4xx_HAL_Driver/Src/stm32l4xx_hal_pcd.o
LOAD Drivers/STM32L4xx_HAL_Driver/Src/stm32l4xx_hal_pcd_ex.o
LOAD Drivers/STM32L4xx_HAL_Driver/Src/stm32l4xx_hal_pwr.o
LOAD Drivers/STM32L4xx_HAL_Driver/Src/stm32l4xx_hal_pwr_ex.o
LOAD Drivers/STM32L4xx_HAL_Driver/Src/stm32l4xx_hal_rcc.o
LOAD Drivers/STM32L4xx_HAL_Driver/Src/stm32l4xx_hal_rcc_ex.o
LOAD Drivers/STM32L4xx_HAL_Driver/Src/stm32l4xx_hal_spi.o
LOAD Drivers/STM32L4xx_HAL_Driver/Src/stm32l4xx_hal_spi_ex.o
LOAD Drivers/STM32L4xx_HAL_Driver/Src/stm32l4xx_hal_tim.o
LOAD Drivers/STM32L4xx_HAL_Driver/Src/stm32l4xx_hal_tim_ex.o
LOAD Drivers/STM32L4xx_HAL_Driver/Src/stm32l4xx_hal_uart.o
LOAD Drivers/STM32L4xx_HAL_Driver/Src/stm32l4xx_hal_uart_ex.o
LOAD Drivers/STM32L4xx_HAL_Driver/Src/stm32l4xx_ll_usb.o
START GROUP
LOAD c:/st/stm32cubeide_1.1.0/stm32cubeide/plugins/com.st.stm32cube.ide.mcu.externaltools.gnu-tools-for-stm32.7-2018-q2-update.win32_1.0.0.201904181610/tools/bin/../lib/gcc/arm-none-eabi/7.3.1/../../../../arm-none-eabi/lib/thumb/v7e-m/fpv4-sp/hard\libstdc++_nano.a
LOAD c:/st/stm32cubeide_1.1.0/stm32cubeide/plugins/com.st.stm32cube.ide.mcu.externaltools.gnu-tools-for-stm32.7-2018-q2-update.win32_1.0.0.201904181610/tools/bin/../lib/gcc/arm-none-eabi/7.3.1/../../../../arm-none-eabi/lib/thumb/v7e-m/fpv4-sp/hard\libsupc++_nano.a
END GROUP
LOAD c:/st/stm32cubeide_1.1.0/stm32cubeide/plugins/com.st.stm32cube.ide.mcu.externaltools.gnu-tools-for-stm32.7-2018-q2-update.win32_1.0.0.201904181610/tools/bin/../lib/gcc/arm-none-eabi/7.3.1/../../../../arm-none-eabi/lib/thumb/v7e-m/fpv4-sp/hard\libstdc++_nano.a
LOAD c:/st/stm32cubeide_1.1.0/stm32cubeide/plugins/com.st.stm32cube.ide.mcu.externaltools.gnu-tools-for-stm32.7-2018-q2-update.win32_1.0.0.201904181610/tools/bin/../lib/gcc/arm-none-eabi/7.3.1/../../../../arm-none-eabi/lib/thumb/v7e-m/fpv4-sp/hard\libm.a
LOAD c:/st/stm32cubeide_1.1.0/stm32cubeide/plugins/com.st.stm32cube.ide.mcu.externaltools.gnu-tools-for-stm32.7-2018-q2-update.win32_1.0.0.201904181610/tools/bin/../lib/gcc/arm-none-eabi/7.3.1/../../../../arm-none-eabi/lib/thumb/v7e-m/fpv4-sp/hard\libc_nano.a
START GROUP
LOAD c:/st/stm32cubeide_1.1.0/stm32cubeide/plugins/com.st.stm32cube.ide.mcu.externaltools.gnu-tools-for-stm32.7-2018-q2-update.win32_1.0.0.201904181610/tools/bin/../lib/gcc/arm-none-eabi/7.3.1/thumb/v7e-m/fpv4-sp/hard\libgcc.a
LOAD c:/st/stm32cubeide_1.1.0/stm32cubeide/plugins/com.st.stm32cube.ide.mcu.externaltools.gnu-tools-for-stm32.7-2018-q2-update.win32_1.0.0.201904181610/tools/bin/../lib/gcc/arm-none-eabi/7.3.1/../../../../arm-none-eabi/lib/thumb/v7e-m/fpv4-sp/hard\libc_nano.a
END GROUP
START GROUP
LOAD c:/st/stm32cubeide_1.1.0/stm32cubeide/plugins/com.st.stm32cube.ide.mcu.externaltools.gnu-tools-for-stm32.7-2018-q2-update.win32_1.0.0.201904181610/tools/bin/../lib/gcc/arm-none-eabi/7.3.1/thumb/v7e-m/fpv4-sp/hard\libgcc.a
LOAD c:/st/stm32cubeide_1.1.0/stm32cubeide/plugins/com.st.stm32cube.ide.mcu.externaltools.gnu-tools-for-stm32.7-2018-q2-update.win32_1.0.0.201904181610/tools/bin/../lib/gcc/arm-none-eabi/7.3.1/../../../../arm-none-eabi/lib/thumb/v7e-m/fpv4-sp/hard\libc_nano.a
LOAD c:/st/stm32cubeide_1.1.0/stm32cubeide/plugins/com.st.stm32cube.ide.mcu.externaltools.gnu-tools-for-stm32.7-2018-q2-update.win32_1.0.0.201904181610/tools/bin/../lib/gcc/arm-none-eabi/7.3.1/../../../../arm-none-eabi/lib/thumb/v7e-m/fpv4-sp/hard\libnosys.a
END GROUP
START GROUP
LOAD c:/st/stm32cubeide_1.1.0/stm32cubeide/plugins/com.st.stm32cube.ide.mcu.externaltools.gnu-tools-for-stm32.7-2018-q2-update.win32_1.0.0.201904181610/tools/bin/../lib/gcc/arm-none-eabi/7.3.1/thumb/v7e-m/fpv4-sp/hard\libgcc.a
LOAD c:/st/stm32cubeide_1.1.0/stm32cubeide/plugins/com.st.stm32cube.ide.mcu.externaltools.gnu-tools-for-stm32.7-2018-q2-update.win32_1.0.0.201904181610/tools/bin/../lib/gcc/arm-none-eabi/7.3.1/../../../../arm-none-eabi/lib/thumb/v7e-m/fpv4-sp/hard\libc_nano.a
LOAD c:/st/stm32cubeide_1.1.0/stm32cubeide/plugins/com.st.stm32cube.ide.mcu.externaltools.gnu-tools-for-stm32.7-2018-q2-update.win32_1.0.0.201904181610/tools/bin/../lib/gcc/arm-none-eabi/7.3.1/../../../../arm-none-eabi/lib/thumb/v7e-m/fpv4-sp/hard\libnosys.a
END GROUP
LOAD c:/st/stm32cubeide_1.1.0/stm32cubeide/plugins/com.st.stm32cube.ide.mcu.externaltools.gnu-tools-for-stm32.7-2018-q2-update.win32_1.0.0.201904181610/tools/bin/../lib/gcc/arm-none-eabi/7.3.1/thumb/v7e-m/fpv4-sp/hard/crtend.o
LOAD c:/st/stm32cubeide_1.1.0/stm32cubeide/plugins/com.st.stm32cube.ide.mcu.externaltools.gnu-tools-for-stm32.7-2018-q2-update.win32_1.0.0.201904181610/tools/bin/../lib/gcc/arm-none-eabi/7.3.1/thumb/v7e-m/fpv4-sp/hard/crtn.o
                0x00000000200a0000                _estack = (ORIGIN (RAM) + LENGTH (RAM))
                0x0000000000000200                _Min_Heap_Size = 0x200
                0x0000000000000400                _Min_Stack_Size = 0x400

.isr_vector     0x0000000008000000      0x1bc
                0x0000000008000000                . = ALIGN (0x4)
 *(.isr_vector)
 .isr_vector    0x0000000008000000      0x1bc Core/Startup/startup_stm32l4r5zitx.o
                0x0000000008000000                g_pfnVectors
                0x00000000080001bc                . = ALIGN (0x4)

.text           0x00000000080001c0     0x5988
                0x00000000080001c0                . = ALIGN (0x4)
 *(.text)
 .text          0x00000000080001c0       0x40 c:/st/stm32cubeide_1.1.0/stm32cubeide/plugins/com.st.stm32cube.ide.mcu.externaltools.gnu-tools-for-stm32.7-2018-q2-update.win32_1.0.0.201904181610/tools/bin/../lib/gcc/arm-none-eabi/7.3.1/thumb/v7e-m/fpv4-sp/hard/crtbegin.o
 .text          0x0000000008000200       0x30 c:/st/stm32cubeide_1.1.0/stm32cubeide/plugins/com.st.stm32cube.ide.mcu.externaltools.gnu-tools-for-stm32.7-2018-q2-update.win32_1.0.0.201904181610/tools/bin/../lib/gcc/arm-none-eabi/7.3.1/thumb/v7e-m/fpv4-sp/hard\libgcc.a(_aeabi_uldivmod.o)
                0x0000000008000200                __aeabi_uldivmod
 .text          0x0000000008000230      0x2cc c:/st/stm32cubeide_1.1.0/stm32cubeide/plugins/com.st.stm32cube.ide.mcu.externaltools.gnu-tools-for-stm32.7-2018-q2-update.win32_1.0.0.201904181610/tools/bin/../lib/gcc/arm-none-eabi/7.3.1/thumb/v7e-m/fpv4-sp/hard\libgcc.a(_udivmoddi4.o)
                0x0000000008000230                __udivmoddi4
 .text          0x00000000080004fc        0x4 c:/st/stm32cubeide_1.1.0/stm32cubeide/plugins/com.st.stm32cube.ide.mcu.externaltools.gnu-tools-for-stm32.7-2018-q2-update.win32_1.0.0.201904181610/tools/bin/../lib/gcc/arm-none-eabi/7.3.1/thumb/v7e-m/fpv4-sp/hard\libgcc.a(_dvmd_tls.o)
                0x00000000080004fc                __aeabi_idiv0
                0x00000000080004fc                __aeabi_ldiv0
 *(.text*)
 .text.MX_DMA_Init
                0x0000000008000500       0x54 Core/Src/dma.o
                0x0000000008000500                MX_DMA_Init
 .text.MX_GPIO_Init
                0x0000000008000554      0x29c Core/Src/gpio.o
                0x0000000008000554                MX_GPIO_Init
 .text.main     0x00000000080007f0       0xb4 Core/Src/main.o
                0x00000000080007f0                main
 .text.SystemClock_Config
                0x00000000080008a4      0x10e Core/Src/main.o
                0x00000000080008a4                SystemClock_Config
 .text.spi_comand
                0x00000000080009b2       0x52 Core/Src/main.o
                0x00000000080009b2                spi_comand
 .text.Error_Handler
                0x0000000008000a04        0xe Core/Src/main.o
                0x0000000008000a04                Error_Handler
 *fill*         0x0000000008000a12        0x2 
 .text.MX_SPI1_Init
                0x0000000008000a14       0x7c Core/Src/spi.o
                0x0000000008000a14                MX_SPI1_Init
 .text.MX_SPI2_Init
                0x0000000008000a90       0x7c Core/Src/spi.o
                0x0000000008000a90                MX_SPI2_Init
 .text.HAL_SPI_MspInit
                0x0000000008000b0c      0x180 Core/Src/spi.o
                0x0000000008000b0c                HAL_SPI_MspInit
 .text.HAL_MspInit
                0x0000000008000c8c       0x48 Core/Src/stm32l4xx_hal_msp.o
                0x0000000008000c8c                HAL_MspInit
 .text.NMI_Handler
                0x0000000008000cd4        0xe Core/Src/stm32l4xx_it.o
                0x0000000008000cd4                NMI_Handler
 .text.HardFault_Handler
                0x0000000008000ce2        0x6 Core/Src/stm32l4xx_it.o
                0x0000000008000ce2                HardFault_Handler
 .text.MemManage_Handler
                0x0000000008000ce8        0x6 Core/Src/stm32l4xx_it.o
                0x0000000008000ce8                MemManage_Handler
 .text.BusFault_Handler
                0x0000000008000cee        0x6 Core/Src/stm32l4xx_it.o
                0x0000000008000cee                BusFault_Handler
 .text.UsageFault_Handler
                0x0000000008000cf4        0x6 Core/Src/stm32l4xx_it.o
                0x0000000008000cf4                UsageFault_Handler
 .text.SVC_Handler
                0x0000000008000cfa        0xe Core/Src/stm32l4xx_it.o
                0x0000000008000cfa                SVC_Handler
 .text.DebugMon_Handler
                0x0000000008000d08        0xe Core/Src/stm32l4xx_it.o
                0x0000000008000d08                DebugMon_Handler
 .text.PendSV_Handler
                0x0000000008000d16        0xe Core/Src/stm32l4xx_it.o
                0x0000000008000d16                PendSV_Handler
 .text.SysTick_Handler
                0x0000000008000d24        0xc Core/Src/stm32l4xx_it.o
                0x0000000008000d24                SysTick_Handler
 .text.DMA1_Channel1_IRQHandler
                0x0000000008000d30       0x14 Core/Src/stm32l4xx_it.o
                0x0000000008000d30                DMA1_Channel1_IRQHandler
 .text.SystemInit
                0x0000000008000d44       0x6c Core/Src/system_stm32l4xx.o
                0x0000000008000d44                SystemInit
 .text.MX_LPUART1_UART_Init
                0x0000000008000db0       0x8c Core/Src/usart.o
                0x0000000008000db0                MX_LPUART1_UART_Init
 .text.MX_USART3_UART_Init
                0x0000000008000e3c       0x98 Core/Src/usart.o
                0x0000000008000e3c                MX_USART3_UART_Init
 .text.HAL_UART_MspInit
                0x0000000008000ed4       0xf4 Core/Src/usart.o
                0x0000000008000ed4                HAL_UART_MspInit
 .text.MX_USB_OTG_FS_PCD_Init
                0x0000000008000fc8       0x54 Core/Src/usb_otg.o
                0x0000000008000fc8                MX_USB_OTG_FS_PCD_Init
 .text.HAL_PCD_MspInit
                0x000000000800101c       0xd8 Core/Src/usb_otg.o
                0x000000000800101c                HAL_PCD_MspInit
 .text.Reset_Handler
                0x00000000080010f4       0x50 Core/Startup/startup_stm32l4r5zitx.o
                0x00000000080010f4                Reset_Handler
 .text.Default_Handler
                0x0000000008001144        0x2 Core/Startup/startup_stm32l4r5zitx.o
                0x0000000008001144                RTC_Alarm_IRQHandler
                0x0000000008001144                EXTI2_IRQHandler
                0x0000000008001144                TIM8_TRG_COM_IRQHandler
                0x0000000008001144                TIM8_CC_IRQHandler
                0x0000000008001144                TIM1_CC_IRQHandler
                0x0000000008001144                TSC_IRQHandler
                0x0000000008001144                TAMP_STAMP_IRQHandler
                0x0000000008001144                EXTI3_IRQHandler
                0x0000000008001144                LPTIM2_IRQHandler
                0x0000000008001144                DFSDM1_FLT1_IRQHandler
                0x0000000008001144                GFXMMU_IRQHandler
                0x0000000008001144                I2C3_ER_IRQHandler
                0x0000000008001144                DFSDM1_FLT2_IRQHandler
                0x0000000008001144                EXTI0_IRQHandler
                0x0000000008001144                I2C2_EV_IRQHandler
                0x0000000008001144                CAN1_RX0_IRQHandler
                0x0000000008001144                FPU_IRQHandler
                0x0000000008001144                TIM1_UP_TIM16_IRQHandler
                0x0000000008001144                LTDC_ER_IRQHandler
                0x0000000008001144                SPI1_IRQHandler
                0x0000000008001144                OCTOSPI1_IRQHandler
                0x0000000008001144                TIM6_DAC_IRQHandler
                0x0000000008001144                DCMI_IRQHandler
                0x0000000008001144                TIM8_UP_IRQHandler
                0x0000000008001144                OCTOSPI2_IRQHandler
                0x0000000008001144                DMA2_Channel2_IRQHandler
                0x0000000008001144                DMA1_Channel4_IRQHandler
                0x0000000008001144                SAI2_IRQHandler
                0x0000000008001144                ADC1_IRQHandler
                0x0000000008001144                DFSDM1_FLT3_IRQHandler
                0x0000000008001144                USART3_IRQHandler
                0x0000000008001144                DMA1_Channel7_IRQHandler
                0x0000000008001144                CAN1_RX1_IRQHandler
                0x0000000008001144                UART5_IRQHandler
                0x0000000008001144                TIM4_IRQHandler
                0x0000000008001144                DMA2_Channel1_IRQHandler
                0x0000000008001144                I2C1_EV_IRQHandler
                0x0000000008001144                DMAMUX1_OVR_IRQHandler
                0x0000000008001144                DMA1_Channel6_IRQHandler
                0x0000000008001144                UART4_IRQHandler
                0x0000000008001144                DMA2_Channel4_IRQHandler
                0x0000000008001144                TIM3_IRQHandler
                0x0000000008001144                RCC_IRQHandler
                0x0000000008001144                Default_Handler
                0x0000000008001144                DMA2_Channel7_IRQHandler
                0x0000000008001144                EXTI15_10_IRQHandler
                0x0000000008001144                TIM7_IRQHandler
                0x0000000008001144                SDMMC1_IRQHandler
                0x0000000008001144                TIM5_IRQHandler
                0x0000000008001144                I2C3_EV_IRQHandler
                0x0000000008001144                EXTI9_5_IRQHandler
                0x0000000008001144                RTC_WKUP_IRQHandler
                0x0000000008001144                LTDC_IRQHandler
                0x0000000008001144                PVD_PVM_IRQHandler
                0x0000000008001144                SPI2_IRQHandler
                0x0000000008001144                CAN1_TX_IRQHandler
                0x0000000008001144                DMA2_Channel5_IRQHandler
                0x0000000008001144                CRS_IRQHandler
                0x0000000008001144                DMA1_Channel5_IRQHandler
                0x0000000008001144                EXTI4_IRQHandler
                0x0000000008001144                RNG_IRQHandler
                0x0000000008001144                TIM1_TRG_COM_TIM17_IRQHandler
                0x0000000008001144                DMA1_Channel3_IRQHandler
                0x0000000008001144                COMP_IRQHandler
                0x0000000008001144                WWDG_IRQHandler
                0x0000000008001144                I2C4_EV_IRQHandler
                0x0000000008001144                LPUART1_IRQHandler
                0x0000000008001144                DMA2_Channel6_IRQHandler
                0x0000000008001144                TIM2_IRQHandler
                0x0000000008001144                DMA2D_IRQHandler
                0x0000000008001144                EXTI1_IRQHandler
                0x0000000008001144                USART2_IRQHandler
                0x0000000008001144                DFSDM1_FLT0_IRQHandler
                0x0000000008001144                I2C2_ER_IRQHandler
                0x0000000008001144                DMA1_Channel2_IRQHandler
                0x0000000008001144                TIM8_BRK_IRQHandler
                0x0000000008001144                CAN1_SCE_IRQHandler
                0x0000000008001144                FLASH_IRQHandler
                0x0000000008001144                USART1_IRQHandler
                0x0000000008001144                OTG_FS_IRQHandler
                0x0000000008001144                SPI3_IRQHandler
                0x0000000008001144                I2C1_ER_IRQHandler
                0x0000000008001144                FMC_IRQHandler
                0x0000000008001144                LPTIM1_IRQHandler
                0x0000000008001144                I2C4_ER_IRQHandler
                0x0000000008001144                SAI1_IRQHandler
                0x0000000008001144                DMA2_Channel3_IRQHandler
                0x0000000008001144                TIM1_BRK_TIM15_IRQHandler
 .text.HAL_Init
                0x0000000008001146       0x30 Drivers/STM32L4xx_HAL_Driver/Src/stm32l4xx_hal.o
                0x0000000008001146                HAL_Init
 *fill*         0x0000000008001176        0x2 
 .text.HAL_InitTick
                0x0000000008001178       0x74 Drivers/STM32L4xx_HAL_Driver/Src/stm32l4xx_hal.o
                0x0000000008001178                HAL_InitTick
 .text.HAL_IncTick
                0x00000000080011ec       0x24 Drivers/STM32L4xx_HAL_Driver/Src/stm32l4xx_hal.o
                0x00000000080011ec                HAL_IncTick
 .text.HAL_GetTick
                0x0000000008001210       0x18 Drivers/STM32L4xx_HAL_Driver/Src/stm32l4xx_hal.o
                0x0000000008001210                HAL_GetTick
 .text.HAL_Delay
                0x0000000008001228       0x44 Drivers/STM32L4xx_HAL_Driver/Src/stm32l4xx_hal.o
                0x0000000008001228                HAL_Delay
 .text.__NVIC_SetPriorityGrouping
                0x000000000800126c       0x48 Drivers/STM32L4xx_HAL_Driver/Src/stm32l4xx_hal_cortex.o
 .text.__NVIC_GetPriorityGrouping
                0x00000000080012b4       0x1c Drivers/STM32L4xx_HAL_Driver/Src/stm32l4xx_hal_cortex.o
 .text.__NVIC_EnableIRQ
                0x00000000080012d0       0x3c Drivers/STM32L4xx_HAL_Driver/Src/stm32l4xx_hal_cortex.o
 .text.__NVIC_SetPriority
                0x000000000800130c       0x54 Drivers/STM32L4xx_HAL_Driver/Src/stm32l4xx_hal_cortex.o
 .text.NVIC_EncodePriority
                0x0000000008001360       0x66 Drivers/STM32L4xx_HAL_Driver/Src/stm32l4xx_hal_cortex.o
 *fill*         0x00000000080013c6        0x2 
 .text.SysTick_Config
                0x00000000080013c8       0x44 Drivers/STM32L4xx_HAL_Driver/Src/stm32l4xx_hal_cortex.o
 .text.HAL_NVIC_SetPriorityGrouping
                0x000000000800140c       0x16 Drivers/STM32L4xx_HAL_Driver/Src/stm32l4xx_hal_cortex.o
                0x000000000800140c                HAL_NVIC_SetPriorityGrouping
 .text.HAL_NVIC_SetPriority
                0x0000000008001422       0x38 Drivers/STM32L4xx_HAL_Driver/Src/stm32l4xx_hal_cortex.o
                0x0000000008001422                HAL_NVIC_SetPriority
 .text.HAL_NVIC_EnableIRQ
                0x000000000800145a       0x1c Drivers/STM32L4xx_HAL_Driver/Src/stm32l4xx_hal_cortex.o
                0x000000000800145a                HAL_NVIC_EnableIRQ
 .text.HAL_SYSTICK_Config
                0x0000000008001476       0x18 Drivers/STM32L4xx_HAL_Driver/Src/stm32l4xx_hal_cortex.o
                0x0000000008001476                HAL_SYSTICK_Config
 *fill*         0x000000000800148e        0x2 
 .text.HAL_DMA_Init
                0x0000000008001490      0x150 Drivers/STM32L4xx_HAL_Driver/Src/stm32l4xx_hal_dma.o
                0x0000000008001490                HAL_DMA_Init
 .text.HAL_DMA_IRQHandler
                0x00000000080015e0      0x15e Drivers/STM32L4xx_HAL_Driver/Src/stm32l4xx_hal_dma.o
                0x00000000080015e0                HAL_DMA_IRQHandler
 *fill*         0x000000000800173e        0x2 
 .text.DMA_CalcDMAMUXChannelBaseAndMask
                0x0000000008001740       0x7c Drivers/STM32L4xx_HAL_Driver/Src/stm32l4xx_hal_dma.o
 .text.DMA_CalcDMAMUXRequestGenBaseAndMask
                0x00000000080017bc       0x48 Drivers/STM32L4xx_HAL_Driver/Src/stm32l4xx_hal_dma.o
 .text.HAL_GPIO_Init
                0x0000000008001804      0x324 Drivers/STM32L4xx_HAL_Driver/Src/stm32l4xx_hal_gpio.o
                0x0000000008001804                HAL_GPIO_Init
 .text.HAL_GPIO_WritePin
                0x0000000008001b28       0x30 Drivers/STM32L4xx_HAL_Driver/Src/stm32l4xx_hal_gpio.o
                0x0000000008001b28                HAL_GPIO_WritePin
 .text.HAL_PCD_Init
                0x0000000008001b58      0x248 Drivers/STM32L4xx_HAL_Driver/Src/stm32l4xx_hal_pcd.o
                0x0000000008001b58                HAL_PCD_Init
 .text.HAL_PCDEx_ActivateLPM
                0x0000000008001da0       0x48 Drivers/STM32L4xx_HAL_Driver/Src/stm32l4xx_hal_pcd_ex.o
                0x0000000008001da0                HAL_PCDEx_ActivateLPM
 .text.HAL_PWREx_GetVoltageRange
                0x0000000008001de8       0x40 Drivers/STM32L4xx_HAL_Driver/Src/stm32l4xx_hal_pwr_ex.o
                0x0000000008001de8                HAL_PWREx_GetVoltageRange
 .text.HAL_PWREx_ControlVoltageScaling
                0x0000000008001e28      0x148 Drivers/STM32L4xx_HAL_Driver/Src/stm32l4xx_hal_pwr_ex.o
                0x0000000008001e28                HAL_PWREx_ControlVoltageScaling
 .text.HAL_PWREx_EnableVddUSB
                0x0000000008001f70       0x20 Drivers/STM32L4xx_HAL_Driver/Src/stm32l4xx_hal_pwr_ex.o
                0x0000000008001f70                HAL_PWREx_EnableVddUSB
 .text.HAL_PWREx_EnableVddIO2
                0x0000000008001f90       0x20 Drivers/STM32L4xx_HAL_Driver/Src/stm32l4xx_hal_pwr_ex.o
                0x0000000008001f90                HAL_PWREx_EnableVddIO2
 .text.HAL_RCC_OscConfig
                0x0000000008001fb0      0x7dc Drivers/STM32L4xx_HAL_Driver/Src/stm32l4xx_hal_rcc.o
                0x0000000008001fb0                HAL_RCC_OscConfig
 .text.HAL_RCC_ClockConfig
                0x000000000800278c      0x258 Drivers/STM32L4xx_HAL_Driver/Src/stm32l4xx_hal_rcc.o
                0x000000000800278c                HAL_RCC_ClockConfig
 .text.HAL_RCC_GetSysClockFreq
                0x00000000080029e4      0x114 Drivers/STM32L4xx_HAL_Driver/Src/stm32l4xx_hal_rcc.o
                0x00000000080029e4                HAL_RCC_GetSysClockFreq
 .text.HAL_RCC_GetHCLKFreq
                0x0000000008002af8       0x18 Drivers/STM32L4xx_HAL_Driver/Src/stm32l4xx_hal_rcc.o
                0x0000000008002af8                HAL_RCC_GetHCLKFreq
 .text.HAL_RCC_GetPCLK1Freq
                0x0000000008002b10       0x2c Drivers/STM32L4xx_HAL_Driver/Src/stm32l4xx_hal_rcc.o
                0x0000000008002b10                HAL_RCC_GetPCLK1Freq
 .text.HAL_RCC_GetPCLK2Freq
                0x0000000008002b3c       0x2c Drivers/STM32L4xx_HAL_Driver/Src/stm32l4xx_hal_rcc.o
                0x0000000008002b3c                HAL_RCC_GetPCLK2Freq
 .text.RCC_SetFlashLatencyFromMSIRange
                0x0000000008002b68       0xb4 Drivers/STM32L4xx_HAL_Driver/Src/stm32l4xx_hal_rcc.o
 .text.RCC_GetSysClockFreqFromPLLSource
                0x0000000008002c1c       0xd0 Drivers/STM32L4xx_HAL_Driver/Src/stm32l4xx_hal_rcc.o
 .text.HAL_RCCEx_PeriphCLKConfig
                0x0000000008002cec      0x650 Drivers/STM32L4xx_HAL_Driver/Src/stm32l4xx_hal_rcc_ex.o
                0x0000000008002cec                HAL_RCCEx_PeriphCLKConfig
 .text.RCCEx_PLLSAI1_Config
                0x000000000800333c      0x1e0 Drivers/STM32L4xx_HAL_Driver/Src/stm32l4xx_hal_rcc_ex.o
 .text.RCCEx_PLLSAI2_Config
                0x000000000800351c      0x1e0 Drivers/STM32L4xx_HAL_Driver/Src/stm32l4xx_hal_rcc_ex.o
 .text.HAL_SPI_Init
                0x00000000080036fc      0x114 Drivers/STM32L4xx_HAL_Driver/Src/stm32l4xx_hal_spi.o
                0x00000000080036fc                HAL_SPI_Init
 .text.HAL_SPI_Transmit
                0x0000000008003810      0x2cc Drivers/STM32L4xx_HAL_Driver/Src/stm32l4xx_hal_spi.o
                0x0000000008003810                HAL_SPI_Transmit
 .text.SPI_WaitFlagStateUntilTimeout
                0x0000000008003adc       0xd4 Drivers/STM32L4xx_HAL_Driver/Src/stm32l4xx_hal_spi.o
 .text.SPI_WaitFifoStateUntilTimeout
                0x0000000008003bb0       0xda Drivers/STM32L4xx_HAL_Driver/Src/stm32l4xx_hal_spi.o
 .text.SPI_EndRxTxTransaction
                0x0000000008003c8a       0x8c Drivers/STM32L4xx_HAL_Driver/Src/stm32l4xx_hal_spi.o
 .text.HAL_UART_Init
                0x0000000008003d16       0xa0 Drivers/STM32L4xx_HAL_Driver/Src/stm32l4xx_hal_uart.o
                0x0000000008003d16                HAL_UART_Init
 *fill*         0x0000000008003db6        0x2 
 .text.UART_SetConfig
                0x0000000008003db8     0x1380 Drivers/STM32L4xx_HAL_Driver/Src/stm32l4xx_hal_uart.o
                0x0000000008003db8                UART_SetConfig
 .text.UART_AdvFeatureConfig
                0x0000000008005138      0x144 Drivers/STM32L4xx_HAL_Driver/Src/stm32l4xx_hal_uart.o
                0x0000000008005138                UART_AdvFeatureConfig
 .text.UART_CheckIdleState
                0x000000000800527c       0x90 Drivers/STM32L4xx_HAL_Driver/Src/stm32l4xx_hal_uart.o
                0x000000000800527c                UART_CheckIdleState
 .text.UART_WaitOnFlagUntilTimeout
                0x000000000800530c       0x94 Drivers/STM32L4xx_HAL_Driver/Src/stm32l4xx_hal_uart.o
                0x000000000800530c                UART_WaitOnFlagUntilTimeout
 .text.HAL_UARTEx_DisableFifoMode
                0x00000000080053a0       0x72 Drivers/STM32L4xx_HAL_Driver/Src/stm32l4xx_hal_uart_ex.o
                0x00000000080053a0                HAL_UARTEx_DisableFifoMode
 .text.HAL_UARTEx_SetTxFifoThreshold
                0x0000000008005412       0x7c Drivers/STM32L4xx_HAL_Driver/Src/stm32l4xx_hal_uart_ex.o
                0x0000000008005412                HAL_UARTEx_SetTxFifoThreshold
 .text.HAL_UARTEx_SetRxFifoThreshold
                0x000000000800548e       0x7c Drivers/STM32L4xx_HAL_Driver/Src/stm32l4xx_hal_uart_ex.o
                0x000000000800548e                HAL_UARTEx_SetRxFifoThreshold
 *fill*         0x000000000800550a        0x2 
 .text.UARTEx_SetNbDataToProcess
                0x000000000800550c       0xd0 Drivers/STM32L4xx_HAL_Driver/Src/stm32l4xx_hal_uart_ex.o
 .text.USB_CoreInit
                0x00000000080055dc       0xa4 Drivers/STM32L4xx_HAL_Driver/Src/stm32l4xx_ll_usb.o
                0x00000000080055dc                USB_CoreInit
 .text.USB_DisableGlobalInt
                0x0000000008005680       0x22 Drivers/STM32L4xx_HAL_Driver/Src/stm32l4xx_ll_usb.o
                0x0000000008005680                USB_DisableGlobalInt
 .text.USB_SetCurrentMode
                0x00000000080056a2       0x54 Drivers/STM32L4xx_HAL_Driver/Src/stm32l4xx_ll_usb.o
                0x00000000080056a2                USB_SetCurrentMode
 *fill*         0x00000000080056f6        0x2 
 .text.USB_DevInit
                0x00000000080056f8      0x284 Drivers/STM32L4xx_HAL_Driver/Src/stm32l4xx_ll_usb.o
                0x00000000080056f8                USB_DevInit
 .text.USB_FlushTxFifo
                0x000000000800597c       0x4c Drivers/STM32L4xx_HAL_Driver/Src/stm32l4xx_ll_usb.o
                0x000000000800597c                USB_FlushTxFifo
 .text.USB_FlushRxFifo
                0x00000000080059c8       0x44 Drivers/STM32L4xx_HAL_Driver/Src/stm32l4xx_ll_usb.o
                0x00000000080059c8                USB_FlushRxFifo
 .text.USB_SetDevSpeed
                0x0000000008005a0c       0x32 Drivers/STM32L4xx_HAL_Driver/Src/stm32l4xx_ll_usb.o
                0x0000000008005a0c                USB_SetDevSpeed
 .text.USB_DevDisconnect
                0x0000000008005a3e       0x30 Drivers/STM32L4xx_HAL_Driver/Src/stm32l4xx_ll_usb.o
                0x0000000008005a3e                USB_DevDisconnect
 *fill*         0x0000000008005a6e        0x2 
 .text.USB_CoreReset
                0x0000000008005a70       0x68 Drivers/STM32L4xx_HAL_Driver/Src/stm32l4xx_ll_usb.o
 .text.__libc_init_array
                0x0000000008005ad8       0x48 c:/st/stm32cubeide_1.1.0/stm32cubeide/plugins/com.st.stm32cube.ide.mcu.externaltools.gnu-tools-for-stm32.7-2018-q2-update.win32_1.0.0.201904181610/tools/bin/../lib/gcc/arm-none-eabi/7.3.1/../../../../arm-none-eabi/lib/thumb/v7e-m/fpv4-sp/hard\libc_nano.a(lib_a-init.o)
                0x0000000008005ad8                __libc_init_array
 .text.memset   0x0000000008005b20       0x10 c:/st/stm32cubeide_1.1.0/stm32cubeide/plugins/com.st.stm32cube.ide.mcu.externaltools.gnu-tools-for-stm32.7-2018-q2-update.win32_1.0.0.201904181610/tools/bin/../lib/gcc/arm-none-eabi/7.3.1/../../../../arm-none-eabi/lib/thumb/v7e-m/fpv4-sp/hard\libc_nano.a(lib_a-memset.o)
                0x0000000008005b20                memset
 *(.glue_7)
 .glue_7        0x0000000008005b30        0x0 linker stubs
 *(.glue_7t)
 .glue_7t       0x0000000008005b30        0x0 linker stubs
 *(.eh_frame)
 .eh_frame      0x0000000008005b30        0x0 c:/st/stm32cubeide_1.1.0/stm32cubeide/plugins/com.st.stm32cube.ide.mcu.externaltools.gnu-tools-for-stm32.7-2018-q2-update.win32_1.0.0.201904181610/tools/bin/../lib/gcc/arm-none-eabi/7.3.1/thumb/v7e-m/fpv4-sp/hard/crtbegin.o
 *(.init)
 .init          0x0000000008005b30        0x4 c:/st/stm32cubeide_1.1.0/stm32cubeide/plugins/com.st.stm32cube.ide.mcu.externaltools.gnu-tools-for-stm32.7-2018-q2-update.win32_1.0.0.201904181610/tools/bin/../lib/gcc/arm-none-eabi/7.3.1/thumb/v7e-m/fpv4-sp/hard/crti.o
                0x0000000008005b30                _init
 .init          0x0000000008005b34        0x8 c:/st/stm32cubeide_1.1.0/stm32cubeide/plugins/com.st.stm32cube.ide.mcu.externaltools.gnu-tools-for-stm32.7-2018-q2-update.win32_1.0.0.201904181610/tools/bin/../lib/gcc/arm-none-eabi/7.3.1/thumb/v7e-m/fpv4-sp/hard/crtn.o
 *(.fini)
 .fini          0x0000000008005b3c        0x4 c:/st/stm32cubeide_1.1.0/stm32cubeide/plugins/com.st.stm32cube.ide.mcu.externaltools.gnu-tools-for-stm32.7-2018-q2-update.win32_1.0.0.201904181610/tools/bin/../lib/gcc/arm-none-eabi/7.3.1/thumb/v7e-m/fpv4-sp/hard/crti.o
                0x0000000008005b3c                _fini
 .fini          0x0000000008005b40        0x8 c:/st/stm32cubeide_1.1.0/stm32cubeide/plugins/com.st.stm32cube.ide.mcu.externaltools.gnu-tools-for-stm32.7-2018-q2-update.win32_1.0.0.201904181610/tools/bin/../lib/gcc/arm-none-eabi/7.3.1/thumb/v7e-m/fpv4-sp/hard/crtn.o
                0x0000000008005b48                . = ALIGN (0x4)
                0x0000000008005b48                _etext = .

.vfp11_veneer   0x0000000008005b48        0x0
 .vfp11_veneer  0x0000000008005b48        0x0 linker stubs

.v4_bx          0x0000000008005b48        0x0
 .v4_bx         0x0000000008005b48        0x0 linker stubs

.iplt           0x0000000008005b48        0x0
 .iplt          0x0000000008005b48        0x0 c:/st/stm32cubeide_1.1.0/stm32cubeide/plugins/com.st.stm32cube.ide.mcu.externaltools.gnu-tools-for-stm32.7-2018-q2-update.win32_1.0.0.201904181610/tools/bin/../lib/gcc/arm-none-eabi/7.3.1/thumb/v7e-m/fpv4-sp/hard/crtbegin.o

.rodata         0x0000000008005b48       0x58
                0x0000000008005b48                . = ALIGN (0x4)
 *(.rodata)
 .rodata        0x0000000008005b48       0x10 Drivers/STM32L4xx_HAL_Driver/Src/stm32l4xx_hal_uart_ex.o
 *(.rodata*)
 .rodata.AHBPrescTable
                0x0000000008005b58       0x10 Core/Src/system_stm32l4xx.o
                0x0000000008005b58                AHBPrescTable
 .rodata.APBPrescTable
                0x0000000008005b68        0x8 Core/Src/system_stm32l4xx.o
                0x0000000008005b68                APBPrescTable
 .rodata.MSIRangeTable
                0x0000000008005b70       0x30 Core/Src/system_stm32l4xx.o
                0x0000000008005b70                MSIRangeTable
                0x0000000008005ba0                . = ALIGN (0x4)

.ARM.extab      0x0000000008005ba0        0x0
                0x0000000008005ba0                . = ALIGN (0x4)
 *(.ARM.extab* .gnu.linkonce.armextab.*)
                0x0000000008005ba0                . = ALIGN (0x4)

.ARM            0x0000000008005ba0        0x8
                0x0000000008005ba0                . = ALIGN (0x4)
                0x0000000008005ba0                __exidx_start = .
 *(.ARM.exidx*)
 .ARM.exidx     0x0000000008005ba0        0x8 c:/st/stm32cubeide_1.1.0/stm32cubeide/plugins/com.st.stm32cube.ide.mcu.externaltools.gnu-tools-for-stm32.7-2018-q2-update.win32_1.0.0.201904181610/tools/bin/../lib/gcc/arm-none-eabi/7.3.1/thumb/v7e-m/fpv4-sp/hard\libgcc.a(_udivmoddi4.o)
                0x0000000008005ba8                __exidx_end = .
                0x0000000008005ba8                . = ALIGN (0x4)

.rel.dyn        0x0000000008005ba8        0x0
 .rel.iplt      0x0000000008005ba8        0x0 c:/st/stm32cubeide_1.1.0/stm32cubeide/plugins/com.st.stm32cube.ide.mcu.externaltools.gnu-tools-for-stm32.7-2018-q2-update.win32_1.0.0.201904181610/tools/bin/../lib/gcc/arm-none-eabi/7.3.1/thumb/v7e-m/fpv4-sp/hard/crtbegin.o

.preinit_array  0x0000000008005ba8        0x0
                0x0000000008005ba8                . = ALIGN (0x4)
                0x0000000008005ba8                PROVIDE (__preinit_array_start = .)
 *(.preinit_array*)
                0x0000000008005ba8                PROVIDE (__preinit_array_end = .)
                0x0000000008005ba8                . = ALIGN (0x4)

.init_array     0x0000000008005ba8        0x4
                0x0000000008005ba8                . = ALIGN (0x4)
                0x0000000008005ba8                PROVIDE (__init_array_start = .)
 *(SORT_BY_NAME(.init_array.*))
 *(.init_array*)
 .init_array    0x0000000008005ba8        0x4 c:/st/stm32cubeide_1.1.0/stm32cubeide/plugins/com.st.stm32cube.ide.mcu.externaltools.gnu-tools-for-stm32.7-2018-q2-update.win32_1.0.0.201904181610/tools/bin/../lib/gcc/arm-none-eabi/7.3.1/thumb/v7e-m/fpv4-sp/hard/crtbegin.o
                0x0000000008005bac                PROVIDE (__init_array_end = .)
                0x0000000008005bac                . = ALIGN (0x4)

.fini_array     0x0000000008005bac        0x4
                0x0000000008005bac                . = ALIGN (0x4)
                [!provide]                        PROVIDE (__fini_array_start = .)
 *(SORT_BY_NAME(.fini_array.*))
 *(.fini_array*)
 .fini_array    0x0000000008005bac        0x4 c:/st/stm32cubeide_1.1.0/stm32cubeide/plugins/com.st.stm32cube.ide.mcu.externaltools.gnu-tools-for-stm32.7-2018-q2-update.win32_1.0.0.201904181610/tools/bin/../lib/gcc/arm-none-eabi/7.3.1/thumb/v7e-m/fpv4-sp/hard/crtbegin.o
                [!provide]                        PROVIDE (__fini_array_end = .)
                0x0000000008005bb0                . = ALIGN (0x4)
                0x0000000008005bb0                _sidata = LOADADDR (.data)

.data           0x0000000020000000        0xc load address 0x0000000008005bb0
                0x0000000020000000                . = ALIGN (0x4)
                0x0000000020000000                _sdata = .
 *(.data)
 *(.data*)
 .data.SystemCoreClock
                0x0000000020000000        0x4 Core/Src/system_stm32l4xx.o
                0x0000000020000000                SystemCoreClock
 .data.uwTickPrio
                0x0000000020000004        0x4 Drivers/STM32L4xx_HAL_Driver/Src/stm32l4xx_hal.o
                0x0000000020000004                uwTickPrio
 .data.uwTickFreq
                0x0000000020000008        0x4 Drivers/STM32L4xx_HAL_Driver/Src/stm32l4xx_hal.o
                0x0000000020000008                uwTickFreq
                0x000000002000000c                . = ALIGN (0x4)
                0x000000002000000c                _edata = .

.igot.plt       0x000000002000000c        0x0 load address 0x0000000008005bbc
 .igot.plt      0x000000002000000c        0x0 c:/st/stm32cubeide_1.1.0/stm32cubeide/plugins/com.st.stm32cube.ide.mcu.externaltools.gnu-tools-for-stm32.7-2018-q2-update.win32_1.0.0.201904181610/tools/bin/../lib/gcc/arm-none-eabi/7.3.1/thumb/v7e-m/fpv4-sp/hard/crtbegin.o
                0x000000002000000c                . = ALIGN (0x4)

.bss            0x000000002000000c      0x668 load address 0x0000000008005bbc
                0x000000002000000c                _sbss = .
                0x000000002000000c                __bss_start__ = _sbss
 *(.bss)
 .bss           0x000000002000000c       0x1c c:/st/stm32cubeide_1.1.0/stm32cubeide/plugins/com.st.stm32cube.ide.mcu.externaltools.gnu-tools-for-stm32.7-2018-q2-update.win32_1.0.0.201904181610/tools/bin/../lib/gcc/arm-none-eabi/7.3.1/thumb/v7e-m/fpv4-sp/hard/crtbegin.o
 *(.bss*)
 *(COMMON)
 COMMON         0x0000000020000028      0x128 Core/Src/spi.o
                0x0000000020000028                hspi2
                0x000000002000008c                hspi1
                0x00000000200000f0                hdma_spi1_tx
 COMMON         0x0000000020000150      0x118 Core/Src/usart.o
                0x0000000020000150                huart3
                0x00000000200001dc                hlpuart1
 COMMON         0x0000000020000268      0x408 Core/Src/usb_otg.o
                0x0000000020000268                hpcd_USB_OTG_FS
 COMMON         0x0000000020000670        0x4 Drivers/STM32L4xx_HAL_Driver/Src/stm32l4xx_hal.o
                0x0000000020000670                uwTick
                0x0000000020000674                . = ALIGN (0x4)
                0x0000000020000674                _ebss = .
                0x0000000020000674                __bss_end__ = _ebss

._user_heap_stack
                0x0000000020000674      0x604 load address 0x0000000008005bbc
                0x0000000020000678                . = ALIGN (0x8)
 *fill*         0x0000000020000674        0x4 
                0x0000000020000678                PROVIDE (end = .)
                [!provide]                        PROVIDE (_end = .)
                0x0000000020000878                . = (. + _Min_Heap_Size)
 *fill*         0x0000000020000678      0x200 
                0x0000000020000c78                . = (. + _Min_Stack_Size)
 *fill*         0x0000000020000878      0x400 
                0x0000000020000c78                . = ALIGN (0x8)

/DISCARD/
 libc.a(*)
 libm.a(*)
 libgcc.a(*)

.ARM.attributes
                0x0000000000000000       0x30
 *(.ARM.attributes)
 .ARM.attributes
                0x0000000000000000       0x22 c:/st/stm32cubeide_1.1.0/stm32cubeide/plugins/com.st.stm32cube.ide.mcu.externaltools.gnu-tools-for-stm32.7-2018-q2-update.win32_1.0.0.201904181610/tools/bin/../lib/gcc/arm-none-eabi/7.3.1/thumb/v7e-m/fpv4-sp/hard/crti.o
 .ARM.attributes
                0x0000000000000022       0x34 c:/st/stm32cubeide_1.1.0/stm32cubeide/plugins/com.st.stm32cube.ide.mcu.externaltools.gnu-tools-for-stm32.7-2018-q2-update.win32_1.0.0.201904181610/tools/bin/../lib/gcc/arm-none-eabi/7.3.1/thumb/v7e-m/fpv4-sp/hard/crtbegin.o
 .ARM.attributes
                0x0000000000000056       0x39 Core/Src/dma.o
 .ARM.attributes
                0x000000000000008f       0x39 Core/Src/gpio.o
 .ARM.attributes
                0x00000000000000c8       0x39 Core/Src/main.o
 .ARM.attributes
                0x0000000000000101       0x39 Core/Src/spi.o
 .ARM.attributes
                0x000000000000013a       0x39 Core/Src/stm32l4xx_hal_msp.o
 .ARM.attributes
                0x0000000000000173       0x39 Core/Src/stm32l4xx_it.o
 .ARM.attributes
                0x00000000000001ac       0x39 Core/Src/system_stm32l4xx.o
 .ARM.attributes
                0x00000000000001e5       0x39 Core/Src/usart.o
 .ARM.attributes
                0x000000000000021e       0x39 Core/Src/usb_otg.o
 .ARM.attributes
                0x0000000000000257       0x21 Core/Startup/startup_stm32l4r5zitx.o
 .ARM.attributes
                0x0000000000000278       0x39 Drivers/STM32L4xx_HAL_Driver/Src/stm32l4xx_hal.o
 .ARM.attributes
                0x00000000000002b1       0x39 Drivers/STM32L4xx_HAL_Driver/Src/stm32l4xx_hal_cortex.o
 .ARM.attributes
                0x00000000000002ea       0x39 Drivers/STM32L4xx_HAL_Driver/Src/stm32l4xx_hal_dma.o
 .ARM.attributes
                0x0000000000000323       0x39 Drivers/STM32L4xx_HAL_Driver/Src/stm32l4xx_hal_gpio.o
 .ARM.attributes
                0x000000000000035c       0x39 Drivers/STM32L4xx_HAL_Driver/Src/stm32l4xx_hal_pcd.o
 .ARM.attributes
                0x0000000000000395       0x39 Drivers/STM32L4xx_HAL_Driver/Src/stm32l4xx_hal_pcd_ex.o
 .ARM.attributes
                0x00000000000003ce       0x39 Drivers/STM32L4xx_HAL_Driver/Src/stm32l4xx_hal_pwr_ex.o
 .ARM.attributes
                0x0000000000000407       0x39 Drivers/STM32L4xx_HAL_Driver/Src/stm32l4xx_hal_rcc.o
 .ARM.attributes
                0x0000000000000440       0x39 Drivers/STM32L4xx_HAL_Driver/Src/stm32l4xx_hal_rcc_ex.o
 .ARM.attributes
                0x0000000000000479       0x39 Drivers/STM32L4xx_HAL_Driver/Src/stm32l4xx_hal_spi.o
 .ARM.attributes
                0x00000000000004b2       0x39 Drivers/STM32L4xx_HAL_Driver/Src/stm32l4xx_hal_uart.o
 .ARM.attributes
                0x00000000000004eb       0x39 Drivers/STM32L4xx_HAL_Driver/Src/stm32l4xx_hal_uart_ex.o
 .ARM.attributes
                0x0000000000000524       0x39 Drivers/STM32L4xx_HAL_Driver/Src/stm32l4xx_ll_usb.o
 .ARM.attributes
                0x000000000000055d       0x34 c:/st/stm32cubeide_1.1.0/stm32cubeide/plugins/com.st.stm32cube.ide.mcu.externaltools.gnu-tools-for-stm32.7-2018-q2-update.win32_1.0.0.201904181610/tools/bin/../lib/gcc/arm-none-eabi/7.3.1/../../../../arm-none-eabi/lib/thumb/v7e-m/fpv4-sp/hard\libc_nano.a(lib_a-init.o)
 .ARM.attributes
                0x0000000000000591       0x34 c:/st/stm32cubeide_1.1.0/stm32cubeide/plugins/com.st.stm32cube.ide.mcu.externaltools.gnu-tools-for-stm32.7-2018-q2-update.win32_1.0.0.201904181610/tools/bin/../lib/gcc/arm-none-eabi/7.3.1/../../../../arm-none-eabi/lib/thumb/v7e-m/fpv4-sp/hard\libc_nano.a(lib_a-memset.o)
 .ARM.attributes
                0x00000000000005c5       0x22 c:/st/stm32cubeide_1.1.0/stm32cubeide/plugins/com.st.stm32cube.ide.mcu.externaltools.gnu-tools-for-stm32.7-2018-q2-update.win32_1.0.0.201904181610/tools/bin/../lib/gcc/arm-none-eabi/7.3.1/thumb/v7e-m/fpv4-sp/hard\libgcc.a(_aeabi_uldivmod.o)
 .ARM.attributes
                0x00000000000005e7       0x34 c:/st/stm32cubeide_1.1.0/stm32cubeide/plugins/com.st.stm32cube.ide.mcu.externaltools.gnu-tools-for-stm32.7-2018-q2-update.win32_1.0.0.201904181610/tools/bin/../lib/gcc/arm-none-eabi/7.3.1/thumb/v7e-m/fpv4-sp/hard\libgcc.a(_udivmoddi4.o)
 .ARM.attributes
                0x000000000000061b       0x22 c:/st/stm32cubeide_1.1.0/stm32cubeide/plugins/com.st.stm32cube.ide.mcu.externaltools.gnu-tools-for-stm32.7-2018-q2-update.win32_1.0.0.201904181610/tools/bin/../lib/gcc/arm-none-eabi/7.3.1/thumb/v7e-m/fpv4-sp/hard\libgcc.a(_dvmd_tls.o)
 .ARM.attributes
                0x000000000000063d       0x22 c:/st/stm32cubeide_1.1.0/stm32cubeide/plugins/com.st.stm32cube.ide.mcu.externaltools.gnu-tools-for-stm32.7-2018-q2-update.win32_1.0.0.201904181610/tools/bin/../lib/gcc/arm-none-eabi/7.3.1/thumb/v7e-m/fpv4-sp/hard/crtn.o
OUTPUT(SPI_Test.elf elf32-littlearm)

.debug_info     0x0000000000000000    0x12a7a
 .debug_info    0x0000000000000000      0x724 Core/Src/dma.o
 .debug_info    0x0000000000000724      0x6c5 Core/Src/gpio.o
 .debug_info    0x0000000000000de9     0x1568 Core/Src/main.o
 .debug_info    0x0000000000002351      0xc86 Core/Src/spi.o
 .debug_info    0x0000000000002fd7      0x4e2 Core/Src/stm32l4xx_hal_msp.o
 .debug_info    0x00000000000034b9      0x62b Core/Src/stm32l4xx_it.o
 .debug_info    0x0000000000003ae4      0x710 Core/Src/system_stm32l4xx.o
 .debug_info    0x00000000000041f4      0xd2b Core/Src/usart.o
 .debug_info    0x0000000000004f1f      0xb65 Core/Src/usb_otg.o
 .debug_info    0x0000000000005a84       0x22 Core/Startup/startup_stm32l4r5zitx.o
 .debug_info    0x0000000000005aa6      0xc1f Drivers/STM32L4xx_HAL_Driver/Src/stm32l4xx_hal.o
 .debug_info    0x00000000000066c5      0xf54 Drivers/STM32L4xx_HAL_Driver/Src/stm32l4xx_hal_cortex.o
 .debug_info    0x0000000000007619      0xa0e Drivers/STM32L4xx_HAL_Driver/Src/stm32l4xx_hal_dma.o
 .debug_info    0x0000000000008027      0x99c Drivers/STM32L4xx_HAL_Driver/Src/stm32l4xx_hal_gpio.o
 .debug_info    0x00000000000089c3     0x1281 Drivers/STM32L4xx_HAL_Driver/Src/stm32l4xx_hal_pcd.o
 .debug_info    0x0000000000009c44      0x9d5 Drivers/STM32L4xx_HAL_Driver/Src/stm32l4xx_hal_pcd_ex.o
 .debug_info    0x000000000000a619      0xb66 Drivers/STM32L4xx_HAL_Driver/Src/stm32l4xx_hal_pwr_ex.o
 .debug_info    0x000000000000b17f      0xdff Drivers/STM32L4xx_HAL_Driver/Src/stm32l4xx_hal_rcc.o
 .debug_info    0x000000000000bf7e     0x11ed Drivers/STM32L4xx_HAL_Driver/Src/stm32l4xx_hal_rcc_ex.o
 .debug_info    0x000000000000d16b     0x1808 Drivers/STM32L4xx_HAL_Driver/Src/stm32l4xx_hal_spi.o
 .debug_info    0x000000000000e973     0x1a1f Drivers/STM32L4xx_HAL_Driver/Src/stm32l4xx_hal_uart.o
 .debug_info    0x0000000000010392      0xcd3 Drivers/STM32L4xx_HAL_Driver/Src/stm32l4xx_hal_uart_ex.o
 .debug_info    0x0000000000011065     0x1a15 Drivers/STM32L4xx_HAL_Driver/Src/stm32l4xx_ll_usb.o

.debug_abbrev   0x0000000000000000     0x293e
 .debug_abbrev  0x0000000000000000      0x12e Core/Src/dma.o
 .debug_abbrev  0x000000000000012e      0x134 Core/Src/gpio.o
 .debug_abbrev  0x0000000000000262      0x215 Core/Src/main.o
 .debug_abbrev  0x0000000000000477      0x1aa Core/Src/spi.o
 .debug_abbrev  0x0000000000000621      0x125 Core/Src/stm32l4xx_hal_msp.o
 .debug_abbrev  0x0000000000000746      0x149 Core/Src/stm32l4xx_it.o
 .debug_abbrev  0x000000000000088f      0x150 Core/Src/system_stm32l4xx.o
 .debug_abbrev  0x00000000000009df      0x199 Core/Src/usart.o
 .debug_abbrev  0x0000000000000b78      0x1b2 Core/Src/usb_otg.o
 .debug_abbrev  0x0000000000000d2a       0x12 Core/Startup/startup_stm32l4r5zitx.o
 .debug_abbrev  0x0000000000000d3c      0x1fb Drivers/STM32L4xx_HAL_Driver/Src/stm32l4xx_hal.o
 .debug_abbrev  0x0000000000000f37      0x2fa Drivers/STM32L4xx_HAL_Driver/Src/stm32l4xx_hal_cortex.o
 .debug_abbrev  0x0000000000001231      0x1d9 Drivers/STM32L4xx_HAL_Driver/Src/stm32l4xx_hal_dma.o
 .debug_abbrev  0x000000000000140a      0x1c0 Drivers/STM32L4xx_HAL_Driver/Src/stm32l4xx_hal_gpio.o
 .debug_abbrev  0x00000000000015ca      0x266 Drivers/STM32L4xx_HAL_Driver/Src/stm32l4xx_hal_pcd.o
 .debug_abbrev  0x0000000000001830      0x214 Drivers/STM32L4xx_HAL_Driver/Src/stm32l4xx_hal_pcd_ex.o
 .debug_abbrev  0x0000000000001a44      0x1cb Drivers/STM32L4xx_HAL_Driver/Src/stm32l4xx_hal_pwr_ex.o
 .debug_abbrev  0x0000000000001c0f      0x27b Drivers/STM32L4xx_HAL_Driver/Src/stm32l4xx_hal_rcc.o
 .debug_abbrev  0x0000000000001e8a      0x238 Drivers/STM32L4xx_HAL_Driver/Src/stm32l4xx_hal_rcc_ex.o
 .debug_abbrev  0x00000000000020c2      0x228 Drivers/STM32L4xx_HAL_Driver/Src/stm32l4xx_hal_spi.o
 .debug_abbrev  0x00000000000022ea      0x205 Drivers/STM32L4xx_HAL_Driver/Src/stm32l4xx_hal_uart.o
 .debug_abbrev  0x00000000000024ef      0x1e2 Drivers/STM32L4xx_HAL_Driver/Src/stm32l4xx_hal_uart_ex.o
 .debug_abbrev  0x00000000000026d1      0x26d Drivers/STM32L4xx_HAL_Driver/Src/stm32l4xx_ll_usb.o

.debug_aranges  0x0000000000000000      0xfc0
 .debug_aranges
                0x0000000000000000       0x20 Core/Src/dma.o
 .debug_aranges
                0x0000000000000020       0x20 Core/Src/gpio.o
 .debug_aranges
                0x0000000000000040       0x38 Core/Src/main.o
 .debug_aranges
                0x0000000000000078       0x38 Core/Src/spi.o
 .debug_aranges
                0x00000000000000b0       0x20 Core/Src/stm32l4xx_hal_msp.o
 .debug_aranges
                0x00000000000000d0       0x68 Core/Src/stm32l4xx_it.o
 .debug_aranges
                0x0000000000000138       0x28 Core/Src/system_stm32l4xx.o
 .debug_aranges
                0x0000000000000160       0x38 Core/Src/usart.o
 .debug_aranges
                0x0000000000000198       0x30 Core/Src/usb_otg.o
 .debug_aranges
                0x00000000000001c8       0x28 Core/Startup/startup_stm32l4r5zitx.o
 .debug_aranges
                0x00000000000001f0      0x130 Drivers/STM32L4xx_HAL_Driver/Src/stm32l4xx_hal.o
 .debug_aranges
                0x0000000000000320      0x118 Drivers/STM32L4xx_HAL_Driver/Src/stm32l4xx_hal_cortex.o
 .debug_aranges
                0x0000000000000438       0x90 Drivers/STM32L4xx_HAL_Driver/Src/stm32l4xx_hal_dma.o
 .debug_aranges
                0x00000000000004c8       0x58 Drivers/STM32L4xx_HAL_Driver/Src/stm32l4xx_hal_gpio.o
 .debug_aranges
                0x0000000000000520      0x130 Drivers/STM32L4xx_HAL_Driver/Src/stm32l4xx_hal_pcd.o
 .debug_aranges
                0x0000000000000650       0x60 Drivers/STM32L4xx_HAL_Driver/Src/stm32l4xx_hal_pcd_ex.o
 .debug_aranges
                0x00000000000006b0      0x168 Drivers/STM32L4xx_HAL_Driver/Src/stm32l4xx_hal_pwr_ex.o
 .debug_aranges
                0x0000000000000818       0x90 Drivers/STM32L4xx_HAL_Driver/Src/stm32l4xx_hal_rcc.o
 .debug_aranges
                0x00000000000008a8      0x108 Drivers/STM32L4xx_HAL_Driver/Src/stm32l4xx_hal_rcc_ex.o
 .debug_aranges
                0x00000000000009b0      0x1d8 Drivers/STM32L4xx_HAL_Driver/Src/stm32l4xx_hal_spi.o
 .debug_aranges
                0x0000000000000b88      0x218 Drivers/STM32L4xx_HAL_Driver/Src/stm32l4xx_hal_uart.o
 .debug_aranges
                0x0000000000000da0       0x88 Drivers/STM32L4xx_HAL_Driver/Src/stm32l4xx_hal_uart_ex.o
 .debug_aranges
                0x0000000000000e28      0x198 Drivers/STM32L4xx_HAL_Driver/Src/stm32l4xx_ll_usb.o

.debug_ranges   0x0000000000000000      0xe58
 .debug_ranges  0x0000000000000000       0x10 Core/Src/dma.o
 .debug_ranges  0x0000000000000010       0x10 Core/Src/gpio.o
 .debug_ranges  0x0000000000000020       0x28 Core/Src/main.o
 .debug_ranges  0x0000000000000048       0x28 Core/Src/spi.o
 .debug_ranges  0x0000000000000070       0x10 Core/Src/stm32l4xx_hal_msp.o
 .debug_ranges  0x0000000000000080       0x58 Core/Src/stm32l4xx_it.o
 .debug_ranges  0x00000000000000d8       0x18 Core/Src/system_stm32l4xx.o
 .debug_ranges  0x00000000000000f0       0x28 Core/Src/usart.o
 .debug_ranges  0x0000000000000118       0x20 Core/Src/usb_otg.o
 .debug_ranges  0x0000000000000138       0x20 Core/Startup/startup_stm32l4r5zitx.o
 .debug_ranges  0x0000000000000158      0x120 Drivers/STM32L4xx_HAL_Driver/Src/stm32l4xx_hal.o
 .debug_ranges  0x0000000000000278      0x108 Drivers/STM32L4xx_HAL_Driver/Src/stm32l4xx_hal_cortex.o
 .debug_ranges  0x0000000000000380       0x80 Drivers/STM32L4xx_HAL_Driver/Src/stm32l4xx_hal_dma.o
 .debug_ranges  0x0000000000000400       0x48 Drivers/STM32L4xx_HAL_Driver/Src/stm32l4xx_hal_gpio.o
 .debug_ranges  0x0000000000000448      0x120 Drivers/STM32L4xx_HAL_Driver/Src/stm32l4xx_hal_pcd.o
 .debug_ranges  0x0000000000000568       0x50 Drivers/STM32L4xx_HAL_Driver/Src/stm32l4xx_hal_pcd_ex.o
 .debug_ranges  0x00000000000005b8      0x158 Drivers/STM32L4xx_HAL_Driver/Src/stm32l4xx_hal_pwr_ex.o
 .debug_ranges  0x0000000000000710       0x80 Drivers/STM32L4xx_HAL_Driver/Src/stm32l4xx_hal_rcc.o
 .debug_ranges  0x0000000000000790       0xf8 Drivers/STM32L4xx_HAL_Driver/Src/stm32l4xx_hal_rcc_ex.o
 .debug_ranges  0x0000000000000888      0x1c8 Drivers/STM32L4xx_HAL_Driver/Src/stm32l4xx_hal_spi.o
 .debug_ranges  0x0000000000000a50      0x208 Drivers/STM32L4xx_HAL_Driver/Src/stm32l4xx_hal_uart.o
 .debug_ranges  0x0000000000000c58       0x78 Drivers/STM32L4xx_HAL_Driver/Src/stm32l4xx_hal_uart_ex.o
 .debug_ranges  0x0000000000000cd0      0x188 Drivers/STM32L4xx_HAL_Driver/Src/stm32l4xx_ll_usb.o

.debug_macro    0x0000000000000000    0x2a4c6
 .debug_macro   0x0000000000000000      0x22f Core/Src/dma.o
 .debug_macro   0x000000000000022f      0xa5a Core/Src/dma.o
 .debug_macro   0x0000000000000c89       0xc6 Core/Src/dma.o
 .debug_macro   0x0000000000000d4f       0x2e Core/Src/dma.o
 .debug_macro   0x0000000000000d7d       0x28 Core/Src/dma.o
 .debug_macro   0x0000000000000da5       0x22 Core/Src/dma.o
 .debug_macro   0x0000000000000dc7       0x8e Core/Src/dma.o
 .debug_macro   0x0000000000000e55       0x51 Core/Src/dma.o
 .debug_macro   0x0000000000000ea6       0xef Core/Src/dma.o
 .debug_macro   0x0000000000000f95       0x6a Core/Src/dma.o
 .debug_macro   0x0000000000000fff      0x1df Core/Src/dma.o
 .debug_macro   0x00000000000011de       0x1c Core/Src/dma.o
 .debug_macro   0x00000000000011fa       0x22 Core/Src/dma.o
 .debug_macro   0x000000000000121c       0xdf Core/Src/dma.o
 .debug_macro   0x00000000000012fb     0x102d Core/Src/dma.o
 .debug_macro   0x0000000000002328      0x11f Core/Src/dma.o
 .debug_macro   0x0000000000002447    0x1caae Core/Src/dma.o
 .debug_macro   0x000000000001eef5       0x43 Core/Src/dma.o
 .debug_macro   0x000000000001ef38     0x3820 Core/Src/dma.o
 .debug_macro   0x0000000000022758      0x174 Core/Src/dma.o
 .debug_macro   0x00000000000228cc       0x5a Core/Src/dma.o
 .debug_macro   0x0000000000022926     0x180d Core/Src/dma.o
 .debug_macro   0x0000000000024133      0x7ce Core/Src/dma.o
 .debug_macro   0x0000000000024901      0x241 Core/Src/dma.o
 .debug_macro   0x0000000000024b42      0x13d Core/Src/dma.o
 .debug_macro   0x0000000000024c7f      0x21e Core/Src/dma.o
 .debug_macro   0x0000000000024e9d      0x486 Core/Src/dma.o
 .debug_macro   0x0000000000025323      0x1ce Core/Src/dma.o
 .debug_macro   0x00000000000254f1       0x43 Core/Src/dma.o
 .debug_macro   0x0000000000025534      0x236 Core/Src/dma.o
 .debug_macro   0x000000000002576a      0x408 Core/Src/dma.o
 .debug_macro   0x0000000000025b72       0x1c Core/Src/dma.o
 .debug_macro   0x0000000000025b8e      0x100 Core/Src/dma.o
 .debug_macro   0x0000000000025c8e      0x22c Core/Src/dma.o
 .debug_macro   0x0000000000025eba       0x5e Core/Src/dma.o
 .debug_macro   0x0000000000025f18       0xa5 Core/Src/dma.o
 .debug_macro   0x0000000000025fbd      0x122 Core/Src/dma.o
 .debug_macro   0x00000000000260df      0x3e2 Core/Src/dma.o
 .debug_macro   0x00000000000264c1      0x2fe Core/Src/dma.o
 .debug_macro   0x00000000000267bf      0x63f Core/Src/dma.o
 .debug_macro   0x0000000000026dfe       0xa6 Core/Src/dma.o
 .debug_macro   0x0000000000026ea4      0x1f4 Core/Src/dma.o
 .debug_macro   0x0000000000027098       0xac Core/Src/dma.o
 .debug_macro   0x0000000000027144      0x44b Core/Src/dma.o
 .debug_macro   0x000000000002758f      0x118 Core/Src/dma.o
 .debug_macro   0x00000000000276a7      0x22f Core/Src/gpio.o
 .debug_macro   0x00000000000278d6      0x25b Core/Src/main.o
 .debug_macro   0x0000000000027b31      0x22f Core/Src/spi.o
 .debug_macro   0x0000000000027d60      0x225 Core/Src/stm32l4xx_hal_msp.o
 .debug_macro   0x0000000000027f85      0x22f Core/Src/stm32l4xx_it.o
 .debug_macro   0x00000000000281b4      0x21c Core/Src/system_stm32l4xx.o
 .debug_macro   0x00000000000283d0      0x22f Core/Src/usart.o
 .debug_macro   0x00000000000285ff      0x22f Core/Src/usb_otg.o
 .debug_macro   0x000000000002882e      0x264 Drivers/STM32L4xx_HAL_Driver/Src/stm32l4xx_hal.o
 .debug_macro   0x0000000000028a92      0x216 Drivers/STM32L4xx_HAL_Driver/Src/stm32l4xx_hal_cortex.o
 .debug_macro   0x0000000000028ca8      0x216 Drivers/STM32L4xx_HAL_Driver/Src/stm32l4xx_hal_dma.o
 .debug_macro   0x0000000000028ebe      0x255 Drivers/STM32L4xx_HAL_Driver/Src/stm32l4xx_hal_gpio.o
 .debug_macro   0x0000000000029113      0x222 Drivers/STM32L4xx_HAL_Driver/Src/stm32l4xx_hal_pcd.o
 .debug_macro   0x0000000000029335      0x216 Drivers/STM32L4xx_HAL_Driver/Src/stm32l4xx_hal_pcd_ex.o
 .debug_macro   0x000000000002954b      0x240 Drivers/STM32L4xx_HAL_Driver/Src/stm32l4xx_hal_pwr_ex.o
 .debug_macro   0x000000000002978b      0x258 Drivers/STM32L4xx_HAL_Driver/Src/stm32l4xx_hal_rcc.o
 .debug_macro   0x00000000000299e3      0x24c Drivers/STM32L4xx_HAL_Driver/Src/stm32l4xx_hal_rcc_ex.o
 .debug_macro   0x0000000000029c2f      0x21e Drivers/STM32L4xx_HAL_Driver/Src/stm32l4xx_hal_spi.o
 .debug_macro   0x0000000000029e4d      0x241 Drivers/STM32L4xx_HAL_Driver/Src/stm32l4xx_hal_uart.o
 .debug_macro   0x000000000002a08e      0x222 Drivers/STM32L4xx_HAL_Driver/Src/stm32l4xx_hal_uart_ex.o
 .debug_macro   0x000000000002a2b0      0x216 Drivers/STM32L4xx_HAL_Driver/Src/stm32l4xx_ll_usb.o

.debug_line     0x0000000000000000     0xecb3
 .debug_line    0x0000000000000000      0x750 Core/Src/dma.o
 .debug_line    0x0000000000000750      0x796 Core/Src/gpio.o
 .debug_line    0x0000000000000ee6      0x803 Core/Src/main.o
 .debug_line    0x00000000000016e9      0x7d6 Core/Src/spi.o
 .debug_line    0x0000000000001ebf      0x754 Core/Src/stm32l4xx_hal_msp.o
 .debug_line    0x0000000000002613      0x80a Core/Src/stm32l4xx_it.o
 .debug_line    0x0000000000002e1d      0x77f Core/Src/system_stm32l4xx.o
 .debug_line    0x000000000000359c      0x7ca Core/Src/usart.o
 .debug_line    0x0000000000003d66      0x7a7 Core/Src/usb_otg.o
 .debug_line    0x000000000000450d       0x85 Core/Startup/startup_stm32l4r5zitx.o
 .debug_line    0x0000000000004592      0x9f2 Drivers/STM32L4xx_HAL_Driver/Src/stm32l4xx_hal.o
 .debug_line    0x0000000000004f84      0xa7d Drivers/STM32L4xx_HAL_Driver/Src/stm32l4xx_hal_cortex.o
 .debug_line    0x0000000000005a01      0x9cd Drivers/STM32L4xx_HAL_Driver/Src/stm32l4xx_hal_dma.o
 .debug_line    0x00000000000063ce      0x922 Drivers/STM32L4xx_HAL_Driver/Src/stm32l4xx_hal_gpio.o
 .debug_line    0x0000000000006cf0      0xc60 Drivers/STM32L4xx_HAL_Driver/Src/stm32l4xx_hal_pcd.o
 .debug_line    0x0000000000007950      0x83f Drivers/STM32L4xx_HAL_Driver/Src/stm32l4xx_hal_pcd_ex.o
 .debug_line    0x000000000000818f      0xb56 Drivers/STM32L4xx_HAL_Driver/Src/stm32l4xx_hal_pwr_ex.o
 .debug_line    0x0000000000008ce5      0xa9a Drivers/STM32L4xx_HAL_Driver/Src/stm32l4xx_hal_rcc.o
 .debug_line    0x000000000000977f      0xec5 Drivers/STM32L4xx_HAL_Driver/Src/stm32l4xx_hal_rcc_ex.o
 .debug_line    0x000000000000a644     0x11ce Drivers/STM32L4xx_HAL_Driver/Src/stm32l4xx_hal_spi.o
 .debug_line    0x000000000000b812     0x1cb9 Drivers/STM32L4xx_HAL_Driver/Src/stm32l4xx_hal_uart.o
 .debug_line    0x000000000000d4cb      0x9c3 Drivers/STM32L4xx_HAL_Driver/Src/stm32l4xx_hal_uart_ex.o
 .debug_line    0x000000000000de8e      0xe25 Drivers/STM32L4xx_HAL_Driver/Src/stm32l4xx_ll_usb.o

.debug_str      0x0000000000000000    0xfe235
 .debug_str     0x0000000000000000    0xf95cf Core/Src/dma.o
                                      0xf993d (size before relaxing)
 .debug_str     0x00000000000f95cf       0xb3 Core/Src/gpio.o
                                      0xf94c5 (size before relaxing)
 .debug_str     0x00000000000f9682      0xdc3 Core/Src/main.o
                                      0xfa1e0 (size before relaxing)
 .debug_str     0x00000000000fa445       0x65 Core/Src/spi.o
                                      0xf99a6 (size before relaxing)
 .debug_str     0x00000000000fa4aa       0x2c Core/Src/stm32l4xx_hal_msp.o
                                      0xf942a (size before relaxing)
 .debug_str     0x00000000000fa4d6       0xd6 Core/Src/stm32l4xx_it.o
                                      0xf9627 (size before relaxing)
 .debug_str     0x00000000000fa5ac       0xcd Core/Src/system_stm32l4xx.o
                                      0xf908a (size before relaxing)
 .debug_str     0x00000000000fa679       0x6c Core/Src/usart.o
                                      0xf99e8 (size before relaxing)
 .debug_str     0x00000000000fa6e5       0x59 Core/Src/usb_otg.o
                                      0xf98bd (size before relaxing)
 .debug_str     0x00000000000fa73e       0x36 Core/Startup/startup_stm32l4r5zitx.o
                                         0x66 (size before relaxing)
 .debug_str     0x00000000000fa774      0x5b9 Drivers/STM32L4xx_HAL_Driver/Src/stm32l4xx_hal.o
                                      0xf9b9e (size before relaxing)
 .debug_str     0x00000000000fad2d      0x392 Drivers/STM32L4xx_HAL_Driver/Src/stm32l4xx_hal_cortex.o
                                      0xf9907 (size before relaxing)
 .debug_str     0x00000000000fb0bf      0x2ae Drivers/STM32L4xx_HAL_Driver/Src/stm32l4xx_hal_dma.o
                                      0xf9412 (size before relaxing)
 .debug_str     0x00000000000fb36d      0x236 Drivers/STM32L4xx_HAL_Driver/Src/stm32l4xx_hal_gpio.o
                                      0xf930a (size before relaxing)
 .debug_str     0x00000000000fb5a3      0x536 Drivers/STM32L4xx_HAL_Driver/Src/stm32l4xx_hal_pcd.o
                                      0xf97e1 (size before relaxing)
 .debug_str     0x00000000000fbad9      0x1b9 Drivers/STM32L4xx_HAL_Driver/Src/stm32l4xx_hal_pcd_ex.o
                                      0xf9459 (size before relaxing)
 .debug_str     0x00000000000fbc92      0x559 Drivers/STM32L4xx_HAL_Driver/Src/stm32l4xx_hal_pwr_ex.o
                                      0xf963d (size before relaxing)
 .debug_str     0x00000000000fc1eb      0x3db Drivers/STM32L4xx_HAL_Driver/Src/stm32l4xx_hal_rcc.o
                                      0xf9679 (size before relaxing)
 .debug_str     0x00000000000fc5c6      0x581 Drivers/STM32L4xx_HAL_Driver/Src/stm32l4xx_hal_rcc_ex.o
                                      0xf9a27 (size before relaxing)
 .debug_str     0x00000000000fcb47      0x566 Drivers/STM32L4xx_HAL_Driver/Src/stm32l4xx_hal_spi.o
                                      0xf990a (size before relaxing)
 .debug_str     0x00000000000fd0ad      0x885 Drivers/STM32L4xx_HAL_Driver/Src/stm32l4xx_hal_uart.o
                                      0xf9dda (size before relaxing)
 .debug_str     0x00000000000fd932      0x28d Drivers/STM32L4xx_HAL_Driver/Src/stm32l4xx_hal_uart_ex.o
                                      0xf9672 (size before relaxing)
 .debug_str     0x00000000000fdbbf      0x676 Drivers/STM32L4xx_HAL_Driver/Src/stm32l4xx_ll_usb.o
                                      0xf9948 (size before relaxing)

.comment        0x0000000000000000       0x7b
 .comment       0x0000000000000000       0x7b Core/Src/dma.o
                                         0x7c (size before relaxing)
 .comment       0x000000000000007b       0x7c Core/Src/gpio.o
 .comment       0x000000000000007b       0x7c Core/Src/main.o
 .comment       0x000000000000007b       0x7c Core/Src/spi.o
 .comment       0x000000000000007b       0x7c Core/Src/stm32l4xx_hal_msp.o
 .comment       0x000000000000007b       0x7c Core/Src/stm32l4xx_it.o
 .comment       0x000000000000007b       0x7c Core/Src/system_stm32l4xx.o
 .comment       0x000000000000007b       0x7c Core/Src/usart.o
 .comment       0x000000000000007b       0x7c Core/Src/usb_otg.o
 .comment       0x000000000000007b       0x7c Drivers/STM32L4xx_HAL_Driver/Src/stm32l4xx_hal.o
 .comment       0x000000000000007b       0x7c Drivers/STM32L4xx_HAL_Driver/Src/stm32l4xx_hal_cortex.o
 .comment       0x000000000000007b       0x7c Drivers/STM32L4xx_HAL_Driver/Src/stm32l4xx_hal_dma.o
 .comment       0x000000000000007b       0x7c Drivers/STM32L4xx_HAL_Driver/Src/stm32l4xx_hal_gpio.o
 .comment       0x000000000000007b       0x7c Drivers/STM32L4xx_HAL_Driver/Src/stm32l4xx_hal_pcd.o
 .comment       0x000000000000007b       0x7c Drivers/STM32L4xx_HAL_Driver/Src/stm32l4xx_hal_pcd_ex.o
 .comment       0x000000000000007b       0x7c Drivers/STM32L4xx_HAL_Driver/Src/stm32l4xx_hal_pwr_ex.o
 .comment       0x000000000000007b       0x7c Drivers/STM32L4xx_HAL_Driver/Src/stm32l4xx_hal_rcc.o
 .comment       0x000000000000007b       0x7c Drivers/STM32L4xx_HAL_Driver/Src/stm32l4xx_hal_rcc_ex.o
 .comment       0x000000000000007b       0x7c Drivers/STM32L4xx_HAL_Driver/Src/stm32l4xx_hal_spi.o
 .comment       0x000000000000007b       0x7c Drivers/STM32L4xx_HAL_Driver/Src/stm32l4xx_hal_uart.o
 .comment       0x000000000000007b       0x7c Drivers/STM32L4xx_HAL_Driver/Src/stm32l4xx_hal_uart_ex.o
 .comment       0x000000000000007b       0x7c Drivers/STM32L4xx_HAL_Driver/Src/stm32l4xx_ll_usb.o

.debug_frame    0x0000000000000000     0x402c
 .debug_frame   0x0000000000000000       0x34 Core/Src/dma.o
 .debug_frame   0x0000000000000034       0x38 Core/Src/gpio.o
 .debug_frame   0x000000000000006c       0x9c Core/Src/main.o
 .debug_frame   0x0000000000000108       0x90 Core/Src/spi.o
 .debug_frame   0x0000000000000198       0x38 Core/Src/stm32l4xx_hal_msp.o
 .debug_frame   0x00000000000001d0      0x128 Core/Src/stm32l4xx_it.o
 .debug_frame   0x00000000000002f8       0x58 Core/Src/system_stm32l4xx.o
 .debug_frame   0x0000000000000350       0x90 Core/Src/usart.o
 .debug_frame   0x00000000000003e0       0x74 Core/Src/usb_otg.o
 .debug_frame   0x0000000000000454      0x498 Drivers/STM32L4xx_HAL_Driver/Src/stm32l4xx_hal.o
 .debug_frame   0x00000000000008ec      0x498 Drivers/STM32L4xx_HAL_Driver/Src/stm32l4xx_hal_cortex.o
 .debug_frame   0x0000000000000d84      0x24c Drivers/STM32L4xx_HAL_Driver/Src/stm32l4xx_hal_dma.o
 .debug_frame   0x0000000000000fd0      0x14c Drivers/STM32L4xx_HAL_Driver/Src/stm32l4xx_hal_gpio.o
 .debug_frame   0x000000000000111c      0x544 Drivers/STM32L4xx_HAL_Driver/Src/stm32l4xx_hal_pcd.o
 .debug_frame   0x0000000000001660      0x174 Drivers/STM32L4xx_HAL_Driver/Src/stm32l4xx_hal_pcd_ex.o
 .debug_frame   0x00000000000017d4      0x5a4 Drivers/STM32L4xx_HAL_Driver/Src/stm32l4xx_hal_pwr_ex.o
 .debug_frame   0x0000000000001d78      0x220 Drivers/STM32L4xx_HAL_Driver/Src/stm32l4xx_hal_rcc.o
 .debug_frame   0x0000000000001f98      0x43c Drivers/STM32L4xx_HAL_Driver/Src/stm32l4xx_hal_rcc_ex.o
 .debug_frame   0x00000000000023d4      0x860 Drivers/STM32L4xx_HAL_Driver/Src/stm32l4xx_hal_spi.o
 .debug_frame   0x0000000000002c34      0x994 Drivers/STM32L4xx_HAL_Driver/Src/stm32l4xx_hal_uart.o
 .debug_frame   0x00000000000035c8      0x22c Drivers/STM32L4xx_HAL_Driver/Src/stm32l4xx_hal_uart_ex.o
 .debug_frame   0x00000000000037f4      0x78c Drivers/STM32L4xx_HAL_Driver/Src/stm32l4xx_ll_usb.o
 .debug_frame   0x0000000000003f80       0x2c c:/st/stm32cubeide_1.1.0/stm32cubeide/plugins/com.st.stm32cube.ide.mcu.externaltools.gnu-tools-for-stm32.7-2018-q2-update.win32_1.0.0.201904181610/tools/bin/../lib/gcc/arm-none-eabi/7.3.1/../../../../arm-none-eabi/lib/thumb/v7e-m/fpv4-sp/hard\libc_nano.a(lib_a-init.o)
 .debug_frame   0x0000000000003fac       0x20 c:/st/stm32cubeide_1.1.0/stm32cubeide/plugins/com.st.stm32cube.ide.mcu.externaltools.gnu-tools-for-stm32.7-2018-q2-update.win32_1.0.0.201904181610/tools/bin/../lib/gcc/arm-none-eabi/7.3.1/../../../../arm-none-eabi/lib/thumb/v7e-m/fpv4-sp/hard\libc_nano.a(lib_a-memset.o)
 .debug_frame   0x0000000000003fcc       0x2c c:/st/stm32cubeide_1.1.0/stm32cubeide/plugins/com.st.stm32cube.ide.mcu.externaltools.gnu-tools-for-stm32.7-2018-q2-update.win32_1.0.0.201904181610/tools/bin/../lib/gcc/arm-none-eabi/7.3.1/thumb/v7e-m/fpv4-sp/hard\libgcc.a(_aeabi_uldivmod.o)
 .debug_frame   0x0000000000003ff8       0x34 c:/st/stm32cubeide_1.1.0/stm32cubeide/plugins/com.st.stm32cube.ide.mcu.externaltools.gnu-tools-for-stm32.7-2018-q2-update.win32_1.0.0.201904181610/tools/bin/../lib/gcc/arm-none-eabi/7.3.1/thumb/v7e-m/fpv4-sp/hard\libgcc.a(_udivmoddi4.o)
