<html>
<body>
<pre>
<h1>礦ision Build Log</h1>
<h2>Project:</h2>
E:\saber\Project\170 元太9.7e-paper\open429I程序\Open429I-C-Demo-9.7\Project\9.7-SPI\MDK-ARM\Project.uvproj
Project File Date:  06/05/2018

<h2>Output:</h2>
Build target 'STM32F429_439xx'
compiling ITE8951.c...
..\ITE8951.c(383): warning:  #767-D: conversion from pointer to smaller integer
                SPI_Send_byte((TWord)pwBuf+i);  
..\ITE8951.c(397): warning:  #550-D: variable "wDummy" was set but never used
        TWord wDummy;
..\ITE8951.c(448): warning:  #940-D: missing return statement at end of non-void function "LCDReadNData"
  }
..\ITE8951.c(424): warning:  #177-D: variable "wRData" was declared but never referenced
        TWord wRData; 
..\ITE8951.c(425): warning:  #550-D: variable "wDummy" was set but never used
        TWord wDummy;
..\ITE8951.c(608): warning:  #177-D: variable "i" was declared but never referenced
      TDWord i;
..\ITE8951.c(686): warning:  #177-D: variable "i" was declared but never referenced
        TWord i;
..\ITE8951.c: 7 warnings, 0 errors
linking...
Program Size: Code=6092 RO-data=990600 RW-data=96 ZI-data=1064  
".\STM32F429_439xx\STM32F429_439xx.axf" - 0 Error(s), 7 Warning(s).
Load "E:\\saber\\Project\\170 元太9.7e-paper\\open429I程序\\Open429I-C-Demo-9.7\\Project\\9.7-SPI\\MDK-ARM\\STM32F429_439xx\\STM32F429_439xx.axf" 
Erase Done.
Programming Done.
Verify OK.
Application running ...
</pre>
</body>
</html>
- 0 Error(s), 9 Warning(s).
Load "E:\\saber\\Project\\170 元太9.7e-paper\\open429I程序\\Open429I-C-Demo-9.7\\Project\\9.7-SPI\\MDK-ARM\\STM32F429_439xx\\STM32F429_439xx.axf" 
Erase Done.
Programming Done.
Verify OK.
Application running ...
