<?xml version="1.0" encoding="ISO-8859-1" ?>
<link_info>
   <banner>MSP430 Linker PC v18.12.2.LTS</banner>
   <copyright>Copyright (c) 2003-2018 Texas Instruments Incorporated</copyright>
   <link_time>0x5d9f3757</link_time>
   <link_errors>0x0</link_errors>
   <output_file>MSP430_screen_test.out</output_file>
   <entry_point>
      <name>_c_int00_noargs_mpu</name>
      <address>0x4800</address>
   </entry_point>
   <input_file_list>
      <input_file id="fl-2">
         <path>.\</path>
         <kind>object</kind>
         <file>main.obj</file>
         <name>main.obj</name>
      </input_file>
      <input_file id="fl-3">
         <path>.\EPD\Config\</path>
         <kind>object</kind>
         <file>DEV_Config.obj</file>
         <name>DEV_Config.obj</name>
      </input_file>
      <input_file id="fl-4">
         <path>.\EPD\</path>
         <kind>object</kind>
         <file>EPD_7in5.obj</file>
         <name>EPD_7in5.obj</name>
      </input_file>
      <input_file id="fl-5">
         <path>.\EPD\</path>
         <kind>object</kind>
         <file>EPD_7in5_test.obj</file>
         <name>EPD_7in5_test.obj</name>
      </input_file>
      <input_file id="fl-6">
         <path>.\EPD\</path>
         <kind>object</kind>
         <file>ImageData.obj</file>
         <name>ImageData.obj</name>
      </input_file>
      <input_file id="fl-7">
         <path>.\EPD\Fonts\</path>
         <kind>object</kind>
         <file>font12.obj</file>
         <name>font12.obj</name>
      </input_file>
      <input_file id="fl-8">
         <path>.\EPD\Fonts\</path>
         <kind>object</kind>
         <file>font12CN.obj</file>
         <name>font12CN.obj</name>
      </input_file>
      <input_file id="fl-9">
         <path>.\EPD\Fonts\</path>
         <kind>object</kind>
         <file>font16.obj</file>
         <name>font16.obj</name>
      </input_file>
      <input_file id="fl-a">
         <path>.\EPD\Fonts\</path>
         <kind>object</kind>
         <file>font20.obj</file>
         <name>font20.obj</name>
      </input_file>
      <input_file id="fl-b">
         <path>.\EPD\Fonts\</path>
         <kind>object</kind>
         <file>font24.obj</file>
         <name>font24.obj</name>
      </input_file>
      <input_file id="fl-c">
         <path>.\EPD\Fonts\</path>
         <kind>object</kind>
         <file>font24CN.obj</file>
         <name>font24CN.obj</name>
      </input_file>
      <input_file id="fl-d">
         <path>.\EPD\Fonts\</path>
         <kind>object</kind>
         <file>font8.obj</file>
         <name>font8.obj</name>
      </input_file>
      <input_file id="fl-e">
         <path>.\EPD\GUI\</path>
         <kind>object</kind>
         <file>GUI_Paint.obj</file>
         <name>GUI_Paint.obj</name>
      </input_file>
      <input_file id="fl-f">
         <path>.\driverlib\MSP430FR5xx_6xx\</path>
         <kind>object</kind>
         <file>adc12_b.obj</file>
         <name>adc12_b.obj</name>
      </input_file>
      <input_file id="fl-10">
         <path>.\driverlib\MSP430FR5xx_6xx\</path>
         <kind>object</kind>
         <file>aes256.obj</file>
         <name>aes256.obj</name>
      </input_file>
      <input_file id="fl-11">
         <path>.\driverlib\MSP430FR5xx_6xx\</path>
         <kind>object</kind>
         <file>comp_e.obj</file>
         <name>comp_e.obj</name>
      </input_file>
      <input_file id="fl-12">
         <path>.\driverlib\MSP430FR5xx_6xx\</path>
         <kind>object</kind>
         <file>crc.obj</file>
         <name>crc.obj</name>
      </input_file>
      <input_file id="fl-13">
         <path>.\driverlib\MSP430FR5xx_6xx\</path>
         <kind>object</kind>
         <file>crc32.obj</file>
         <name>crc32.obj</name>
      </input_file>
      <input_file id="fl-14">
         <path>.\driverlib\MSP430FR5xx_6xx\</path>
         <kind>object</kind>
         <file>cs.obj</file>
         <name>cs.obj</name>
      </input_file>
      <input_file id="fl-15">
         <path>.\driverlib\MSP430FR5xx_6xx\</path>
         <kind>object</kind>
         <file>dma.obj</file>
         <name>dma.obj</name>
      </input_file>
      <input_file id="fl-16">
         <path>.\driverlib\MSP430FR5xx_6xx\</path>
         <kind>object</kind>
         <file>esi.obj</file>
         <name>esi.obj</name>
      </input_file>
      <input_file id="fl-17">
         <path>.\driverlib\MSP430FR5xx_6xx\</path>
         <kind>object</kind>
         <file>eusci_a_spi.obj</file>
         <name>eusci_a_spi.obj</name>
      </input_file>
      <input_file id="fl-18">
         <path>.\driverlib\MSP430FR5xx_6xx\</path>
         <kind>object</kind>
         <file>eusci_a_uart.obj</file>
         <name>eusci_a_uart.obj</name>
      </input_file>
      <input_file id="fl-19">
         <path>.\driverlib\MSP430FR5xx_6xx\</path>
         <kind>object</kind>
         <file>eusci_b_i2c.obj</file>
         <name>eusci_b_i2c.obj</name>
      </input_file>
      <input_file id="fl-1a">
         <path>.\driverlib\MSP430FR5xx_6xx\</path>
         <kind>object</kind>
         <file>eusci_b_spi.obj</file>
         <name>eusci_b_spi.obj</name>
      </input_file>
      <input_file id="fl-1b">
         <path>.\driverlib\MSP430FR5xx_6xx\</path>
         <kind>object</kind>
         <file>framctl.obj</file>
         <name>framctl.obj</name>
      </input_file>
      <input_file id="fl-1c">
         <path>.\driverlib\MSP430FR5xx_6xx\</path>
         <kind>object</kind>
         <file>framctl_a.obj</file>
         <name>framctl_a.obj</name>
      </input_file>
      <input_file id="fl-1d">
         <path>.\driverlib\MSP430FR5xx_6xx\</path>
         <kind>object</kind>
         <file>gpio.obj</file>
         <name>gpio.obj</name>
      </input_file>
      <input_file id="fl-1e">
         <path>.\driverlib\MSP430FR5xx_6xx\</path>
         <kind>object</kind>
         <file>hspll.obj</file>
         <name>hspll.obj</name>
      </input_file>
      <input_file id="fl-1f">
         <path>.\driverlib\MSP430FR5xx_6xx\</path>
         <kind>object</kind>
         <file>lcd_c.obj</file>
         <name>lcd_c.obj</name>
      </input_file>
      <input_file id="fl-20">
         <path>.\driverlib\MSP430FR5xx_6xx\</path>
         <kind>object</kind>
         <file>mpu.obj</file>
         <name>mpu.obj</name>
      </input_file>
      <input_file id="fl-21">
         <path>.\driverlib\MSP430FR5xx_6xx\</path>
         <kind>object</kind>
         <file>mpy32.obj</file>
         <name>mpy32.obj</name>
      </input_file>
      <input_file id="fl-22">
         <path>.\driverlib\MSP430FR5xx_6xx\</path>
         <kind>object</kind>
         <file>mtif.obj</file>
         <name>mtif.obj</name>
      </input_file>
      <input_file id="fl-23">
         <path>.\driverlib\MSP430FR5xx_6xx\</path>
         <kind>object</kind>
         <file>pmm.obj</file>
         <name>pmm.obj</name>
      </input_file>
      <input_file id="fl-24">
         <path>.\driverlib\MSP430FR5xx_6xx\</path>
         <kind>object</kind>
         <file>ram.obj</file>
         <name>ram.obj</name>
      </input_file>
      <input_file id="fl-25">
         <path>.\driverlib\MSP430FR5xx_6xx\</path>
         <kind>object</kind>
         <file>ref_a.obj</file>
         <name>ref_a.obj</name>
      </input_file>
      <input_file id="fl-26">
         <path>.\driverlib\MSP430FR5xx_6xx\</path>
         <kind>object</kind>
         <file>rtc_b.obj</file>
         <name>rtc_b.obj</name>
      </input_file>
      <input_file id="fl-27">
         <path>.\driverlib\MSP430FR5xx_6xx\</path>
         <kind>object</kind>
         <file>rtc_c.obj</file>
         <name>rtc_c.obj</name>
      </input_file>
      <input_file id="fl-28">
         <path>.\driverlib\MSP430FR5xx_6xx\</path>
         <kind>object</kind>
         <file>saph.obj</file>
         <name>saph.obj</name>
      </input_file>
      <input_file id="fl-29">
         <path>.\driverlib\MSP430FR5xx_6xx\</path>
         <kind>object</kind>
         <file>saph_a.obj</file>
         <name>saph_a.obj</name>
      </input_file>
      <input_file id="fl-2a">
         <path>.\driverlib\MSP430FR5xx_6xx\</path>
         <kind>object</kind>
         <file>sdhs.obj</file>
         <name>sdhs.obj</name>
      </input_file>
      <input_file id="fl-2b">
         <path>.\driverlib\MSP430FR5xx_6xx\</path>
         <kind>object</kind>
         <file>sfr.obj</file>
         <name>sfr.obj</name>
      </input_file>
      <input_file id="fl-2c">
         <path>.\driverlib\MSP430FR5xx_6xx\</path>
         <kind>object</kind>
         <file>sysctl.obj</file>
         <name>sysctl.obj</name>
      </input_file>
      <input_file id="fl-2d">
         <path>.\driverlib\MSP430FR5xx_6xx\</path>
         <kind>object</kind>
         <file>timer_a.obj</file>
         <name>timer_a.obj</name>
      </input_file>
      <input_file id="fl-2e">
         <path>.\driverlib\MSP430FR5xx_6xx\</path>
         <kind>object</kind>
         <file>timer_b.obj</file>
         <name>timer_b.obj</name>
      </input_file>
      <input_file id="fl-2f">
         <path>.\driverlib\MSP430FR5xx_6xx\</path>
         <kind>object</kind>
         <file>tlv.obj</file>
         <name>tlv.obj</name>
      </input_file>
      <input_file id="fl-30">
         <path>.\driverlib\MSP430FR5xx_6xx\</path>
         <kind>object</kind>
         <file>uups.obj</file>
         <name>uups.obj</name>
      </input_file>
      <input_file id="fl-31">
         <path>.\driverlib\MSP430FR5xx_6xx\</path>
         <kind>object</kind>
         <file>wdt_a.obj</file>
         <name>wdt_a.obj</name>
      </input_file>
      <input_file id="fl-38">
         <kind>object</kind>
         <file>&lt;internal&gt;</file>
         <name>&lt;internal&gt;</name>
      </input_file>
      <input_file id="fl-58">
         <path>C:\ti\ccs910\ccs\tools\compiler\ti-cgt-msp430_18.12.2.LTS\lib\</path>
         <kind>archive</kind>
         <file>rts430x_lc_rd_eabi.lib</file>
         <name>copy_decompress_lzss.c.obj</name>
      </input_file>
      <input_file id="fl-59">
         <path>C:\ti\ccs910\ccs\tools\compiler\ti-cgt-msp430_18.12.2.LTS\lib\</path>
         <kind>archive</kind>
         <file>rts430x_lc_rd_eabi.lib</file>
         <name>copy_decompress_none.c.obj</name>
      </input_file>
      <input_file id="fl-5a">
         <path>C:\ti\ccs910\ccs\tools\compiler\ti-cgt-msp430_18.12.2.LTS\lib\</path>
         <kind>archive</kind>
         <file>rts430x_lc_rd_eabi.lib</file>
         <name>int27.asm.obj</name>
      </input_file>
      <input_file id="fl-5b">
         <path>C:\ti\ccs910\ccs\tools\compiler\ti-cgt-msp430_18.12.2.LTS\lib\</path>
         <kind>archive</kind>
         <file>rts430x_lc_rd_eabi.lib</file>
         <name>isr_trap.asm.obj</name>
      </input_file>
      <input_file id="fl-5c">
         <path>C:\ti\ccs910\ccs\tools\compiler\ti-cgt-msp430_18.12.2.LTS\lib\</path>
         <kind>archive</kind>
         <file>rts430x_lc_rd_eabi.lib</file>
         <name>int28.asm.obj</name>
      </input_file>
      <input_file id="fl-5d">
         <path>C:\ti\ccs910\ccs\tools\compiler\ti-cgt-msp430_18.12.2.LTS\lib\</path>
         <kind>archive</kind>
         <file>rts430x_lc_rd_eabi.lib</file>
         <name>int29.asm.obj</name>
      </input_file>
      <input_file id="fl-5e">
         <path>C:\ti\ccs910\ccs\tools\compiler\ti-cgt-msp430_18.12.2.LTS\lib\</path>
         <kind>archive</kind>
         <file>rts430x_lc_rd_eabi.lib</file>
         <name>int30.asm.obj</name>
      </input_file>
      <input_file id="fl-5f">
         <path>C:\ti\ccs910\ccs\tools\compiler\ti-cgt-msp430_18.12.2.LTS\lib\</path>
         <kind>archive</kind>
         <file>rts430x_lc_rd_eabi.lib</file>
         <name>int31.asm.obj</name>
      </input_file>
      <input_file id="fl-60">
         <path>C:\ti\ccs910\ccs\tools\compiler\ti-cgt-msp430_18.12.2.LTS\lib\</path>
         <kind>archive</kind>
         <file>rts430x_lc_rd_eabi.lib</file>
         <name>int32.asm.obj</name>
      </input_file>
      <input_file id="fl-61">
         <path>C:\ti\ccs910\ccs\tools\compiler\ti-cgt-msp430_18.12.2.LTS\lib\</path>
         <kind>archive</kind>
         <file>rts430x_lc_rd_eabi.lib</file>
         <name>int33.asm.obj</name>
      </input_file>
      <input_file id="fl-62">
         <path>C:\ti\ccs910\ccs\tools\compiler\ti-cgt-msp430_18.12.2.LTS\lib\</path>
         <kind>archive</kind>
         <file>rts430x_lc_rd_eabi.lib</file>
         <name>int34.asm.obj</name>
      </input_file>
      <input_file id="fl-63">
         <path>C:\ti\ccs910\ccs\tools\compiler\ti-cgt-msp430_18.12.2.LTS\lib\</path>
         <kind>archive</kind>
         <file>rts430x_lc_rd_eabi.lib</file>
         <name>int35.asm.obj</name>
      </input_file>
      <input_file id="fl-64">
         <path>C:\ti\ccs910\ccs\tools\compiler\ti-cgt-msp430_18.12.2.LTS\lib\</path>
         <kind>archive</kind>
         <file>rts430x_lc_rd_eabi.lib</file>
         <name>int36.asm.obj</name>
      </input_file>
      <input_file id="fl-65">
         <path>C:\ti\ccs910\ccs\tools\compiler\ti-cgt-msp430_18.12.2.LTS\lib\</path>
         <kind>archive</kind>
         <file>rts430x_lc_rd_eabi.lib</file>
         <name>int37.asm.obj</name>
      </input_file>
      <input_file id="fl-66">
         <path>C:\ti\ccs910\ccs\tools\compiler\ti-cgt-msp430_18.12.2.LTS\lib\</path>
         <kind>archive</kind>
         <file>rts430x_lc_rd_eabi.lib</file>
         <name>int38.asm.obj</name>
      </input_file>
      <input_file id="fl-67">
         <path>C:\ti\ccs910\ccs\tools\compiler\ti-cgt-msp430_18.12.2.LTS\lib\</path>
         <kind>archive</kind>
         <file>rts430x_lc_rd_eabi.lib</file>
         <name>int39.asm.obj</name>
      </input_file>
      <input_file id="fl-68">
         <path>C:\ti\ccs910\ccs\tools\compiler\ti-cgt-msp430_18.12.2.LTS\lib\</path>
         <kind>archive</kind>
         <file>rts430x_lc_rd_eabi.lib</file>
         <name>int40.asm.obj</name>
      </input_file>
      <input_file id="fl-69">
         <path>C:\ti\ccs910\ccs\tools\compiler\ti-cgt-msp430_18.12.2.LTS\lib\</path>
         <kind>archive</kind>
         <file>rts430x_lc_rd_eabi.lib</file>
         <name>int41.asm.obj</name>
      </input_file>
      <input_file id="fl-6a">
         <path>C:\ti\ccs910\ccs\tools\compiler\ti-cgt-msp430_18.12.2.LTS\lib\</path>
         <kind>archive</kind>
         <file>rts430x_lc_rd_eabi.lib</file>
         <name>int42.asm.obj</name>
      </input_file>
      <input_file id="fl-6b">
         <path>C:\ti\ccs910\ccs\tools\compiler\ti-cgt-msp430_18.12.2.LTS\lib\</path>
         <kind>archive</kind>
         <file>rts430x_lc_rd_eabi.lib</file>
         <name>int43.asm.obj</name>
      </input_file>
      <input_file id="fl-6c">
         <path>C:\ti\ccs910\ccs\tools\compiler\ti-cgt-msp430_18.12.2.LTS\lib\</path>
         <kind>archive</kind>
         <file>rts430x_lc_rd_eabi.lib</file>
         <name>int44.asm.obj</name>
      </input_file>
      <input_file id="fl-6d">
         <path>C:\ti\ccs910\ccs\tools\compiler\ti-cgt-msp430_18.12.2.LTS\lib\</path>
         <kind>archive</kind>
         <file>rts430x_lc_rd_eabi.lib</file>
         <name>int45.asm.obj</name>
      </input_file>
      <input_file id="fl-6e">
         <path>C:\ti\ccs910\ccs\tools\compiler\ti-cgt-msp430_18.12.2.LTS\lib\</path>
         <kind>archive</kind>
         <file>rts430x_lc_rd_eabi.lib</file>
         <name>int46.asm.obj</name>
      </input_file>
      <input_file id="fl-6f">
         <path>C:\ti\ccs910\ccs\tools\compiler\ti-cgt-msp430_18.12.2.LTS\lib\</path>
         <kind>archive</kind>
         <file>rts430x_lc_rd_eabi.lib</file>
         <name>int47.asm.obj</name>
      </input_file>
      <input_file id="fl-70">
         <path>C:\ti\ccs910\ccs\tools\compiler\ti-cgt-msp430_18.12.2.LTS\lib\</path>
         <kind>archive</kind>
         <file>rts430x_lc_rd_eabi.lib</file>
         <name>int48.asm.obj</name>
      </input_file>
      <input_file id="fl-71">
         <path>C:\ti\ccs910\ccs\tools\compiler\ti-cgt-msp430_18.12.2.LTS\lib\</path>
         <kind>archive</kind>
         <file>rts430x_lc_rd_eabi.lib</file>
         <name>int49.asm.obj</name>
      </input_file>
      <input_file id="fl-72">
         <path>C:\ti\ccs910\ccs\tools\compiler\ti-cgt-msp430_18.12.2.LTS\lib\</path>
         <kind>archive</kind>
         <file>rts430x_lc_rd_eabi.lib</file>
         <name>int50.asm.obj</name>
      </input_file>
      <input_file id="fl-73">
         <path>C:\ti\ccs910\ccs\tools\compiler\ti-cgt-msp430_18.12.2.LTS\lib\</path>
         <kind>archive</kind>
         <file>rts430x_lc_rd_eabi.lib</file>
         <name>int51.asm.obj</name>
      </input_file>
      <input_file id="fl-74">
         <path>C:\ti\ccs910\ccs\tools\compiler\ti-cgt-msp430_18.12.2.LTS\lib\</path>
         <kind>archive</kind>
         <file>rts430x_lc_rd_eabi.lib</file>
         <name>int52.asm.obj</name>
      </input_file>
      <input_file id="fl-75">
         <path>C:\ti\ccs910\ccs\tools\compiler\ti-cgt-msp430_18.12.2.LTS\lib\</path>
         <kind>archive</kind>
         <file>rts430x_lc_rd_eabi.lib</file>
         <name>int53.asm.obj</name>
      </input_file>
      <input_file id="fl-76">
         <path>C:\ti\ccs910\ccs\tools\compiler\ti-cgt-msp430_18.12.2.LTS\lib\</path>
         <kind>archive</kind>
         <file>rts430x_lc_rd_eabi.lib</file>
         <name>int54.asm.obj</name>
      </input_file>
      <input_file id="fl-77">
         <path>C:\ti\ccs910\ccs\tools\compiler\ti-cgt-msp430_18.12.2.LTS\lib\</path>
         <kind>archive</kind>
         <file>rts430x_lc_rd_eabi.lib</file>
         <name>copy_zero_init.c.obj</name>
      </input_file>
      <input_file id="fl-78">
         <path>C:\ti\ccs910\ccs\tools\compiler\ti-cgt-msp430_18.12.2.LTS\lib\</path>
         <kind>archive</kind>
         <file>rts430x_lc_rd_eabi.lib</file>
         <name>div16s.asm.obj</name>
      </input_file>
      <input_file id="fl-79">
         <path>C:\ti\ccs910\ccs\tools\compiler\ti-cgt-msp430_18.12.2.LTS\lib\</path>
         <kind>archive</kind>
         <file>rts430x_lc_rd_eabi.lib</file>
         <name>div32s.asm.obj</name>
      </input_file>
      <input_file id="fl-7a">
         <path>C:\ti\ccs910\ccs\tools\compiler\ti-cgt-msp430_18.12.2.LTS\lib\</path>
         <kind>archive</kind>
         <file>rts430x_lc_rd_eabi.lib</file>
         <name>div16u.asm.obj</name>
      </input_file>
      <input_file id="fl-7b">
         <path>C:\ti\ccs910\ccs\tools\compiler\ti-cgt-msp430_18.12.2.LTS\lib\</path>
         <kind>archive</kind>
         <file>rts430x_lc_rd_eabi.lib</file>
         <name>div32u.asm.obj</name>
      </input_file>
      <input_file id="fl-7c">
         <path>C:\ti\ccs910\ccs\tools\compiler\ti-cgt-msp430_18.12.2.LTS\lib\</path>
         <kind>archive</kind>
         <file>rts430x_lc_rd_eabi.lib</file>
         <name>mult16.asm.obj</name>
      </input_file>
      <input_file id="fl-7d">
         <path>C:\ti\ccs910\ccs\tools\compiler\ti-cgt-msp430_18.12.2.LTS\lib\</path>
         <kind>archive</kind>
         <file>rts430x_lc_rd_eabi.lib</file>
         <name>mult16_f5hw.asm.obj</name>
      </input_file>
      <input_file id="fl-7e">
         <path>C:\ti\ccs910\ccs\tools\compiler\ti-cgt-msp430_18.12.2.LTS\lib\</path>
         <kind>archive</kind>
         <file>rts430x_lc_rd_eabi.lib</file>
         <name>mult32.asm.obj</name>
      </input_file>
      <input_file id="fl-7f">
         <path>C:\ti\ccs910\ccs\tools\compiler\ti-cgt-msp430_18.12.2.LTS\lib\</path>
         <kind>archive</kind>
         <file>rts430x_lc_rd_eabi.lib</file>
         <name>mult32_f5hw.asm.obj</name>
      </input_file>
      <input_file id="fl-80">
         <path>C:\ti\ccs910\ccs\tools\compiler\ti-cgt-msp430_18.12.2.LTS\lib\</path>
         <kind>archive</kind>
         <file>rts430x_lc_rd_eabi.lib</file>
         <name>mult64_f5hw.asm.obj</name>
      </input_file>
      <input_file id="fl-81">
         <path>C:\ti\ccs910\ccs\tools\compiler\ti-cgt-msp430_18.12.2.LTS\lib\</path>
         <kind>archive</kind>
         <file>rts430x_lc_rd_eabi.lib</file>
         <name>mult1632_f5hw.asm.obj</name>
      </input_file>
      <input_file id="fl-82">
         <path>C:\ti\ccs910\ccs\tools\compiler\ti-cgt-msp430_18.12.2.LTS\lib\</path>
         <kind>archive</kind>
         <file>rts430x_lc_rd_eabi.lib</file>
         <name>mult3264_f5hw.asm.obj</name>
      </input_file>
      <input_file id="fl-83">
         <path>C:\ti\ccs910\ccs\tools\compiler\ti-cgt-msp430_18.12.2.LTS\lib\</path>
         <kind>archive</kind>
         <file>rts430x_lc_rd_eabi.lib</file>
         <name>lsl16.asm.obj</name>
      </input_file>
      <input_file id="fl-84">
         <path>C:\ti\ccs910\ccs\tools\compiler\ti-cgt-msp430_18.12.2.LTS\lib\</path>
         <kind>archive</kind>
         <file>rts430x_lc_rd_eabi.lib</file>
         <name>asr16.asm.obj</name>
      </input_file>
      <input_file id="fl-85">
         <path>C:\ti\ccs910\ccs\tools\compiler\ti-cgt-msp430_18.12.2.LTS\lib\</path>
         <kind>archive</kind>
         <file>rts430x_lc_rd_eabi.lib</file>
         <name>lsr16.asm.obj</name>
      </input_file>
      <input_file id="fl-86">
         <path>C:\ti\ccs910\ccs\tools\compiler\ti-cgt-msp430_18.12.2.LTS\lib\</path>
         <kind>archive</kind>
         <file>rts430x_lc_rd_eabi.lib</file>
         <name>lsr64.c.obj</name>
      </input_file>
      <input_file id="fl-87">
         <path>C:\ti\ccs910\ccs\tools\compiler\ti-cgt-msp430_18.12.2.LTS\lib\</path>
         <kind>archive</kind>
         <file>rts430x_lc_rd_eabi.lib</file>
         <name>boot.c.obj</name>
      </input_file>
      <input_file id="fl-88">
         <path>C:\ti\ccs910\ccs\ccs_base\msp430\lib\FR59xx\</path>
         <kind>archive</kind>
         <file>MSPMPU_INIT_LIB_CCS_msp430_large_code_restricted_data.lib</file>
         <name>mpu_init.o</name>
      </input_file>
      <input_file id="fl-89">
         <path>C:\ti\ccs910\ccs\tools\compiler\ti-cgt-msp430_18.12.2.LTS\lib\</path>
         <kind>archive</kind>
         <file>rts430x_lc_rd_eabi.lib</file>
         <name>args_main.c.obj</name>
      </input_file>
      <input_file id="fl-8a">
         <path>C:\ti\ccs910\ccs\tools\compiler\ti-cgt-msp430_18.12.2.LTS\lib\</path>
         <kind>archive</kind>
         <file>rts430x_lc_rd_eabi.lib</file>
         <name>autoinit.c.obj</name>
      </input_file>
      <input_file id="fl-8b">
         <path>C:\ti\ccs910\ccs\tools\compiler\ti-cgt-msp430_18.12.2.LTS\lib\</path>
         <kind>archive</kind>
         <file>rts430x_lc_rd_eabi.lib</file>
         <name>startup.c.obj</name>
      </input_file>
      <input_file id="fl-8c">
         <path>C:\ti\ccs910\ccs\tools\compiler\ti-cgt-msp430_18.12.2.LTS\lib\</path>
         <kind>archive</kind>
         <file>rts430x_lc_rd_eabi.lib</file>
         <name>pre_init.c.obj</name>
      </input_file>
      <input_file id="fl-8d">
         <path>C:\ti\ccs910\ccs\tools\compiler\ti-cgt-msp430_18.12.2.LTS\lib\</path>
         <kind>archive</kind>
         <file>rts430x_lc_rd_eabi.lib</file>
         <name>cpy_tbl.c.obj</name>
      </input_file>
      <input_file id="fl-8e">
         <path>C:\ti\ccs910\ccs\tools\compiler\ti-cgt-msp430_18.12.2.LTS\lib\</path>
         <kind>archive</kind>
         <file>rts430x_lc_rd_eabi.lib</file>
         <name>exit.c.obj</name>
      </input_file>
      <input_file id="fl-8f">
         <path>C:\ti\ccs910\ccs\tools\compiler\ti-cgt-msp430_18.12.2.LTS\lib\</path>
         <kind>archive</kind>
         <file>rts430x_lc_rd_eabi.lib</file>
         <name>exit_gvars.c.obj</name>
      </input_file>
      <input_file id="fl-90">
         <path>C:\ti\ccs910\ccs\tools\compiler\ti-cgt-msp430_18.12.2.LTS\lib\</path>
         <kind>archive</kind>
         <file>rts430x_lc_rd_eabi.lib</file>
         <name>_lock.c.obj</name>
      </input_file>
      <input_file id="fl-91">
         <path>C:\ti\ccs910\ccs\tools\compiler\ti-cgt-msp430_18.12.2.LTS\lib\</path>
         <kind>archive</kind>
         <file>rts430x_lc_rd_eabi.lib</file>
         <name>memory.c.obj</name>
      </input_file>
      <input_file id="fl-92">
         <path>C:\ti\ccs910\ccs\tools\compiler\ti-cgt-msp430_18.12.2.LTS\lib\</path>
         <kind>archive</kind>
         <file>rts430x_lc_rd_eabi.lib</file>
         <name>memcpy.c.obj</name>
      </input_file>
      <input_file id="fl-93">
         <path>C:\ti\ccs910\ccs\tools\compiler\ti-cgt-msp430_18.12.2.LTS\lib\</path>
         <kind>archive</kind>
         <file>rts430x_lc_rd_eabi.lib</file>
         <name>memset.c.obj</name>
      </input_file>
      <input_file id="fl-94">
         <path>C:\ti\ccs910\ccs\tools\compiler\ti-cgt-msp430_18.12.2.LTS\lib\</path>
         <kind>archive</kind>
         <file>rts430x_lc_rd_eabi.lib</file>
         <name>printf.c.obj</name>
      </input_file>
      <input_file id="fl-95">
         <path>C:\ti\ccs910\ccs\tools\compiler\ti-cgt-msp430_18.12.2.LTS\lib\</path>
         <kind>archive</kind>
         <file>rts430x_lc_rd_eabi.lib</file>
         <name>_printfi_min.c.obj</name>
      </input_file>
      <input_file id="fl-96">
         <path>C:\ti\ccs910\ccs\tools\compiler\ti-cgt-msp430_18.12.2.LTS\lib\</path>
         <kind>archive</kind>
         <file>rts430x_lc_rd_eabi.lib</file>
         <name>defs.c.obj</name>
      </input_file>
      <input_file id="fl-97">
         <path>C:\ti\ccs910\ccs\tools\compiler\ti-cgt-msp430_18.12.2.LTS\lib\</path>
         <kind>archive</kind>
         <file>rts430x_lc_rd_eabi.lib</file>
         <name>fputc.c.obj</name>
      </input_file>
      <input_file id="fl-98">
         <path>C:\ti\ccs910\ccs\tools\compiler\ti-cgt-msp430_18.12.2.LTS\lib\</path>
         <kind>archive</kind>
         <file>rts430x_lc_rd_eabi.lib</file>
         <name>fflush.c.obj</name>
      </input_file>
      <input_file id="fl-99">
         <path>C:\ti\ccs910\ccs\tools\compiler\ti-cgt-msp430_18.12.2.LTS\lib\</path>
         <kind>archive</kind>
         <file>rts430x_lc_rd_eabi.lib</file>
         <name>_io_perm.c.obj</name>
      </input_file>
      <input_file id="fl-9a">
         <path>C:\ti\ccs910\ccs\tools\compiler\ti-cgt-msp430_18.12.2.LTS\lib\</path>
         <kind>archive</kind>
         <file>rts430x_lc_rd_eabi.lib</file>
         <name>fputs.c.obj</name>
      </input_file>
      <input_file id="fl-9b">
         <path>C:\ti\ccs910\ccs\tools\compiler\ti-cgt-msp430_18.12.2.LTS\lib\</path>
         <kind>archive</kind>
         <file>rts430x_lc_rd_eabi.lib</file>
         <name>fseek.c.obj</name>
      </input_file>
      <input_file id="fl-9c">
         <path>C:\ti\ccs910\ccs\tools\compiler\ti-cgt-msp430_18.12.2.LTS\lib\</path>
         <kind>archive</kind>
         <file>rts430x_lc_rd_eabi.lib</file>
         <name>lseek.c.obj</name>
      </input_file>
      <input_file id="fl-9d">
         <path>C:\ti\ccs910\ccs\tools\compiler\ti-cgt-msp430_18.12.2.LTS\lib\</path>
         <kind>archive</kind>
         <file>rts430x_lc_rd_eabi.lib</file>
         <name>host_device.c.obj</name>
      </input_file>
      <input_file id="fl-9e">
         <path>C:\ti\ccs910\ccs\tools\compiler\ti-cgt-msp430_18.12.2.LTS\lib\</path>
         <kind>archive</kind>
         <file>rts430x_lc_rd_eabi.lib</file>
         <name>hostclose.c.obj</name>
      </input_file>
      <input_file id="fl-9f">
         <path>C:\ti\ccs910\ccs\tools\compiler\ti-cgt-msp430_18.12.2.LTS\lib\</path>
         <kind>archive</kind>
         <file>rts430x_lc_rd_eabi.lib</file>
         <name>hostlseek.c.obj</name>
      </input_file>
      <input_file id="fl-a0">
         <path>C:\ti\ccs910\ccs\tools\compiler\ti-cgt-msp430_18.12.2.LTS\lib\</path>
         <kind>archive</kind>
         <file>rts430x_lc_rd_eabi.lib</file>
         <name>hostopen.c.obj</name>
      </input_file>
      <input_file id="fl-a1">
         <path>C:\ti\ccs910\ccs\tools\compiler\ti-cgt-msp430_18.12.2.LTS\lib\</path>
         <kind>archive</kind>
         <file>rts430x_lc_rd_eabi.lib</file>
         <name>hostread.c.obj</name>
      </input_file>
      <input_file id="fl-a2">
         <path>C:\ti\ccs910\ccs\tools\compiler\ti-cgt-msp430_18.12.2.LTS\lib\</path>
         <kind>archive</kind>
         <file>rts430x_lc_rd_eabi.lib</file>
         <name>hostrename.c.obj</name>
      </input_file>
      <input_file id="fl-a3">
         <path>C:\ti\ccs910\ccs\tools\compiler\ti-cgt-msp430_18.12.2.LTS\lib\</path>
         <kind>archive</kind>
         <file>rts430x_lc_rd_eabi.lib</file>
         <name>hostunlink.c.obj</name>
      </input_file>
      <input_file id="fl-a4">
         <path>C:\ti\ccs910\ccs\tools\compiler\ti-cgt-msp430_18.12.2.LTS\lib\</path>
         <kind>archive</kind>
         <file>rts430x_lc_rd_eabi.lib</file>
         <name>hostwrite.c.obj</name>
      </input_file>
      <input_file id="fl-a5">
         <path>C:\ti\ccs910\ccs\tools\compiler\ti-cgt-msp430_18.12.2.LTS\lib\</path>
         <kind>archive</kind>
         <file>rts430x_lc_rd_eabi.lib</file>
         <name>trgmsg.c.obj</name>
      </input_file>
      <input_file id="fl-a6">
         <path>C:\ti\ccs910\ccs\tools\compiler\ti-cgt-msp430_18.12.2.LTS\lib\</path>
         <kind>archive</kind>
         <file>rts430x_lc_rd_eabi.lib</file>
         <name>lsl32.asm.obj</name>
      </input_file>
      <input_file id="fl-a7">
         <path>C:\ti\ccs910\ccs\tools\compiler\ti-cgt-msp430_18.12.2.LTS\lib\</path>
         <kind>archive</kind>
         <file>rts430x_lc_rd_eabi.lib</file>
         <name>memccpy.c.obj</name>
      </input_file>
      <input_file id="fl-a8">
         <path>C:\ti\ccs910\ccs\tools\compiler\ti-cgt-msp430_18.12.2.LTS\lib\</path>
         <kind>archive</kind>
         <file>rts430x_lc_rd_eabi.lib</file>
         <name>memchr.c.obj</name>
      </input_file>
      <input_file id="fl-a9">
         <path>C:\ti\ccs910\ccs\tools\compiler\ti-cgt-msp430_18.12.2.LTS\lib\</path>
         <kind>archive</kind>
         <file>rts430x_lc_rd_eabi.lib</file>
         <name>setvbuf.c.obj</name>
      </input_file>
      <input_file id="fl-aa">
         <path>C:\ti\ccs910\ccs\tools\compiler\ti-cgt-msp430_18.12.2.LTS\lib\</path>
         <kind>archive</kind>
         <file>rts430x_lc_rd_eabi.lib</file>
         <name>fopen.c.obj</name>
      </input_file>
      <input_file id="fl-ab">
         <path>C:\ti\ccs910\ccs\tools\compiler\ti-cgt-msp430_18.12.2.LTS\lib\</path>
         <kind>archive</kind>
         <file>rts430x_lc_rd_eabi.lib</file>
         <name>fclose.c.obj</name>
      </input_file>
      <input_file id="fl-ac">
         <path>C:\ti\ccs910\ccs\tools\compiler\ti-cgt-msp430_18.12.2.LTS\lib\</path>
         <kind>archive</kind>
         <file>rts430x_lc_rd_eabi.lib</file>
         <name>close.c.obj</name>
      </input_file>
      <input_file id="fl-ad">
         <path>C:\ti\ccs910\ccs\tools\compiler\ti-cgt-msp430_18.12.2.LTS\lib\</path>
         <kind>archive</kind>
         <file>rts430x_lc_rd_eabi.lib</file>
         <name>open.c.obj</name>
      </input_file>
      <input_file id="fl-ae">
         <path>C:\ti\ccs910\ccs\tools\compiler\ti-cgt-msp430_18.12.2.LTS\lib\</path>
         <kind>archive</kind>
         <file>rts430x_lc_rd_eabi.lib</file>
         <name>getdevice.c.obj</name>
      </input_file>
      <input_file id="fl-af">
         <path>C:\ti\ccs910\ccs\tools\compiler\ti-cgt-msp430_18.12.2.LTS\lib\</path>
         <kind>archive</kind>
         <file>rts430x_lc_rd_eabi.lib</file>
         <name>remove.c.obj</name>
      </input_file>
      <input_file id="fl-b0">
         <path>C:\ti\ccs910\ccs\tools\compiler\ti-cgt-msp430_18.12.2.LTS\lib\</path>
         <kind>archive</kind>
         <file>rts430x_lc_rd_eabi.lib</file>
         <name>strchr.c.obj</name>
      </input_file>
      <input_file id="fl-b1">
         <path>C:\ti\ccs910\ccs\tools\compiler\ti-cgt-msp430_18.12.2.LTS\lib\</path>
         <kind>archive</kind>
         <file>rts430x_lc_rd_eabi.lib</file>
         <name>strcmp.c.obj</name>
      </input_file>
      <input_file id="fl-b2">
         <path>C:\ti\ccs910\ccs\tools\compiler\ti-cgt-msp430_18.12.2.LTS\lib\</path>
         <kind>archive</kind>
         <file>rts430x_lc_rd_eabi.lib</file>
         <name>strcpy.c.obj</name>
      </input_file>
      <input_file id="fl-b3">
         <path>C:\ti\ccs910\ccs\tools\compiler\ti-cgt-msp430_18.12.2.LTS\lib\</path>
         <kind>archive</kind>
         <file>rts430x_lc_rd_eabi.lib</file>
         <name>strlen.c.obj</name>
      </input_file>
      <input_file id="fl-b4">
         <path>C:\ti\ccs910\ccs\tools\compiler\ti-cgt-msp430_18.12.2.LTS\lib\</path>
         <kind>archive</kind>
         <file>rts430x_lc_rd_eabi.lib</file>
         <name>strncpy.c.obj</name>
      </input_file>
      <input_file id="fl-b5">
         <path>C:\ti\ccs910\ccs\tools\compiler\ti-cgt-msp430_18.12.2.LTS\lib\</path>
         <kind>archive</kind>
         <file>rts430x_lc_rd_eabi.lib</file>
         <name>unlink.c.obj</name>
      </input_file>
      <input_file id="fl-b6">
         <path>C:\ti\ccs910\ccs\tools\compiler\ti-cgt-msp430_18.12.2.LTS\lib\</path>
         <kind>archive</kind>
         <file>rts430x_lc_rd_eabi.lib</file>
         <name>write.c.obj</name>
      </input_file>
   </input_file_list>
   <object_component_list>
      <object_component id="oc-b2d">
         <name>.cio</name>
         <uninitialized>true</uninitialized>
         <run_address>0x4400</run_address>
         <size>0x120</size>
         <input_file_ref idref="fl-a5"/>
      </object_component>
      <object_component id="oc-611">
         <name>.sysmem</name>
         <uninitialized>true</uninitialized>
         <run_address>0x4520</run_address>
         <size>0x8</size>
         <input_file_ref idref="fl-91"/>
      </object_component>
      <object_component id="oc-bef">
         <name>.sysmem</name>
         <uninitialized>true</uninitialized>
         <run_address>0x4520</run_address>
         <size>0x0</size>
      </object_component>
      <object_component id="oc-bed">
         <name>.cinit..data.load</name>
         <load_address>0xec3a</load_address>
         <run_address>0xec3a</run_address>
         <size>0x7f</size>
      </object_component>
      <object_component id="oc-bea">
         <name>__TI_handler_table</name>
         <load_address>0xecba</load_address>
         <run_address>0xecba</run_address>
         <size>0xc</size>
      </object_component>
      <object_component id="oc-bec">
         <name>.cinit..bss.load</name>
         <load_address>0xecc6</load_address>
         <run_address>0xecc6</run_address>
         <size>0x6</size>
      </object_component>
      <object_component id="oc-beb">
         <name>__TI_cinit_table</name>
         <load_address>0xeccc</load_address>
         <run_address>0xeccc</run_address>
         <size>0x10</size>
      </object_component>
      <object_component id="oc-b7a">
         <name>.binit</name>
         <load_address>0x4400</load_address>
         <run_address>0x4400</run_address>
         <size>0x0</size>
      </object_component>
      <object_component id="oc-7ab">
         <name>.const:.string:gImage_7in5</name>
         <load_address>0x4828</load_address>
         <run_address>0x4828</run_address>
         <size>0x7800</size>
         <input_file_ref idref="fl-6"/>
      </object_component>
      <object_component id="oc-911">
         <name>.const:Font24CN_Table</name>
         <load_address>0xc028</load_address>
         <run_address>0xc028</run_address>
         <size>0x1182</size>
         <input_file_ref idref="fl-c"/>
      </object_component>
      <object_component id="oc-8ee">
         <name>.const:.string:Font16_Table</name>
         <load_address>0xd1aa</load_address>
         <run_address>0xd1aa</run_address>
         <size>0xbe0</size>
         <input_file_ref idref="fl-9"/>
      </object_component>
      <object_component id="oc-906">
         <name>.const:Font12CN_Table</name>
         <load_address>0xdd8a</load_address>
         <run_address>0xdd8a</run_address>
         <size>0x5d6</size>
         <input_file_ref idref="fl-8"/>
      </object_component>
      <object_component id="oc-8fa">
         <name>.const:.string:Font12_Table</name>
         <load_address>0xe360</load_address>
         <run_address>0xe360</run_address>
         <size>0x474</size>
         <input_file_ref idref="fl-7"/>
      </object_component>
      <object_component id="oc-8e4">
         <name>.const:.string</name>
         <load_address>0xe7d4</load_address>
         <run_address>0xe7d4</run_address>
         <size>0x2ae</size>
         <input_file_ref idref="fl-e"/>
      </object_component>
      <object_component id="oc-774">
         <name>.const:.string</name>
         <load_address>0xea82</load_address>
         <run_address>0xea82</run_address>
         <size>0x138</size>
         <input_file_ref idref="fl-5"/>
      </object_component>
      <object_component id="oc-9b3">
         <name>.const:.string</name>
         <load_address>0xebba</load_address>
         <run_address>0xebba</run_address>
         <size>0x34</size>
         <input_file_ref idref="fl-4"/>
      </object_component>
      <object_component id="oc-75b">
         <name>.const:GPIO_PORT_TO_BASE</name>
         <load_address>0xebee</load_address>
         <run_address>0xebee</run_address>
         <size>0x1c</size>
         <input_file_ref idref="fl-1d"/>
      </object_component>
      <object_component id="oc-a1a">
         <name>.const:.string</name>
         <load_address>0xec0a</load_address>
         <run_address>0xec0a</run_address>
         <size>0x14</size>
         <input_file_ref idref="fl-95"/>
      </object_component>
      <object_component id="oc-6e8">
         <name>.const:$P$T0$1</name>
         <load_address>0xec1e</load_address>
         <run_address>0xec1e</run_address>
         <size>0x12</size>
         <input_file_ref idref="fl-2"/>
      </object_component>
      <object_component id="oc-8a0">
         <name>.const:$P$T0$1</name>
         <load_address>0xec30</load_address>
         <run_address>0xec30</run_address>
         <size>0xa</size>
         <input_file_ref idref="fl-3"/>
      </object_component>
      <object_component id="oc-65b">
         <name>.text:_isr:_c_int00_noargs_mpu</name>
         <load_address>0x4800</load_address>
         <run_address>0x4800</run_address>
         <size>0x20</size>
         <input_file_ref idref="fl-87"/>
      </object_component>
      <object_component id="oc-62c">
         <name>.text:_isr:__TI_ISR_TRAP</name>
         <load_address>0x4820</load_address>
         <run_address>0x4820</run_address>
         <size>0x8</size>
         <input_file_ref idref="fl-5b"/>
      </object_component>
      <object_component id="oc-703">
         <name>.text:EPD_7in5_test</name>
         <load_address>0x10000</load_address>
         <run_address>0x10000</run_address>
         <size>0x2f0</size>
         <input_file_ref idref="fl-5"/>
      </object_component>
      <object_component id="oc-7e7">
         <name>.text:Paint_DrawString_CN</name>
         <load_address>0x102f0</load_address>
         <run_address>0x102f0</run_address>
         <size>0x28a</size>
         <input_file_ref idref="fl-e"/>
      </object_component>
      <object_component id="oc-7cc">
         <name>.text:Paint_DrawCircle</name>
         <load_address>0x1057a</load_address>
         <run_address>0x1057a</run_address>
         <size>0x1dc</size>
         <input_file_ref idref="fl-e"/>
      </object_component>
      <object_component id="oc-853">
         <name>.text:privateCSASourceClockFromDCO</name>
         <load_address>0x10756</load_address>
         <run_address>0x10756</run_address>
         <size>0x17c</size>
         <input_file_ref idref="fl-14"/>
      </object_component>
      <object_component id="oc-6ca">
         <name>.text:CS_setDCOFreq</name>
         <load_address>0x108d2</load_address>
         <run_address>0x108d2</run_address>
         <size>0x140</size>
         <input_file_ref idref="fl-14"/>
      </object_component>
      <object_component id="oc-97e">
         <name>.text:_setfield</name>
         <load_address>0x10a12</load_address>
         <run_address>0x10a12</run_address>
         <size>0x132</size>
         <input_file_ref idref="fl-95"/>
      </object_component>
      <object_component id="oc-7c0">
         <name>.text:Paint_DrawLine</name>
         <load_address>0x10b44</load_address>
         <run_address>0x10b44</run_address>
         <size>0x108</size>
         <input_file_ref idref="fl-e"/>
      </object_component>
      <object_component id="oc-8de">
         <name>.text:Paint_SetPixel</name>
         <load_address>0x10c4c</load_address>
         <run_address>0x10c4c</run_address>
         <size>0x108</size>
         <input_file_ref idref="fl-e"/>
      </object_component>
      <object_component id="oc-8c6">
         <name>.text:aligned_alloc</name>
         <load_address>0x10d54</load_address>
         <run_address>0x10d54</run_address>
         <size>0x108</size>
         <input_file_ref idref="fl-91"/>
      </object_component>
      <object_component id="oc-7de">
         <name>.text:Paint_DrawNum</name>
         <load_address>0x10e5c</load_address>
         <run_address>0x10e5c</run_address>
         <size>0xfa</size>
         <input_file_ref idref="fl-e"/>
      </object_component>
      <object_component id="oc-96a">
         <name>.text:fputs</name>
         <load_address>0x10f56</load_address>
         <run_address>0x10f56</run_address>
         <size>0xf0</size>
         <input_file_ref idref="fl-9a"/>
      </object_component>
      <object_component id="oc-8f3">
         <name>.text:Paint_DrawChar</name>
         <load_address>0x11046</load_address>
         <run_address>0x11046</run_address>
         <size>0xea</size>
         <input_file_ref idref="fl-e"/>
      </object_component>
      <object_component id="oc-764">
         <name>.text:privateCSAComputeCLKFrequency</name>
         <load_address>0x11130</load_address>
         <run_address>0x11130</run_address>
         <size>0xe0</size>
         <input_file_ref idref="fl-14"/>
      </object_component>
      <object_component id="oc-a58">
         <name>.text:setvbuf</name>
         <load_address>0x11210</load_address>
         <run_address>0x11210</run_address>
         <size>0xde</size>
         <input_file_ref idref="fl-a9"/>
      </object_component>
      <object_component id="oc-871">
         <name>.text:__TI_printfi_minimal</name>
         <load_address>0x112ee</load_address>
         <run_address>0x112ee</run_address>
         <size>0xdc</size>
         <input_file_ref idref="fl-95"/>
      </object_component>
      <object_component id="oc-781">
         <name>.text:EPD_7IN5_Init</name>
         <load_address>0x113ca</load_address>
         <run_address>0x113ca</run_address>
         <size>0xda</size>
         <input_file_ref idref="fl-4"/>
      </object_component>
      <object_component id="oc-a1b">
         <name>.text:_pproc_diouxp</name>
         <load_address>0x114a4</load_address>
         <run_address>0x114a4</run_address>
         <size>0xda</size>
         <input_file_ref idref="fl-95"/>
      </object_component>
      <object_component id="oc-7f6">
         <name>.text:free</name>
         <load_address>0x1157e</load_address>
         <run_address>0x1157e</run_address>
         <size>0xda</size>
         <input_file_ref idref="fl-91"/>
      </object_component>
      <object_component id="oc-7c6">
         <name>.text:Paint_DrawRectangle</name>
         <load_address>0x11658</load_address>
         <run_address>0x11658</run_address>
         <size>0xc6</size>
         <input_file_ref idref="fl-e"/>
      </object_component>
      <object_component id="oc-690">
         <name>.text:main</name>
         <load_address>0x1171e</load_address>
         <run_address>0x1171e</run_address>
         <size>0xba</size>
         <input_file_ref idref="fl-2"/>
      </object_component>
      <object_component id="oc-acf">
         <name>.text:HOSTlseek</name>
         <load_address>0x117d8</load_address>
         <run_address>0x117d8</run_address>
         <size>0x9a</size>
         <input_file_ref idref="fl-9f"/>
      </object_component>
      <object_component id="oc-971">
         <name>.text:fputc</name>
         <load_address>0x11872</load_address>
         <run_address>0x11872</run_address>
         <size>0x90</size>
         <input_file_ref idref="fl-97"/>
      </object_component>
      <object_component id="oc-7ba">
         <name>.text:Paint_DrawPoint</name>
         <load_address>0x11902</load_address>
         <run_address>0x11902</run_address>
         <size>0x82</size>
         <input_file_ref idref="fl-e"/>
      </object_component>
      <object_component id="oc-7d5">
         <name>.text:Paint_DrawString_EN</name>
         <load_address>0x11984</load_address>
         <run_address>0x11984</run_address>
         <size>0x82</size>
         <input_file_ref idref="fl-e"/>
      </object_component>
      <object_component id="oc-9fc">
         <name>.text:__TI_wrt_ok</name>
         <load_address>0x11a06</load_address>
         <run_address>0x11a06</run_address>
         <size>0x7e</size>
         <input_file_ref idref="fl-99"/>
      </object_component>
      <object_component id="oc-78d">
         <name>.text:DEV_Delay_ms</name>
         <load_address>0x11a84</load_address>
         <run_address>0x11a84</run_address>
         <size>0x7a</size>
         <input_file_ref idref="fl-3"/>
      </object_component>
      <object_component id="oc-7b4">
         <name>.text:EPD_7IN5_Display</name>
         <load_address>0x11afe</load_address>
         <run_address>0x11afe</run_address>
         <size>0x7a</size>
         <input_file_ref idref="fl-4"/>
      </object_component>
      <object_component id="oc-7a">
         <name>.text:decompress:lzss:__TI_decompress_lzss</name>
         <load_address>0x11b78</load_address>
         <run_address>0x11b78</run_address>
         <size>0x76</size>
         <input_file_ref idref="fl-58"/>
      </object_component>
      <object_component id="oc-adb">
         <name>.text:HOSTrename</name>
         <load_address>0x11bee</load_address>
         <run_address>0x11bee</run_address>
         <size>0x74</size>
         <input_file_ref idref="fl-a2"/>
      </object_component>
      <object_component id="oc-aab">
         <name>.text:__TI_closefile</name>
         <load_address>0x11c62</load_address>
         <run_address>0x11c62</run_address>
         <size>0x74</size>
         <input_file_ref idref="fl-ab"/>
      </object_component>
      <object_component id="oc-6d6">
         <name>.text:GPIO_setAsPeripheralModuleFunctionOutputPin</name>
         <load_address>0x11cd6</load_address>
         <run_address>0x11cd6</run_address>
         <size>0x72</size>
         <input_file_ref idref="fl-1d"/>
      </object_component>
      <object_component id="oc-ab7">
         <name>.text:HOSTopen</name>
         <load_address>0x11d48</load_address>
         <run_address>0x11d48</run_address>
         <size>0x70</size>
         <input_file_ref idref="fl-a0"/>
      </object_component>
      <object_component id="oc-9cb">
         <name>.text:split</name>
         <load_address>0x11db8</load_address>
         <run_address>0x11db8</run_address>
         <size>0x70</size>
         <input_file_ref idref="fl-91"/>
      </object_component>
      <object_component id="oc-ac9">
         <name>.text:HOSTwrite</name>
         <load_address>0x11e28</load_address>
         <run_address>0x11e28</run_address>
         <size>0x6c</size>
         <input_file_ref idref="fl-a4"/>
      </object_component>
      <object_component id="oc-6d0">
         <name>.text:CS_initClockSignal</name>
         <load_address>0x11e94</load_address>
         <run_address>0x11e94</run_address>
         <size>0x6a</size>
         <input_file_ref idref="fl-14"/>
      </object_component>
      <object_component id="oc-ac3">
         <name>.text:HOSTread</name>
         <load_address>0x11efe</load_address>
         <run_address>0x11efe</run_address>
         <size>0x6a</size>
         <input_file_ref idref="fl-a1"/>
      </object_component>
      <object_component id="oc-a52">
         <name>.text:fseek</name>
         <load_address>0x11f68</load_address>
         <run_address>0x11f68</run_address>
         <size>0x6a</size>
         <input_file_ref idref="fl-9b"/>
      </object_component>
      <object_component id="oc-a08">
         <name>.text:__TI_doflush</name>
         <load_address>0x11fd2</load_address>
         <run_address>0x11fd2</run_address>
         <size>0x64</size>
         <input_file_ref idref="fl-98"/>
      </object_component>
      <object_component id="oc-ae7">
         <name>.text:close</name>
         <load_address>0x12036</load_address>
         <run_address>0x12036</run_address>
         <size>0x5a</size>
         <input_file_ref idref="fl-ac"/>
      </object_component>
      <object_component id="oc-b21">
         <name>.text:getdevice</name>
         <load_address>0x12090</load_address>
         <run_address>0x12090</run_address>
         <size>0x5a</size>
         <input_file_ref idref="fl-ae"/>
      </object_component>
      <object_component id="oc-76b">
         <name>.text</name>
         <load_address>0x120ea</load_address>
         <run_address>0x120ea</run_address>
         <size>0x58</size>
         <input_file_ref idref="fl-7b"/>
      </object_component>
      <object_component id="oc-6f1">
         <name>.text:EUSCI_B_SPI_initMaster</name>
         <load_address>0x12142</load_address>
         <run_address>0x12142</run_address>
         <size>0x56</size>
         <input_file_ref idref="fl-1a"/>
      </object_component>
      <object_component id="oc-799">
         <name>.text:Paint_NewImage</name>
         <load_address>0x12198</load_address>
         <run_address>0x12198</run_address>
         <size>0x54</size>
         <input_file_ref idref="fl-e"/>
      </object_component>
      <object_component id="oc-738">
         <name>.text:__TI_auto_init_nobinit_nopinit_hold_wdt:__TI_auto_init_nobinit_nopinit_hold_wdt</name>
         <load_address>0x121ec</load_address>
         <run_address>0x121ec</run_address>
         <size>0x54</size>
         <input_file_ref idref="fl-8a"/>
      </object_component>
      <object_component id="oc-8a3">
         <name>.text:Timer_A_initContinuousMode</name>
         <load_address>0x12240</load_address>
         <run_address>0x12240</run_address>
         <size>0x50</size>
         <input_file_ref idref="fl-2d"/>
      </object_component>
      <object_component id="oc-abd">
         <name>.text:HOSTclose</name>
         <load_address>0x12290</load_address>
         <run_address>0x12290</run_address>
         <size>0x4e</size>
         <input_file_ref idref="fl-9e"/>
      </object_component>
      <object_component id="oc-71a">
         <name>.text:exit</name>
         <load_address>0x122de</load_address>
         <run_address>0x122de</run_address>
         <size>0x4a</size>
         <input_file_ref idref="fl-8e"/>
      </object_component>
      <object_component id="oc-775">
         <name>.text:printf</name>
         <load_address>0x12328</load_address>
         <run_address>0x12328</run_address>
         <size>0x4a</size>
         <input_file_ref idref="fl-94"/>
      </object_component>
      <object_component id="oc-984">
         <name>.text:_pproc_str</name>
         <load_address>0x12372</load_address>
         <run_address>0x12372</run_address>
         <size>0x48</size>
         <input_file_ref idref="fl-95"/>
      </object_component>
      <object_component id="oc-787">
         <name>.text:EPD_7IN5_Clear</name>
         <load_address>0x123ba</load_address>
         <run_address>0x123ba</run_address>
         <size>0x46</size>
         <input_file_ref idref="fl-4"/>
      </object_component>
      <object_component id="oc-ad5">
         <name>.text:HOSTunlink</name>
         <load_address>0x12400</load_address>
         <run_address>0x12400</run_address>
         <size>0x46</size>
         <input_file_ref idref="fl-a3"/>
      </object_component>
      <object_component id="oc-880">
         <name>.text:EPD_7IN5_Reset</name>
         <load_address>0x12446</load_address>
         <run_address>0x12446</run_address>
         <size>0x44</size>
         <input_file_ref idref="fl-4"/>
      </object_component>
      <object_component id="oc-6e2">
         <name>.text:GPIO_setAsInputPin</name>
         <load_address>0x1248a</load_address>
         <run_address>0x1248a</run_address>
         <size>0x40</size>
         <input_file_ref idref="fl-1d"/>
      </object_component>
      <object_component id="oc-84e">
         <name>.text</name>
         <load_address>0x124ca</load_address>
         <run_address>0x124ca</run_address>
         <size>0x40</size>
         <input_file_ref idref="fl-79"/>
      </object_component>
      <object_component id="oc-b0e">
         <name>.text:l_lsl_const</name>
         <load_address>0x1250a</load_address>
         <run_address>0x1250a</run_address>
         <size>0x3e</size>
         <input_file_ref idref="fl-a6"/>
      </object_component>
      <object_component id="oc-a78">
         <name>.text:lseek</name>
         <load_address>0x12548</load_address>
         <run_address>0x12548</run_address>
         <size>0x3e</size>
         <input_file_ref idref="fl-9c"/>
      </object_component>
      <object_component id="oc-7ae">
         <name>.text:Paint_DrawBitMap</name>
         <load_address>0x12586</load_address>
         <run_address>0x12586</run_address>
         <size>0x3c</size>
         <input_file_ref idref="fl-e"/>
      </object_component>
      <object_component id="oc-a0e">
         <name>.text:write</name>
         <load_address>0x125c2</load_address>
         <run_address>0x125c2</run_address>
         <size>0x3c</size>
         <input_file_ref idref="fl-b6"/>
      </object_component>
      <object_component id="oc-7a5">
         <name>.text:Paint_Clear</name>
         <load_address>0x125fe</load_address>
         <run_address>0x125fe</run_address>
         <size>0x38</size>
         <input_file_ref idref="fl-e"/>
      </object_component>
      <object_component id="oc-a80">
         <name>.text:__TI_cleanup</name>
         <load_address>0x12636</load_address>
         <run_address>0x12636</run_address>
         <size>0x36</size>
         <input_file_ref idref="fl-aa"/>
      </object_component>
      <object_component id="oc-afb">
         <name>.text:__TI_writemsg</name>
         <load_address>0x1266c</load_address>
         <run_address>0x1266c</run_address>
         <size>0x36</size>
         <input_file_ref idref="fl-a5"/>
      </object_component>
      <object_component id="oc-6dc">
         <name>.text:GPIO_setAsOutputPin</name>
         <load_address>0x126a2</load_address>
         <run_address>0x126a2</run_address>
         <size>0x34</size>
         <input_file_ref idref="fl-1d"/>
      </object_component>
      <object_component id="oc-886">
         <name>.text:EPD_7IN5_SendCommand</name>
         <load_address>0x126d6</load_address>
         <run_address>0x126d6</run_address>
         <size>0x32</size>
         <input_file_ref idref="fl-4"/>
      </object_component>
      <object_component id="oc-88c">
         <name>.text:EPD_7IN5_SendData</name>
         <load_address>0x12708</load_address>
         <run_address>0x12708</run_address>
         <size>0x32</size>
         <input_file_ref idref="fl-4"/>
      </object_component>
      <object_component id="oc-8b4">
         <name>.text:Timer_A_getCounterValue</name>
         <load_address>0x1273a</load_address>
         <run_address>0x1273a</run_address>
         <size>0x32</size>
         <input_file_ref idref="fl-2d"/>
      </object_component>
      <object_component id="oc-b01">
         <name>.text:__TI_readmsg</name>
         <load_address>0x1276c</load_address>
         <run_address>0x1276c</run_address>
         <size>0x32</size>
         <input_file_ref idref="fl-a5"/>
      </object_component>
      <object_component id="oc-b4a">
         <name>.text:strncpy</name>
         <load_address>0x1279e</load_address>
         <run_address>0x1279e</run_address>
         <size>0x32</size>
         <input_file_ref idref="fl-b4"/>
      </object_component>
      <object_component id="oc-aee">
         <name>.text:unlink</name>
         <load_address>0x127d0</load_address>
         <run_address>0x127d0</run_address>
         <size>0x30</size>
         <input_file_ref idref="fl-b5"/>
      </object_component>
      <object_component id="oc-b50">
         <name>.text:finddevice</name>
         <load_address>0x12800</load_address>
         <run_address>0x12800</run_address>
         <size>0x2e</size>
         <input_file_ref idref="fl-ae"/>
      </object_component>
      <object_component id="oc-6a2">
         <name>.text:__mpu_init</name>
         <load_address>0x1282e</load_address>
         <run_address>0x1282e</run_address>
         <size>0x2c</size>
         <input_file_ref idref="fl-88"/>
      </object_component>
      <object_component id="oc-923">
         <name>.text:free_list_insert</name>
         <load_address>0x1285a</load_address>
         <run_address>0x1285a</run_address>
         <size>0x2c</size>
         <input_file_ref idref="fl-91"/>
      </object_component>
      <object_component id="oc-859">
         <name>.text</name>
         <load_address>0x12886</load_address>
         <run_address>0x12886</run_address>
         <size>0x2c</size>
         <input_file_ref idref="fl-78"/>
      </object_component>
      <object_component id="oc-892">
         <name>.text:EPD_7IN5_ReadBusy</name>
         <load_address>0x128b2</load_address>
         <run_address>0x128b2</run_address>
         <size>0x2a</size>
         <input_file_ref idref="fl-4"/>
      </object_component>
      <object_component id="oc-91d">
         <name>.text:free_list_remove</name>
         <load_address>0x128dc</load_address>
         <run_address>0x128dc</run_address>
         <size>0x2a</size>
         <input_file_ref idref="fl-91"/>
      </object_component>
      <object_component id="oc-7fc">
         <name>.text:DEV_Module_Exit</name>
         <load_address>0x12906</load_address>
         <run_address>0x12906</run_address>
         <size>0x26</size>
         <input_file_ref idref="fl-3"/>
      </object_component>
      <object_component id="oc-77b">
         <name>.text:DEV_Module_Init</name>
         <load_address>0x1292c</load_address>
         <run_address>0x1292c</run_address>
         <size>0x26</size>
         <input_file_ref idref="fl-3"/>
      </object_component>
      <object_component id="oc-631">
         <name>.text:decompress:ZI:__TI_zero_init_nomemset:__TI_zero_init_nomemset</name>
         <load_address>0x12952</load_address>
         <run_address>0x12952</run_address>
         <size>0x24</size>
         <input_file_ref idref="fl-77"/>
      </object_component>
      <object_component id="oc-8af">
         <name>.text</name>
         <load_address>0x12976</load_address>
         <run_address>0x12976</run_address>
         <size>0x24</size>
         <input_file_ref idref="fl-7f"/>
      </object_component>
      <object_component id="oc-6c4">
         <name>.text:WDT_A_hold</name>
         <load_address>0x1299a</load_address>
         <run_address>0x1299a</run_address>
         <size>0x20</size>
         <input_file_ref idref="fl-31"/>
      </object_component>
      <object_component id="oc-a21">
         <name>.text:memccpy</name>
         <load_address>0x129ba</load_address>
         <run_address>0x129ba</run_address>
         <size>0x1e</size>
         <input_file_ref idref="fl-a7"/>
      </object_component>
      <object_component id="oc-7f0">
         <name>.text:EPD_7IN5_Sleep</name>
         <load_address>0x129d8</load_address>
         <run_address>0x129d8</run_address>
         <size>0x1c</size>
         <input_file_ref idref="fl-4"/>
      </object_component>
      <object_component id="oc-9b4">
         <name>.text:GPIO_getInputPinValue</name>
         <load_address>0x129f4</load_address>
         <run_address>0x129f4</run_address>
         <size>0x1c</size>
         <input_file_ref idref="fl-1d"/>
      </object_component>
      <object_component id="oc-9a3">
         <name>.text:GPIO_setOutputHighOnPin</name>
         <load_address>0x12a10</load_address>
         <run_address>0x12a10</run_address>
         <size>0x1c</size>
         <input_file_ref idref="fl-1d"/>
      </object_component>
      <object_component id="oc-99d">
         <name>.text:GPIO_setOutputLowOnPin</name>
         <load_address>0x12a2c</load_address>
         <run_address>0x12a2c</run_address>
         <size>0x1c</size>
         <input_file_ref idref="fl-1d"/>
      </object_component>
      <object_component id="oc-b44">
         <name>.text:strchr</name>
         <load_address>0x12a48</load_address>
         <run_address>0x12a48</run_address>
         <size>0x1c</size>
         <input_file_ref idref="fl-b0"/>
      </object_component>
      <object_component id="oc-b69">
         <name>.text:strcmp</name>
         <load_address>0x12a64</load_address>
         <run_address>0x12a64</run_address>
         <size>0x1c</size>
         <input_file_ref idref="fl-b1"/>
      </object_component>
      <object_component id="oc-6eb">
         <name>.text:CS_getSMCLK</name>
         <load_address>0x12a80</load_address>
         <run_address>0x12a80</run_address>
         <size>0x1a</size>
         <input_file_ref idref="fl-14"/>
      </object_component>
      <object_component id="oc-899">
         <name>.text:EPD_7IN5_TurnOnDisplay</name>
         <load_address>0x12a9a</load_address>
         <run_address>0x12a9a</run_address>
         <size>0x18</size>
         <input_file_ref idref="fl-4"/>
      </object_component>
      <object_component id="oc-8d2">
         <name>.text</name>
         <load_address>0x12ab2</load_address>
         <run_address>0x12ab2</run_address>
         <size>0x18</size>
         <input_file_ref idref="fl-7d"/>
      </object_component>
      <object_component id="oc-917">
         <name>.text:heap_start</name>
         <load_address>0x12aca</load_address>
         <run_address>0x12aca</run_address>
         <size>0x16</size>
         <input_file_ref idref="fl-91"/>
      </object_component>
      <object_component id="oc-a02">
         <name>.text:memchr</name>
         <load_address>0x12ae0</load_address>
         <run_address>0x12ae0</run_address>
         <size>0x16</size>
         <input_file_ref idref="fl-a8"/>
      </object_component>
      <object_component id="oc-8ff">
         <name>.text:memset</name>
         <load_address>0x12af6</load_address>
         <run_address>0x12af6</run_address>
         <size>0x16</size>
         <input_file_ref idref="fl-93"/>
      </object_component>
      <object_component id="oc-960">
         <name>.text</name>
         <load_address>0x12b0c</load_address>
         <run_address>0x12b0c</run_address>
         <size>0x16</size>
         <input_file_ref idref="fl-7a"/>
      </object_component>
      <object_component id="oc-61f">
         <name>.text:memcpy</name>
         <load_address>0x12b22</load_address>
         <run_address>0x12b22</run_address>
         <size>0x14</size>
         <input_file_ref idref="fl-92"/>
      </object_component>
      <object_component id="oc-80">
         <name>.text:decompress:none:__TI_decompress_none</name>
         <load_address>0x12b36</load_address>
         <run_address>0x12b36</run_address>
         <size>0x12</size>
         <input_file_ref idref="fl-59"/>
      </object_component>
      <object_component id="oc-b17">
         <name>.text:strcpy</name>
         <load_address>0x12b48</load_address>
         <run_address>0x12b48</run_address>
         <size>0x12</size>
         <input_file_ref idref="fl-b2"/>
      </object_component>
      <object_component id="oc-879">
         <name>.text:DEV_Digital_Write</name>
         <load_address>0x12b5a</load_address>
         <run_address>0x12b5a</run_address>
         <size>0x10</size>
         <input_file_ref idref="fl-3"/>
      </object_component>
      <object_component id="oc-978">
         <name>.text:strlen</name>
         <load_address>0x12b6a</load_address>
         <run_address>0x12b6a</run_address>
         <size>0xe</size>
         <input_file_ref idref="fl-b3"/>
      </object_component>
      <object_component id="oc-9ab">
         <name>.text:DEV_SPI_WriteByte</name>
         <load_address>0x12b78</load_address>
         <run_address>0x12b78</run_address>
         <size>0xc</size>
         <input_file_ref idref="fl-3"/>
      </object_component>
      <object_component id="oc-a37">
         <name>.text:EUSCI_B_SPI_transmitData</name>
         <load_address>0x12b84</load_address>
         <run_address>0x12b84</run_address>
         <size>0xc</size>
         <input_file_ref idref="fl-1a"/>
      </object_component>
      <object_component id="oc-8a9">
         <name>.text:Timer_A_startCounter</name>
         <load_address>0x12b90</load_address>
         <run_address>0x12b90</run_address>
         <size>0xc</size>
         <input_file_ref idref="fl-2d"/>
      </object_component>
      <object_component id="oc-90b">
         <name>.text</name>
         <load_address>0x12b9c</load_address>
         <run_address>0x12b9c</run_address>
         <size>0xa</size>
         <input_file_ref idref="fl-84"/>
      </object_component>
      <object_component id="oc-8ba">
         <name>.text:Timer_A_stop</name>
         <load_address>0x12ba6</load_address>
         <run_address>0x12ba6</run_address>
         <size>0x8</size>
         <input_file_ref idref="fl-2d"/>
      </object_component>
      <object_component id="oc-793">
         <name>.text:malloc</name>
         <load_address>0x12bae</load_address>
         <run_address>0x12bae</run_address>
         <size>0x8</size>
         <input_file_ref idref="fl-91"/>
      </object_component>
      <object_component id="oc-6f7">
         <name>.text:EUSCI_B_SPI_enable</name>
         <load_address>0x12bb6</load_address>
         <run_address>0x12bb6</run_address>
         <size>0x6</size>
         <input_file_ref idref="fl-1a"/>
      </object_component>
      <object_component id="oc-6fd">
         <name>.text:PMM_unlockLPM5</name>
         <load_address>0x12bbc</load_address>
         <run_address>0x12bbc</run_address>
         <size>0x6</size>
         <input_file_ref idref="fl-23"/>
      </object_component>
      <object_component id="oc-79f">
         <name>.text:Paint_SelectImage</name>
         <load_address>0x12bc2</load_address>
         <run_address>0x12bc2</run_address>
         <size>0x6</size>
         <input_file_ref idref="fl-e"/>
      </object_component>
      <object_component id="oc-86b">
         <name>.text:_outc</name>
         <load_address>0x12bc8</load_address>
         <run_address>0x12bc8</run_address>
         <size>0x6</size>
         <input_file_ref idref="fl-94"/>
      </object_component>
      <object_component id="oc-714">
         <name>.text:abort</name>
         <load_address>0x12bce</load_address>
         <run_address>0x12bce</run_address>
         <size>0x6</size>
         <input_file_ref idref="fl-8e"/>
      </object_component>
      <object_component id="oc-865">
         <name>.text:_outs</name>
         <load_address>0x12bd4</load_address>
         <run_address>0x12bd4</run_address>
         <size>0x4</size>
         <input_file_ref idref="fl-94"/>
      </object_component>
      <object_component id="oc-68a">
         <name>.text:_system_pre_init</name>
         <load_address>0x12bd8</load_address>
         <run_address>0x12bd8</run_address>
         <size>0x4</size>
         <input_file_ref idref="fl-8c"/>
      </object_component>
      <object_component id="oc-934">
         <name>.text:_nop</name>
         <load_address>0x12bdc</load_address>
         <run_address>0x12bdc</run_address>
         <size>0x2</size>
         <input_file_ref idref="fl-90"/>
      </object_component>
      <object_component id="oc-816">
         <name>.text:_system_post_cinit</name>
         <load_address>0x12bde</load_address>
         <run_address>0x12bde</run_address>
         <size>0x2</size>
         <input_file_ref idref="fl-8b"/>
      </object_component>
      <object_component id="oc-9c8">
         <name>.bss</name>
         <uninitialized>true</uninitialized>
         <run_address>0x1e80</run_address>
         <size>0x4</size>
         <input_file_ref idref="fl-91"/>
      </object_component>
      <object_component id="oc-8cd">
         <name>.common:Paint</name>
         <uninitialized>true</uninitialized>
         <run_address>0x1e62</run_address>
         <size>0x16</size>
      </object_component>
      <object_component id="oc-aed">
         <name>.common:__TI_tmpnams</name>
         <uninitialized>true</uninitialized>
         <run_address>0x1dc2</run_address>
         <size>0xa0</size>
      </object_component>
      <object_component id="oc-af8">
         <name>.common:parmbuf</name>
         <uninitialized>true</uninitialized>
         <run_address>0x1e78</run_address>
         <size>0x8</size>
      </object_component>
      <object_component id="oc-7db">
         <name>.data:Font12</name>
         <load_address>0x1d94</load_address>
         <run_address>0x1d94</run_address>
         <size>0x8</size>
         <input_file_ref idref="fl-7"/>
      </object_component>
      <object_component id="oc-7e4">
         <name>.data:Font12CN</name>
         <load_address>0x1d7c</load_address>
         <run_address>0x1d7c</run_address>
         <size>0xc</size>
         <input_file_ref idref="fl-8"/>
      </object_component>
      <object_component id="oc-7d2">
         <name>.data:Font16</name>
         <load_address>0x1d9c</load_address>
         <run_address>0x1d9c</run_address>
         <size>0x8</size>
         <input_file_ref idref="fl-9"/>
      </object_component>
      <object_component id="oc-7ed">
         <name>.data:Font24CN</name>
         <load_address>0x1d88</load_address>
         <run_address>0x1d88</run_address>
         <size>0xc</size>
         <input_file_ref idref="fl-c"/>
      </object_component>
      <object_component id="oc-84b">
         <name>.data</name>
         <load_address>0x1da4</load_address>
         <run_address>0x1da4</run_address>
         <size>0x8</size>
         <input_file_ref idref="fl-14"/>
      </object_component>
      <object_component id="oc-805">
         <name>.data</name>
         <load_address>0x1dbe</load_address>
         <run_address>0x1dbe</run_address>
         <size>0x2</size>
         <input_file_ref idref="fl-8e"/>
      </object_component>
      <object_component id="oc-80e">
         <name>.data:__TI_cleanup_ptr</name>
         <load_address>0x1dac</load_address>
         <run_address>0x1dac</run_address>
         <size>0x4</size>
         <input_file_ref idref="fl-8f"/>
      </object_component>
      <object_component id="oc-80b">
         <name>.data:__TI_dtors_ptr</name>
         <load_address>0x1db0</load_address>
         <run_address>0x1db0</run_address>
         <size>0x4</size>
         <input_file_ref idref="fl-8f"/>
      </object_component>
      <object_component id="oc-808">
         <name>.data:_lock</name>
         <load_address>0x1db4</load_address>
         <run_address>0x1db4</run_address>
         <size>0x4</size>
         <input_file_ref idref="fl-90"/>
      </object_component>
      <object_component id="oc-811">
         <name>.data:_unlock</name>
         <load_address>0x1db8</load_address>
         <run_address>0x1db8</run_address>
         <size>0x4</size>
         <input_file_ref idref="fl-90"/>
      </object_component>
      <object_component id="oc-9c5">
         <name>.data</name>
         <load_address>0x1dc0</load_address>
         <run_address>0x1dc0</run_address>
         <size>0x2</size>
         <input_file_ref idref="fl-91"/>
      </object_component>
      <object_component id="oc-862">
         <name>.data:_ftable</name>
         <load_address>0x1c00</load_address>
         <run_address>0x1c00</run_address>
         <size>0xc8</size>
         <input_file_ref idref="fl-96"/>
      </object_component>
      <object_component id="oc-ab1">
         <name>.data</name>
         <load_address>0x1dbc</load_address>
         <run_address>0x1dbc</run_address>
         <size>0x2</size>
         <input_file_ref idref="fl-96"/>
      </object_component>
      <object_component id="oc-a93">
         <name>.data:_device</name>
         <load_address>0x1cc8</load_address>
         <run_address>0x1cc8</run_address>
         <size>0x78</size>
         <input_file_ref idref="fl-9d"/>
      </object_component>
      <object_component id="oc-a64">
         <name>.data:_stream</name>
         <load_address>0x1d40</load_address>
         <run_address>0x1d40</run_address>
         <size>0x3c</size>
         <input_file_ref idref="fl-9d"/>
      </object_component>
      <object_component id="oc-60d">
         <name>.stack</name>
         <uninitialized>true</uninitialized>
         <run_address>0x2360</run_address>
         <size>0x4</size>
         <input_file_ref idref="fl-87"/>
      </object_component>
      <object_component id="oc-bee">
         <name>.stack</name>
         <uninitialized>true</uninitialized>
         <run_address>0x2360</run_address>
         <size>0x0</size>
      </object_component>
      <object_component id="oc-86">
         <name>.int27</name>
         <load_address>0xffc6</load_address>
         <run_address>0xffc6</run_address>
         <size>0x2</size>
         <input_file_ref idref="fl-5a"/>
      </object_component>
      <object_component id="oc-87">
         <name>.int28</name>
         <load_address>0xffc8</load_address>
         <run_address>0xffc8</run_address>
         <size>0x2</size>
         <input_file_ref idref="fl-5c"/>
      </object_component>
      <object_component id="oc-88">
         <name>.int29</name>
         <load_address>0xffca</load_address>
         <run_address>0xffca</run_address>
         <size>0x2</size>
         <input_file_ref idref="fl-5d"/>
      </object_component>
      <object_component id="oc-89">
         <name>.int30</name>
         <load_address>0xffcc</load_address>
         <run_address>0xffcc</run_address>
         <size>0x2</size>
         <input_file_ref idref="fl-5e"/>
      </object_component>
      <object_component id="oc-8a">
         <name>.int31</name>
         <load_address>0xffce</load_address>
         <run_address>0xffce</run_address>
         <size>0x2</size>
         <input_file_ref idref="fl-5f"/>
      </object_component>
      <object_component id="oc-8b">
         <name>.int32</name>
         <load_address>0xffd0</load_address>
         <run_address>0xffd0</run_address>
         <size>0x2</size>
         <input_file_ref idref="fl-60"/>
      </object_component>
      <object_component id="oc-8c">
         <name>.int33</name>
         <load_address>0xffd2</load_address>
         <run_address>0xffd2</run_address>
         <size>0x2</size>
         <input_file_ref idref="fl-61"/>
      </object_component>
      <object_component id="oc-8d">
         <name>.int34</name>
         <load_address>0xffd4</load_address>
         <run_address>0xffd4</run_address>
         <size>0x2</size>
         <input_file_ref idref="fl-62"/>
      </object_component>
      <object_component id="oc-8e">
         <name>.int35</name>
         <load_address>0xffd6</load_address>
         <run_address>0xffd6</run_address>
         <size>0x2</size>
         <input_file_ref idref="fl-63"/>
      </object_component>
      <object_component id="oc-8f">
         <name>.int36</name>
         <load_address>0xffd8</load_address>
         <run_address>0xffd8</run_address>
         <size>0x2</size>
         <input_file_ref idref="fl-64"/>
      </object_component>
      <object_component id="oc-90">
         <name>.int37</name>
         <load_address>0xffda</load_address>
         <run_address>0xffda</run_address>
         <size>0x2</size>
         <input_file_ref idref="fl-65"/>
      </object_component>
      <object_component id="oc-91">
         <name>.int38</name>
         <load_address>0xffdc</load_address>
         <run_address>0xffdc</run_address>
         <size>0x2</size>
         <input_file_ref idref="fl-66"/>
      </object_component>
      <object_component id="oc-92">
         <name>.int39</name>
         <load_address>0xffde</load_address>
         <run_address>0xffde</run_address>
         <size>0x2</size>
         <input_file_ref idref="fl-67"/>
      </object_component>
      <object_component id="oc-93">
         <name>.int40</name>
         <load_address>0xffe0</load_address>
         <run_address>0xffe0</run_address>
         <size>0x2</size>
         <input_file_ref idref="fl-68"/>
      </object_component>
      <object_component id="oc-94">
         <name>.int41</name>
         <load_address>0xffe2</load_address>
         <run_address>0xffe2</run_address>
         <size>0x2</size>
         <input_file_ref idref="fl-69"/>
      </object_component>
      <object_component id="oc-95">
         <name>.int42</name>
         <load_address>0xffe4</load_address>
         <run_address>0xffe4</run_address>
         <size>0x2</size>
         <input_file_ref idref="fl-6a"/>
      </object_component>
      <object_component id="oc-96">
         <name>.int43</name>
         <load_address>0xffe6</load_address>
         <run_address>0xffe6</run_address>
         <size>0x2</size>
         <input_file_ref idref="fl-6b"/>
      </object_component>
      <object_component id="oc-97">
         <name>.int44</name>
         <load_address>0xffe8</load_address>
         <run_address>0xffe8</run_address>
         <size>0x2</size>
         <input_file_ref idref="fl-6c"/>
      </object_component>
      <object_component id="oc-98">
         <name>.int45</name>
         <load_address>0xffea</load_address>
         <run_address>0xffea</run_address>
         <size>0x2</size>
         <input_file_ref idref="fl-6d"/>
      </object_component>
      <object_component id="oc-99">
         <name>.int46</name>
         <load_address>0xffec</load_address>
         <run_address>0xffec</run_address>
         <size>0x2</size>
         <input_file_ref idref="fl-6e"/>
      </object_component>
      <object_component id="oc-9a">
         <name>.int47</name>
         <load_address>0xffee</load_address>
         <run_address>0xffee</run_address>
         <size>0x2</size>
         <input_file_ref idref="fl-6f"/>
      </object_component>
      <object_component id="oc-9b">
         <name>.int48</name>
         <load_address>0xfff0</load_address>
         <run_address>0xfff0</run_address>
         <size>0x2</size>
         <input_file_ref idref="fl-70"/>
      </object_component>
      <object_component id="oc-9c">
         <name>.int49</name>
         <load_address>0xfff2</load_address>
         <run_address>0xfff2</run_address>
         <size>0x2</size>
         <input_file_ref idref="fl-71"/>
      </object_component>
      <object_component id="oc-9d">
         <name>.int50</name>
         <load_address>0xfff4</load_address>
         <run_address>0xfff4</run_address>
         <size>0x2</size>
         <input_file_ref idref="fl-72"/>
      </object_component>
      <object_component id="oc-9e">
         <name>.int51</name>
         <load_address>0xfff6</load_address>
         <run_address>0xfff6</run_address>
         <size>0x2</size>
         <input_file_ref idref="fl-73"/>
      </object_component>
      <object_component id="oc-9f">
         <name>.int52</name>
         <load_address>0xfff8</load_address>
         <run_address>0xfff8</run_address>
         <size>0x2</size>
         <input_file_ref idref="fl-74"/>
      </object_component>
[...]
         <object_component_ref idref="oc-8b4"/>
      </symbol>
      <symbol id="sm-918">
         <name>Timer_A_initContinuousMode</name>
         <value>0x12240</value>
         <object_component_ref idref="oc-8a3"/>
      </symbol>
      <symbol id="sm-919">
         <name>Timer_A_startCounter</name>
         <value>0x12b90</value>
         <object_component_ref idref="oc-8a9"/>
      </symbol>
      <symbol id="sm-91a">
         <name>Timer_A_stop</name>
         <value>0x12ba6</value>
         <object_component_ref idref="oc-8ba"/>
      </symbol>
      <symbol id="sm-926">
         <name>WDT_A_hold</name>
         <value>0x1299a</value>
         <object_component_ref idref="oc-6c4"/>
      </symbol>
      <symbol id="sm-949">
         <name>__TI_decompress_lzss</name>
         <value>0x11b78</value>
         <object_component_ref idref="oc-7a"/>
      </symbol>
      <symbol id="sm-95a">
         <name>__TI_decompress_none</name>
         <value>0x12b36</value>
         <object_component_ref idref="oc-80"/>
      </symbol>
      <symbol id="sm-95d">
         <name>__TI_int27</name>
         <value>0xffc6</value>
         <object_component_ref idref="oc-86"/>
      </symbol>
      <symbol id="sm-965">
         <name>__TI_ISR_TRAP</name>
         <value>0x4820</value>
         <object_component_ref idref="oc-62c"/>
      </symbol>
      <symbol id="sm-968">
         <name>__TI_int28</name>
         <value>0xffc8</value>
         <object_component_ref idref="oc-87"/>
      </symbol>
      <symbol id="sm-96b">
         <name>__TI_int29</name>
         <value>0xffca</value>
         <object_component_ref idref="oc-88"/>
      </symbol>
      <symbol id="sm-96e">
         <name>__TI_int30</name>
         <value>0xffcc</value>
         <object_component_ref idref="oc-89"/>
      </symbol>
      <symbol id="sm-971">
         <name>__TI_int31</name>
         <value>0xffce</value>
         <object_component_ref idref="oc-8a"/>
      </symbol>
      <symbol id="sm-974">
         <name>__TI_int32</name>
         <value>0xffd0</value>
         <object_component_ref idref="oc-8b"/>
      </symbol>
      <symbol id="sm-977">
         <name>__TI_int33</name>
         <value>0xffd2</value>
         <object_component_ref idref="oc-8c"/>
      </symbol>
      <symbol id="sm-97a">
         <name>__TI_int34</name>
         <value>0xffd4</value>
         <object_component_ref idref="oc-8d"/>
      </symbol>
      <symbol id="sm-97d">
         <name>__TI_int35</name>
         <value>0xffd6</value>
         <object_component_ref idref="oc-8e"/>
      </symbol>
      <symbol id="sm-980">
         <name>__TI_int36</name>
         <value>0xffd8</value>
         <object_component_ref idref="oc-8f"/>
      </symbol>
      <symbol id="sm-983">
         <name>__TI_int37</name>
         <value>0xffda</value>
         <object_component_ref idref="oc-90"/>
      </symbol>
      <symbol id="sm-986">
         <name>__TI_int38</name>
         <value>0xffdc</value>
         <object_component_ref idref="oc-91"/>
      </symbol>
      <symbol id="sm-989">
         <name>__TI_int39</name>
         <value>0xffde</value>
         <object_component_ref idref="oc-92"/>
      </symbol>
      <symbol id="sm-98c">
         <name>__TI_int40</name>
         <value>0xffe0</value>
         <object_component_ref idref="oc-93"/>
      </symbol>
      <symbol id="sm-98f">
         <name>__TI_int41</name>
         <value>0xffe2</value>
         <object_component_ref idref="oc-94"/>
      </symbol>
      <symbol id="sm-992">
         <name>__TI_int42</name>
         <value>0xffe4</value>
         <object_component_ref idref="oc-95"/>
      </symbol>
      <symbol id="sm-995">
         <name>__TI_int43</name>
         <value>0xffe6</value>
         <object_component_ref idref="oc-96"/>
      </symbol>
      <symbol id="sm-998">
         <name>__TI_int44</name>
         <value>0xffe8</value>
         <object_component_ref idref="oc-97"/>
      </symbol>
      <symbol id="sm-99b">
         <name>__TI_int45</name>
         <value>0xffea</value>
         <object_component_ref idref="oc-98"/>
      </symbol>
      <symbol id="sm-99e">
         <name>__TI_int46</name>
         <value>0xffec</value>
         <object_component_ref idref="oc-99"/>
      </symbol>
      <symbol id="sm-9a1">
         <name>__TI_int47</name>
         <value>0xffee</value>
         <object_component_ref idref="oc-9a"/>
      </symbol>
      <symbol id="sm-9a4">
         <name>__TI_int48</name>
         <value>0xfff0</value>
         <object_component_ref idref="oc-9b"/>
      </symbol>
      <symbol id="sm-9a7">
         <name>__TI_int49</name>
         <value>0xfff2</value>
         <object_component_ref idref="oc-9c"/>
      </symbol>
      <symbol id="sm-9aa">
         <name>__TI_int50</name>
         <value>0xfff4</value>
         <object_component_ref idref="oc-9d"/>
      </symbol>
      <symbol id="sm-9ad">
         <name>__TI_int51</name>
         <value>0xfff6</value>
         <object_component_ref idref="oc-9e"/>
      </symbol>
      <symbol id="sm-9b0">
         <name>__TI_int52</name>
         <value>0xfff8</value>
         <object_component_ref idref="oc-9f"/>
      </symbol>
      <symbol id="sm-9b3">
         <name>__TI_int53</name>
         <value>0xfffa</value>
         <object_component_ref idref="oc-a0"/>
      </symbol>
      <symbol id="sm-9b6">
         <name>__TI_int54</name>
         <value>0xfffc</value>
         <object_component_ref idref="oc-a1"/>
      </symbol>
      <symbol id="sm-9c9">
         <name>__TI_zero_init_nomemset</name>
         <value>0x12952</value>
         <object_component_ref idref="oc-631"/>
      </symbol>
      <symbol id="sm-9d5">
         <name>__mspabi_remi</name>
         <value>0x12886</value>
         <object_component_ref idref="oc-859"/>
      </symbol>
      <symbol id="sm-9d6">
         <name>__mspabi_divi</name>
         <value>0x12886</value>
         <object_component_ref idref="oc-859"/>
      </symbol>
      <symbol id="sm-9e2">
         <name>__mspabi_remli</name>
         <value>0x124ca</value>
         <object_component_ref idref="oc-84e"/>
      </symbol>
      <symbol id="sm-9e3">
         <name>__mspabi_divli</name>
         <value>0x124ca</value>
         <object_component_ref idref="oc-84e"/>
      </symbol>
      <symbol id="sm-9ed">
         <name>__mspabi_remu</name>
         <value>0x12b0c</value>
         <object_component_ref idref="oc-960"/>
      </symbol>
      <symbol id="sm-9ee">
         <name>__mspabi_divu</name>
         <value>0x12b0c</value>
         <object_component_ref idref="oc-960"/>
      </symbol>
      <symbol id="sm-9fc">
         <name>__mspabi_remul</name>
         <value>0x120ea</value>
         <object_component_ref idref="oc-76b"/>
      </symbol>
      <symbol id="sm-9fd">
         <name>__mspabi_divul</name>
         <value>0x120ea</value>
         <object_component_ref idref="oc-76b"/>
      </symbol>
      <symbol id="sm-a06">
         <name>__mspabi_mpyi_f5hw</name>
         <value>0x12ab2</value>
         <object_component_ref idref="oc-8d2"/>
      </symbol>
      <symbol id="sm-a0f">
         <name>__mspabi_mpyl_f5hw</name>
         <value>0x12976</value>
         <object_component_ref idref="oc-8af"/>
      </symbol>
      <symbol id="sm-a1c">
         <name>__mspabi_srai</name>
         <value>0x12b9c</value>
         <object_component_ref idref="oc-90b"/>
      </symbol>
      <symbol id="sm-a2e">
         <name>_c_int00_noargs_mpu</name>
         <value>0x4800</value>
         <object_component_ref idref="oc-65b"/>
      </symbol>
      <symbol id="sm-a2f">
         <name>_stack</name>
         <value>0x2360</value>
         <object_component_ref idref="oc-60d"/>
      </symbol>
      <symbol id="sm-a30">
         <name>_reset_vector</name>
         <value>0xfffe</value>
         <object_component_ref idref="oc-610"/>
      </symbol>
      <symbol id="sm-a39">
         <name>__mpu_init</name>
         <value>0x1282e</value>
         <object_component_ref idref="oc-6a2"/>
      </symbol>
      <symbol id="sm-a5d">
         <name>__TI_auto_init_nobinit_nopinit_hold_wdt</name>
         <value>0x121ec</value>
         <object_component_ref idref="oc-738"/>
      </symbol>
      <symbol id="sm-a66">
         <name>_system_post_cinit</name>
         <value>0x12bde</value>
         <object_component_ref idref="oc-816"/>
      </symbol>
      <symbol id="sm-a6f">
         <name>_system_pre_init</name>
         <value>0x12bd8</value>
         <object_component_ref idref="oc-68a"/>
      </symbol>
      <symbol id="sm-a92">
         <name>C$$EXIT</name>
         <value>0x12bce</value>
         <object_component_ref idref="oc-714"/>
      </symbol>
      <symbol id="sm-a93">
         <name>abort</name>
         <value>0x12bce</value>
         <object_component_ref idref="oc-714"/>
      </symbol>
      <symbol id="sm-a94">
         <name>__TI_enable_exit_profile_output</name>
         <value>0x1dbe</value>
         <object_component_ref idref="oc-805"/>
      </symbol>
      <symbol id="sm-a95">
         <name>exit</name>
         <value>0x122de</value>
         <object_component_ref idref="oc-71a"/>
      </symbol>
      <symbol id="sm-aa4">
         <name>__TI_dtors_ptr</name>
         <value>0x1db0</value>
         <object_component_ref idref="oc-80b"/>
      </symbol>
      <symbol id="sm-aa5">
         <name>__TI_cleanup_ptr</name>
         <value>0x1dac</value>
         <object_component_ref idref="oc-80e"/>
      </symbol>
      <symbol id="sm-abb">
         <name>_nop</name>
         <value>0x12bdc</value>
         <object_component_ref idref="oc-934"/>
      </symbol>
      <symbol id="sm-abc">
         <name>_lock</name>
         <value>0x1db4</value>
         <object_component_ref idref="oc-808"/>
      </symbol>
      <symbol id="sm-abd">
         <name>_unlock</name>
         <value>0x1db8</value>
         <object_component_ref idref="oc-811"/>
      </symbol>
      <symbol id="sm-b3a">
         <name>_sys_memory</name>
         <value>0x4520</value>
         <object_component_ref idref="oc-611"/>
      </symbol>
      <symbol id="sm-b3b">
         <name>free</name>
         <value>0x1157e</value>
         <object_component_ref idref="oc-7f6"/>
      </symbol>
      <symbol id="sm-b3c">
         <name>memalign</name>
         <value>0x10d54</value>
         <object_component_ref idref="oc-8c6"/>
      </symbol>
      <symbol id="sm-b3d">
         <name>malloc</name>
         <value>0x12bae</value>
         <object_component_ref idref="oc-793"/>
      </symbol>
      <symbol id="sm-b3e">
         <name>aligned_alloc</name>
         <value>0x10d54</value>
         <object_component_ref idref="oc-8c6"/>
      </symbol>
      <symbol id="sm-b4c">
         <name>memcpy</name>
         <value>0x12b22</value>
         <object_component_ref idref="oc-61f"/>
      </symbol>
      <symbol id="sm-b5a">
         <name>memset</name>
         <value>0x12af6</value>
         <object_component_ref idref="oc-8ff"/>
      </symbol>
      <symbol id="sm-b87">
         <name>printf</name>
         <value>0x12328</value>
         <object_component_ref idref="oc-775"/>
      </symbol>
      <symbol id="sm-be0">
         <name>__TI_printfi_minimal</name>
         <value>0x112ee</value>
         <object_component_ref idref="oc-871"/>
      </symbol>
      <symbol id="sm-bf0">
         <name>__TI_tmpnams</name>
         <value>0x1dc2</value>
      </symbol>
      <symbol id="sm-bf1">
         <name>_ftable</name>
         <value>0x1c00</value>
         <object_component_ref idref="oc-862"/>
      </symbol>
      <symbol id="sm-bf2">
         <name>__TI_ft_end</name>
         <value>0x1dbc</value>
         <object_component_ref idref="oc-ab1"/>
      </symbol>
      <symbol id="sm-c05">
         <name>putc</name>
         <value>0x11872</value>
         <object_component_ref idref="oc-971"/>
      </symbol>
      <symbol id="sm-c06">
         <name>fputc</name>
         <value>0x11872</value>
         <object_component_ref idref="oc-971"/>
      </symbol>
      <symbol id="sm-c17">
         <name>__TI_doflush</name>
         <value>0x11fd2</value>
         <object_component_ref idref="oc-a08"/>
      </symbol>
      <symbol id="sm-c2f">
         <name>__TI_wrt_ok</name>
         <value>0x11a06</value>
         <object_component_ref idref="oc-9fc"/>
      </symbol>
      <symbol id="sm-c47">
         <name>fputs</name>
         <value>0x10f56</value>
         <object_component_ref idref="oc-96a"/>
      </symbol>
      <symbol id="sm-c5c">
         <name>fseek</name>
         <value>0x11f68</value>
         <object_component_ref idref="oc-a52"/>
      </symbol>
      <symbol id="sm-c6f">
         <name>lseek</name>
         <value>0x12548</value>
         <object_component_ref idref="oc-a78"/>
      </symbol>
      <symbol id="sm-c7e">
         <name>_stream</name>
         <value>0x1d40</value>
         <object_component_ref idref="oc-a64"/>
      </symbol>
      <symbol id="sm-c7f">
         <name>_device</name>
         <value>0x1cc8</value>
         <object_component_ref idref="oc-a93"/>
      </symbol>
      <symbol id="sm-c8b">
         <name>HOSTclose</name>
         <value>0x12290</value>
         <object_component_ref idref="oc-abd"/>
      </symbol>
      <symbol id="sm-c97">
         <name>HOSTlseek</name>
         <value>0x117d8</value>
         <object_component_ref idref="oc-acf"/>
      </symbol>
      <symbol id="sm-ca5">
         <name>parmbuf</name>
         <value>0x1e78</value>
      </symbol>
      <symbol id="sm-ca6">
         <name>HOSTopen</name>
         <value>0x11d48</value>
         <object_component_ref idref="oc-ab7"/>
      </symbol>
      <symbol id="sm-cb3">
         <name>HOSTread</name>
         <value>0x11efe</value>
         <object_component_ref idref="oc-ac3"/>
      </symbol>
      <symbol id="sm-cbf">
         <name>HOSTrename</name>
         <value>0x11bee</value>
         <object_component_ref idref="oc-adb"/>
      </symbol>
      <symbol id="sm-ccb">
         <name>HOSTunlink</name>
         <value>0x12400</value>
         <object_component_ref idref="oc-ad5"/>
      </symbol>
      <symbol id="sm-cd8">
         <name>HOSTwrite</name>
         <value>0x11e28</value>
         <object_component_ref idref="oc-ac9"/>
      </symbol>
      <symbol id="sm-cf6">
         <name>__TI_readmsg</name>
         <value>0x1276c</value>
         <object_component_ref idref="oc-b01"/>
      </symbol>
      <symbol id="sm-cf7">
         <name>C$$IO$$</name>
         <value>0x1269e</value>
         <object_component_ref idref="oc-afb"/>
      </symbol>
      <symbol id="sm-cf8">
         <name>_CIOBUF_</name>
         <value>0x4400</value>
         <object_component_ref idref="oc-b2d"/>
      </symbol>
      <symbol id="sm-cf9">
         <name>__TI_writemsg</name>
         <value>0x1266c</value>
         <object_component_ref idref="oc-afb"/>
      </symbol>
      <symbol id="sm-d01">
         <name>__mspabi_slll_9</name>
         <value>0x12522</value>
         <object_component_ref idref="oc-b0e"/>
      </symbol>
      <symbol id="sm-d02">
         <name>__mspabi_slll_8</name>
         <value>0x12526</value>
         <object_component_ref idref="oc-b0e"/>
      </symbol>
      <symbol id="sm-d03">
         <name>__mspabi_slll_7</name>
         <value>0x1252a</value>
         <object_component_ref idref="oc-b0e"/>
      </symbol>
      <symbol id="sm-d04">
         <name>__mspabi_slll_6</name>
         <value>0x1252e</value>
         <object_component_ref idref="oc-b0e"/>
      </symbol>
      <symbol id="sm-d05">
         <name>__mspabi_slll_5</name>
         <value>0x12532</value>
         <object_component_ref idref="oc-b0e"/>
      </symbol>
      <symbol id="sm-d06">
         <name>__mspabi_slll_4</name>
         <value>0x12536</value>
         <object_component_ref idref="oc-b0e"/>
      </symbol>
      <symbol id="sm-d07">
         <name>__mspabi_slll_3</name>
         <value>0x1253a</value>
         <object_component_ref idref="oc-b0e"/>
      </symbol>
      <symbol id="sm-d08">
         <name>__mspabi_slll_2</name>
         <value>0x1253e</value>
         <object_component_ref idref="oc-b0e"/>
      </symbol>
      <symbol id="sm-d09">
         <name>__mspabi_slll_1</name>
         <value>0x12542</value>
         <object_component_ref idref="oc-b0e"/>
      </symbol>
      <symbol id="sm-d0a">
         <name>__mspabi_slll_15</name>
         <value>0x1250a</value>
         <object_component_ref idref="oc-b0e"/>
      </symbol>
      <symbol id="sm-d0b">
         <name>__mspabi_slll_14</name>
         <value>0x1250e</value>
         <object_component_ref idref="oc-b0e"/>
      </symbol>
      <symbol id="sm-d0c">
         <name>__mspabi_slll_13</name>
         <value>0x12512</value>
         <object_component_ref idref="oc-b0e"/>
      </symbol>
      <symbol id="sm-d0d">
         <name>__mspabi_slll_12</name>
         <value>0x12516</value>
         <object_component_ref idref="oc-b0e"/>
      </symbol>
      <symbol id="sm-d0e">
         <name>__mspabi_slll_11</name>
         <value>0x1251a</value>
         <object_component_ref idref="oc-b0e"/>
      </symbol>
      <symbol id="sm-d0f">
         <name>__mspabi_slll_10</name>
         <value>0x1251e</value>
         <object_component_ref idref="oc-b0e"/>
      </symbol>
      <symbol id="sm-d1e">
         <name>memccpy</name>
         <value>0x129ba</value>
         <object_component_ref idref="oc-a21"/>
      </symbol>
      <symbol id="sm-d2d">
         <name>memchr</name>
         <value>0x12ae0</value>
         <object_component_ref idref="oc-a02"/>
      </symbol>
      <symbol id="sm-d45">
         <name>setvbuf</name>
         <value>0x11210</value>
         <object_component_ref idref="oc-a58"/>
      </symbol>
      <symbol id="sm-d51">
         <name>__TI_cleanup</name>
         <value>0x12636</value>
         <object_component_ref idref="oc-a80"/>
      </symbol>
      <symbol id="sm-d62">
         <name>__TI_closefile</name>
         <value>0x11c62</value>
         <object_component_ref idref="oc-aab"/>
      </symbol>
      <symbol id="sm-d74">
         <name>close</name>
         <value>0x12036</value>
         <object_component_ref idref="oc-ae7"/>
      </symbol>
      <symbol id="sm-d94">
         <name>finddevice</name>
         <value>0x12800</value>
         <object_component_ref idref="oc-b50"/>
      </symbol>
      <symbol id="sm-d95">
         <name>getdevice</name>
         <value>0x12090</value>
         <object_component_ref idref="oc-b21"/>
      </symbol>
      <symbol id="sm-da5">
         <name>strchr</name>
         <value>0x12a48</value>
         <object_component_ref idref="oc-b44"/>
      </symbol>
      <symbol id="sm-db3">
         <name>strcmp</name>
         <value>0x12a64</value>
         <object_component_ref idref="oc-b69"/>
      </symbol>
      <symbol id="sm-dc0">
         <name>strcpy</name>
         <value>0x12b48</value>
         <object_component_ref idref="oc-b17"/>
      </symbol>
      <symbol id="sm-dcd">
         <name>strlen</name>
         <value>0x12b6a</value>
         <object_component_ref idref="oc-978"/>
      </symbol>
      <symbol id="sm-ddd">
         <name>strncpy</name>
         <value>0x1279e</value>
         <object_component_ref idref="oc-b4a"/>
      </symbol>
      <symbol id="sm-de9">
         <name>unlink</name>
         <value>0x127d0</value>
         <object_component_ref idref="oc-aee"/>
      </symbol>
      <symbol id="sm-df7">
         <name>write</name>
         <value>0x125c2</value>
         <object_component_ref idref="oc-a0e"/>
      </symbol>
      <symbol id="sm-dfc">
         <name>DEV_Digital_Read</name>
         <value>0x129f4</value>
      </symbol>
      <symbol id="sm-dfd">
         <name>remove</name>
         <value>0x127d0</value>
      </symbol>
   </symbol_table>
   <title>Link successful</title>
</link_info>
