Archive member included to satisfy reference by file (symbol)

c:/st/stm32cubeide_1.1.0/stm32cubeide/plugins/com.st.stm32cube.ide.mcu.externaltools.gnu-tools-for-stm32.7-2018-q2-update.win32_1.0.0.201904181610/tools/bin/../lib/gcc/arm-none-eabi/7.3.1/../../../../arm-none-eabi/lib/thumb/v7e-m/fpv4-sp/hard\libc_nano.a(lib_a-errno.o)
                              Core/Src/syscalls.o (__errno)
c:/st/stm32cubeide_1.1.0/stm32cubeide/plugins/com.st.stm32cube.ide.mcu.externaltools.gnu-tools-for-stm32.7-2018-q2-update.win32_1.0.0.201904181610/tools/bin/../lib/gcc/arm-none-eabi/7.3.1/../../../../arm-none-eabi/lib/thumb/v7e-m/fpv4-sp/hard\libc_nano.a(lib_a-exit.o)
                              c:/st/stm32cubeide_1.1.0/stm32cubeide/plugins/com.st.stm32cube.ide.mcu.externaltools.gnu-tools-for-stm32.7-2018-q2-update.win32_1.0.0.201904181610/tools/bin/../lib/gcc/arm-none-eabi/7.3.1/../../../../arm-none-eabi/lib/thumb/v7e-m/fpv4-sp/hard/crt0.o (exit)
c:/st/stm32cubeide_1.1.0/stm32cubeide/plugins/com.st.stm32cube.ide.mcu.externaltools.gnu-tools-for-stm32.7-2018-q2-update.win32_1.0.0.201904181610/tools/bin/../lib/gcc/arm-none-eabi/7.3.1/../../../../arm-none-eabi/lib/thumb/v7e-m/fpv4-sp/hard\libc_nano.a(lib_a-impure.o)
                              c:/st/stm32cubeide_1.1.0/stm32cubeide/plugins/com.st.stm32cube.ide.mcu.externaltools.gnu-tools-for-stm32.7-2018-q2-update.win32_1.0.0.201904181610/tools/bin/../lib/gcc/arm-none-eabi/7.3.1/../../../../arm-none-eabi/lib/thumb/v7e-m/fpv4-sp/hard\libc_nano.a(lib_a-exit.o) (_global_impure_ptr)
c:/st/stm32cubeide_1.1.0/stm32cubeide/plugins/com.st.stm32cube.ide.mcu.externaltools.gnu-tools-for-stm32.7-2018-q2-update.win32_1.0.0.201904181610/tools/bin/../lib/gcc/arm-none-eabi/7.3.1/../../../../arm-none-eabi/lib/thumb/v7e-m/fpv4-sp/hard\libc_nano.a(lib_a-init.o)
                              c:/st/stm32cubeide_1.1.0/stm32cubeide/plugins/com.st.stm32cube.ide.mcu.externaltools.gnu-tools-for-stm32.7-2018-q2-update.win32_1.0.0.201904181610/tools/bin/../lib/gcc/arm-none-eabi/7.3.1/../../../../arm-none-eabi/lib/thumb/v7e-m/fpv4-sp/hard/crt0.o (__libc_init_array)
c:/st/stm32cubeide_1.1.0/stm32cubeide/plugins/com.st.stm32cube.ide.mcu.externaltools.gnu-tools-for-stm32.7-2018-q2-update.win32_1.0.0.201904181610/tools/bin/../lib/gcc/arm-none-eabi/7.3.1/../../../../arm-none-eabi/lib/thumb/v7e-m/fpv4-sp/hard\libc_nano.a(lib_a-memset.o)
                              c:/st/stm32cubeide_1.1.0/stm32cubeide/plugins/com.st.stm32cube.ide.mcu.externaltools.gnu-tools-for-stm32.7-2018-q2-update.win32_1.0.0.201904181610/tools/bin/../lib/gcc/arm-none-eabi/7.3.1/../../../../arm-none-eabi/lib/thumb/v7e-m/fpv4-sp/hard/crt0.o (memset)
c:/st/stm32cubeide_1.1.0/stm32cubeide/plugins/com.st.stm32cube.ide.mcu.externaltools.gnu-tools-for-stm32.7-2018-q2-update.win32_1.0.0.201904181610/tools/bin/../lib/gcc/arm-none-eabi/7.3.1/../../../../arm-none-eabi/lib/thumb/v7e-m/fpv4-sp/hard\libc_nano.a(lib_a-printf.o)
                              Core/Src/EpdDriver.o (printf)
c:/st/stm32cubeide_1.1.0/stm32cubeide/plugins/com.st.stm32cube.ide.mcu.externaltools.gnu-tools-for-stm32.7-2018-q2-update.win32_1.0.0.201904181610/tools/bin/../lib/gcc/arm-none-eabi/7.3.1/../../../../arm-none-eabi/lib/thumb/v7e-m/fpv4-sp/hard\libc_nano.a(lib_a-puts.o)
                              Core/Src/EpdDriver.o (puts)
c:/st/stm32cubeide_1.1.0/stm32cubeide/plugins/com.st.stm32cube.ide.mcu.externaltools.gnu-tools-for-stm32.7-2018-q2-update.win32_1.0.0.201904181610/tools/bin/../lib/gcc/arm-none-eabi/7.3.1/../../../../arm-none-eabi/lib/thumb/v7e-m/fpv4-sp/hard\libc_nano.a(lib_a-wbuf.o)
                              c:/st/stm32cubeide_1.1.0/stm32cubeide/plugins/com.st.stm32cube.ide.mcu.externaltools.gnu-tools-for-stm32.7-2018-q2-update.win32_1.0.0.201904181610/tools/bin/../lib/gcc/arm-none-eabi/7.3.1/../../../../arm-none-eabi/lib/thumb/v7e-m/fpv4-sp/hard\libc_nano.a(lib_a-puts.o) (__swbuf_r)
c:/st/stm32cubeide_1.1.0/stm32cubeide/plugins/com.st.stm32cube.ide.mcu.externaltools.gnu-tools-for-stm32.7-2018-q2-update.win32_1.0.0.201904181610/tools/bin/../lib/gcc/arm-none-eabi/7.3.1/../../../../arm-none-eabi/lib/thumb/v7e-m/fpv4-sp/hard\libc_nano.a(lib_a-wsetup.o)
                              c:/st/stm32cubeide_1.1.0/stm32cubeide/plugins/com.st.stm32cube.ide.mcu.externaltools.gnu-tools-for-stm32.7-2018-q2-update.win32_1.0.0.201904181610/tools/bin/../lib/gcc/arm-none-eabi/7.3.1/../../../../arm-none-eabi/lib/thumb/v7e-m/fpv4-sp/hard\libc_nano.a(lib_a-puts.o) (__swsetup_r)
c:/st/stm32cubeide_1.1.0/stm32cubeide/plugins/com.st.stm32cube.ide.mcu.externaltools.gnu-tools-for-stm32.7-2018-q2-update.win32_1.0.0.201904181610/tools/bin/../lib/gcc/arm-none-eabi/7.3.1/../../../../arm-none-eabi/lib/thumb/v7e-m/fpv4-sp/hard\libc_nano.a(lib_a-fflush.o)
[...]
Memory Configuration

Name             Origin             Length             Attributes
RAM              0x0000000020000000 0x00000000000a0000 xrw
FLASH            0x0000000008000000 0x0000000000200000 xr
*default*        0x0000000000000000 0xffffffffffffffff

Linker script and memory map

LOAD c:/st/stm32cubeide_1.1.0/stm32cubeide/plugins/com.st.stm32cube.ide.mcu.externaltools.gnu-tools-for-stm32.7-2018-q2-update.win32_1.0.0.201904181610/tools/bin/../lib/gcc/arm-none-eabi/7.3.1/thumb/v7e-m/fpv4-sp/hard/crti.o
LOAD c:/st/stm32cubeide_1.1.0/stm32cubeide/plugins/com.st.stm32cube.ide.mcu.externaltools.gnu-tools-for-stm32.7-2018-q2-update.win32_1.0.0.201904181610/tools/bin/../lib/gcc/arm-none-eabi/7.3.1/thumb/v7e-m/fpv4-sp/hard/crtbegin.o
LOAD c:/st/stm32cubeide_1.1.0/stm32cubeide/plugins/com.st.stm32cube.ide.mcu.externaltools.gnu-tools-for-stm32.7-2018-q2-update.win32_1.0.0.201904181610/tools/bin/../lib/gcc/arm-none-eabi/7.3.1/../../../../arm-none-eabi/lib/thumb/v7e-m/fpv4-sp/hard/crt0.o
LOAD Core/Src/05.o
LOAD Core/Src/EpdDriver.o
LOAD Core/Src/GUI_Paint.o
LOAD Core/Src/Kalender.o
LOAD Core/Src/ULPWUR.o
LOAD Core/Src/bmp.o
LOAD Core/Src/dma.o
LOAD Core/Src/font12.o
LOAD Core/Src/font16.o
LOAD Core/Src/font20.o
LOAD Core/Src/font24.o
LOAD Core/Src/font8.o
LOAD Core/Src/gpio.o
LOAD Core/Src/iceage.o
LOAD Core/Src/kal.o
LOAD Core/Src/main.o
LOAD Core/Src/pic.o
LOAD Core/Src/spi.o
LOAD Core/Src/stm32l4xx_hal_msp.o
LOAD Core/Src/stm32l4xx_it.o
LOAD Core/Src/sys.o
LOAD Core/Src/syscalls.o
LOAD Core/Src/sysmem.o
LOAD Core/Src/system_stm32l4xx.o
LOAD Core/Src/usart.o
LOAD Core/Startup/startup_stm32l4r5zitx.o
LOAD Drivers/STM32L4xx_HAL_Driver/Src/stm32l4xx_hal.o
LOAD Drivers/STM32L4xx_HAL_Driver/Src/stm32l4xx_hal_cortex.o
LOAD Drivers/STM32L4xx_HAL_Driver/Src/stm32l4xx_hal_dma.o
LOAD Drivers/STM32L4xx_HAL_Driver/Src/stm32l4xx_hal_dma_ex.o
LOAD Drivers/STM32L4xx_HAL_Driver/Src/stm32l4xx_hal_exti.o
LOAD Drivers/STM32L4xx_HAL_Driver/Src/stm32l4xx_hal_flash.o
LOAD Drivers/STM32L4xx_HAL_Driver/Src/stm32l4xx_hal_flash_ex.o
LOAD Drivers/STM32L4xx_HAL_Driver/Src/stm32l4xx_hal_flash_ramfunc.o
LOAD Drivers/STM32L4xx_HAL_Driver/Src/stm32l4xx_hal_gpio.o
LOAD Drivers/STM32L4xx_HAL_Driver/Src/stm32l4xx_hal_i2c.o
LOAD Drivers/STM32L4xx_HAL_Driver/Src/stm32l4xx_hal_i2c_ex.o
LOAD Drivers/STM32L4xx_HAL_Driver/Src/stm32l4xx_hal_pwr.o
LOAD Drivers/STM32L4xx_HAL_Driver/Src/stm32l4xx_hal_pwr_ex.o
LOAD Drivers/STM32L4xx_HAL_Driver/Src/stm32l4xx_hal_rcc.o
LOAD Drivers/STM32L4xx_HAL_Driver/Src/stm32l4xx_hal_rcc_ex.o
LOAD Drivers/STM32L4xx_HAL_Driver/Src/stm32l4xx_hal_spi.o
LOAD Drivers/STM32L4xx_HAL_Driver/Src/stm32l4xx_hal_spi_ex.o
LOAD Drivers/STM32L4xx_HAL_Driver/Src/stm32l4xx_hal_tim.o
LOAD Drivers/STM32L4xx_HAL_Driver/Src/stm32l4xx_hal_tim_ex.o
LOAD Drivers/STM32L4xx_HAL_Driver/Src/stm32l4xx_hal_uart.o
LOAD Drivers/STM32L4xx_HAL_Driver/Src/stm32l4xx_hal_uart_ex.o
START GROUP
LOAD c:/st/stm32cubeide_1.1.0/stm32cubeide/plugins/com.st.stm32cube.ide.mcu.externaltools.gnu-tools-for-stm32.7-2018-q2-update.win32_1.0.0.201904181610/tools/bin/../lib/gcc/arm-none-eabi/7.3.1/../../../../arm-none-eabi/lib/thumb/v7e-m/fpv4-sp/hard\libc_nano.a
LOAD c:/st/stm32cubeide_1.1.0/stm32cubeide/plugins/com.st.stm32cube.ide.mcu.externaltools.gnu-tools-for-stm32.7-2018-q2-update.win32_1.0.0.201904181610/tools/bin/../lib/gcc/arm-none-eabi/7.3.1/../../../../arm-none-eabi/lib/thumb/v7e-m/fpv4-sp/hard\libm.a
END GROUP
START GROUP
LOAD c:/st/stm32cubeide_1.1.0/stm32cubeide/plugins/com.st.stm32cube.ide.mcu.externaltools.gnu-tools-for-stm32.7-2018-q2-update.win32_1.0.0.201904181610/tools/bin/../lib/gcc/arm-none-eabi/7.3.1/thumb/v7e-m/fpv4-sp/hard\libgcc.a
LOAD c:/st/stm32cubeide_1.1.0/stm32cubeide/plugins/com.st.stm32cube.ide.mcu.externaltools.gnu-tools-for-stm32.7-2018-q2-update.win32_1.0.0.201904181610/tools/bin/../lib/gcc/arm-none-eabi/7.3.1/../../../../arm-none-eabi/lib/thumb/v7e-m/fpv4-sp/hard\libc_nano.a
END GROUP
START GROUP
LOAD c:/st/stm32cubeide_1.1.0/stm32cubeide/plugins/com.st.stm32cube.ide.mcu.externaltools.gnu-tools-for-stm32.7-2018-q2-update.win32_1.0.0.201904181610/tools/bin/../lib/gcc/arm-none-eabi/7.3.1/thumb/v7e-m/fpv4-sp/hard\libgcc.a
LOAD c:/st/stm32cubeide_1.1.0/stm32cubeide/plugins/com.st.stm32cube.ide.mcu.externaltools.gnu-tools-for-stm32.7-2018-q2-update.win32_1.0.0.201904181610/tools/bin/../lib/gcc/arm-none-eabi/7.3.1/../../../../arm-none-eabi/lib/thumb/v7e-m/fpv4-sp/hard\libc_nano.a
LOAD c:/st/stm32cubeide_1.1.0/stm32cubeide/plugins/com.st.stm32cube.ide.mcu.externaltools.gnu-tools-for-stm32.7-2018-q2-update.win32_1.0.0.201904181610/tools/bin/../lib/gcc/arm-none-eabi/7.3.1/../../../../arm-none-eabi/lib/thumb/v7e-m/fpv4-sp/hard\libnosys.a
END GROUP
START GROUP
LOAD c:/st/stm32cubeide_1.1.0/stm32cubeide/plugins/com.st.stm32cube.ide.mcu.externaltools.gnu-tools-for-stm32.7-2018-q2-update.win32_1.0.0.201904181610/tools/bin/../lib/gcc/arm-none-eabi/7.3.1/thumb/v7e-m/fpv4-sp/hard\libgcc.a
LOAD c:/st/stm32cubeide_1.1.0/stm32cubeide/plugins/com.st.stm32cube.ide.mcu.externaltools.gnu-tools-for-stm32.7-2018-q2-update.win32_1.0.0.201904181610/tools/bin/../lib/gcc/arm-none-eabi/7.3.1/../../../../arm-none-eabi/lib/thumb/v7e-m/fpv4-sp/hard\libc_nano.a
LOAD c:/st/stm32cubeide_1.1.0/stm32cubeide/plugins/com.st.stm32cube.ide.mcu.externaltools.gnu-tools-for-stm32.7-2018-q2-update.win32_1.0.0.201904181610/tools/bin/../lib/gcc/arm-none-eabi/7.3.1/../../../../arm-none-eabi/lib/thumb/v7e-m/fpv4-sp/hard\libnosys.a
END GROUP
LOAD c:/st/stm32cubeide_1.1.0/stm32cubeide/plugins/com.st.stm32cube.ide.mcu.externaltools.gnu-tools-for-stm32.7-2018-q2-update.win32_1.0.0.201904181610/tools/bin/../lib/gcc/arm-none-eabi/7.3.1/thumb/v7e-m/fpv4-sp/hard/crtend.o
LOAD c:/st/stm32cubeide_1.1.0/stm32cubeide/plugins/com.st.stm32cube.ide.mcu.externaltools.gnu-tools-for-stm32.7-2018-q2-update.win32_1.0.0.201904181610/tools/bin/../lib/gcc/arm-none-eabi/7.3.1/thumb/v7e-m/fpv4-sp/hard/crtn.o
                0x00000000200a0000                _estack = (ORIGIN (RAM) + LENGTH (RAM))
                0x0000000000000200                _Min_Heap_Size = 0x200
                0x0000000000000400                _Min_Stack_Size = 0x400

.isr_vector     0x0000000008000000      0x1bc
                0x0000000008000000                . = ALIGN (0x4)
 *(.isr_vector)
 .isr_vector    0x0000000008000000      0x1bc Core/Startup/startup_stm32l4r5zitx.o
                0x0000000008000000                g_pfnVectors
                0x00000000080001bc                . = ALIGN (0x4)

.text           0x00000000080001c0     0x6f34
                0x00000000080001c0                . = ALIGN (0x4)
 *(.text)
 .text          0x00000000080001c0       0x40 c:/st/stm32cubeide_1.1.0/stm32cubeide/plugins/com.st.stm32cube.ide.mcu.externaltools.gnu-tools-for-stm32.7-2018-q2-update.win32_1.0.0.201904181610/tools/bin/../lib/gcc/arm-none-eabi/7.3.1/thumb/v7e-m/fpv4-sp/hard/crtbegin.o
 .text          0x0000000008000200       0xa0 c:/st/stm32cubeide_1.1.0/stm32cubeide/plugins/com.st.stm32cube.ide.mcu.externaltools.gnu-tools-for-stm32.7-2018-q2-update.win32_1.0.0.201904181610/tools/bin/../lib/gcc/arm-none-eabi/7.3.1/../../../../arm-none-eabi/lib/thumb/v7e-m/fpv4-sp/hard\libc_nano.a(lib_a-memchr.o)
                0x0000000008000200                memchr
 .text          0x00000000080002a0       0x30 c:/st/stm32cubeide_1.1.0/stm32cubeide/plugins/com.st.stm32cube.ide.mcu.externaltools.gnu-tools-for-stm32.7-2018-q2-update.win32_1.0.0.201904181610/tools/bin/../lib/gcc/arm-none-eabi/7.3.1/thumb/v7e-m/fpv4-sp/hard\libgcc.a(_aeabi_uldivmod.o)
                0x00000000080002a0                __aeabi_uldivmod
 .text          0x00000000080002d0      0x2cc c:/st/stm32cubeide_1.1.0/stm32cubeide/plugins/com.st.stm32cube.ide.mcu.externaltools.gnu-tools-for-stm32.7-2018-q2-update.win32_1.0.0.201904181610/tools/bin/../lib/gcc/arm-none-eabi/7.3.1/thumb/v7e-m/fpv4-sp/hard\libgcc.a(_udivmoddi4.o)
                0x00000000080002d0                __udivmoddi4
 .text          0x000000000800059c        0x4 c:/st/stm32cubeide_1.1.0/stm32cubeide/plugins/com.st.stm32cube.ide.mcu.externaltools.gnu-tools-for-stm32.7-2018-q2-update.win32_1.0.0.201904181610/tools/bin/../lib/gcc/arm-none-eabi/7.3.1/thumb/v7e-m/fpv4-sp/hard\libgcc.a(_dvmd_tls.o)
                0x000000000800059c                __aeabi_idiv0
                0x000000000800059c                __aeabi_ldiv0
 *(.text*)
 .text.LCDWaitForReady
                0x00000000080005a0       0x32 Core/Src/EpdDriver.o
                0x00000000080005a0                LCDWaitForReady
 *fill*         0x00000000080005d2        0x2 
 .text.LCDWriteCmdCode
                0x00000000080005d4       0x5c Core/Src/EpdDriver.o
                0x00000000080005d4                LCDWriteCmdCode
 .text.LCDWriteData
                0x0000000008000630       0x5c Core/Src/EpdDriver.o
                0x0000000008000630                LCDWriteData
 .text.LCDWriteNData
                0x000000000800068c       0x94 Core/Src/EpdDriver.o
                0x000000000800068c                LCDWriteNData
 .text.LCDReadData
                0x0000000008000720       0x94 Core/Src/EpdDriver.o
                0x0000000008000720                LCDReadData
 .text.LCDReadNData
                0x00000000080007b4       0xc8 Core/Src/EpdDriver.o
                0x00000000080007b4                LCDReadNData
 .text.LCDSendCmdArg
                0x000000000800087c       0x44 Core/Src/EpdDriver.o
                0x000000000800087c                LCDSendCmdArg
 .text.IT8951ReadReg
                0x00000000080008c0       0x2a Core/Src/EpdDriver.o
                0x00000000080008c0                IT8951ReadReg
 .text.IT8951WriteReg
                0x00000000080008ea       0x2e Core/Src/EpdDriver.o
                0x00000000080008ea                IT8951WriteReg
 .text.IT8951LoadImgAreaStart
                0x0000000008000918       0x5a Core/Src/EpdDriver.o
                0x0000000008000918                IT8951LoadImgAreaStart
 .text.IT8951LoadImgEnd
                0x0000000008000972        0xe Core/Src/EpdDriver.o
                0x0000000008000972                IT8951LoadImgEnd
 .text.GetIT8951SystemInfo
                0x0000000008000980       0x78 Core/Src/EpdDriver.o
                0x0000000008000980                GetIT8951SystemInfo
 .text.IT8951SetImgBufBaseAddr
                0x00000000080009f8       0x32 Core/Src/EpdDriver.o
                0x00000000080009f8                IT8951SetImgBufBaseAddr
 .text.IT8951WaitForDisplayReady
                0x0000000008000a2a       0x18 Core/Src/EpdDriver.o
                0x0000000008000a2a                IT8951WaitForDisplayReady
 .text.IT8951HostAreaPackedPixelWrite
                0x0000000008000a42       0x4a Core/Src/EpdDriver.o
                0x0000000008000a42                IT8951HostAreaPackedPixelWrite
 .text.IT8951DisplayArea
                0x0000000008000a8c       0x54 Core/Src/EpdDriver.o
                0x0000000008000a8c                IT8951DisplayArea
 .text.IT8951_Init
                0x0000000008000ae0       0x6c Core/Src/EpdDriver.o
                0x0000000008000ae0                IT8951_Init
 .text.EpdDriverLoadTemplate
                0x0000000008000b4c       0x6c Core/Src/EpdDriver.o
                0x0000000008000b4c                EpdDriverLoadTemplate
 .text.EpdDriverDrawBox
                0x0000000008000bb8       0x60 Core/Src/EpdDriver.o
                0x0000000008000bb8                EpdDriverDrawBox
 .text.EpdDriverShowDisp
                0x0000000008000c18       0x20 Core/Src/EpdDriver.o
                0x0000000008000c18                EpdDriverShowDisp
 .text.Paint_NewImage
                0x0000000008000c38       0x88 Core/Src/GUI_Paint.o
                0x0000000008000c38                Paint_NewImage
 .text.Paint_SetPixel
                0x0000000008000cc0      0x158 Core/Src/GUI_Paint.o
                0x0000000008000cc0                Paint_SetPixel
 .text.Paint_Clear
                0x0000000008000e18       0x64 Core/Src/GUI_Paint.o
                0x0000000008000e18                Paint_Clear
 .text.Paint_DrawChar
                0x0000000008000e7c      0x158 Core/Src/GUI_Paint.o
                0x0000000008000e7c                Paint_DrawChar
 .text.Paint_DrawString_EN
                0x0000000008000fd4       0xa8 Core/Src/GUI_Paint.o
                0x0000000008000fd4                Paint_DrawString_EN
 .text.DrawCalenderField
                0x000000000800107c      0x1d4 Core/Src/ULPWUR.o
                0x000000000800107c                DrawCalenderField
 .text.MX_DMA_Init
                0x0000000008001250       0x64 Core/Src/dma.o
                0x0000000008001250                MX_DMA_Init
 .text.MX_GPIO_Init
                0x00000000080012b4      0x214 Core/Src/gpio.o
                0x00000000080012b4                MX_GPIO_Init
 .text.main     0x00000000080014c8      0x128 Core/Src/main.o
                0x00000000080014c8                main
 .text.SystemClock_Config
                0x00000000080015f0       0xe8 Core/Src/main.o
                0x00000000080015f0                SystemClock_Config
 .text.Error_Handler
                0x00000000080016d8        0xe Core/Src/main.o
                0x00000000080016d8                Error_Handler
 *fill*         0x00000000080016e6        0x2 
 .text.MX_SPI1_Init
                0x00000000080016e8       0x7c Core/Src/spi.o
                0x00000000080016e8                MX_SPI1_Init
 .text.HAL_SPI_MspInit
                0x0000000008001764       0x84 Core/Src/spi.o
                0x0000000008001764                HAL_SPI_MspInit
 .text.HAL_MspInit
                0x00000000080017e8       0x48 Core/Src/stm32l4xx_hal_msp.o
                0x00000000080017e8                HAL_MspInit
 .text.NMI_Handler
                0x0000000008001830        0xe Core/Src/stm32l4xx_it.o
                0x0000000008001830                NMI_Handler
 .text.HardFault_Handler
                0x000000000800183e        0x6 Core/Src/stm32l4xx_it.o
                0x000000000800183e                HardFault_Handler
 .text.MemManage_Handler
                0x0000000008001844        0x6 Core/Src/stm32l4xx_it.o
                0x0000000008001844                MemManage_Handler
 .text.BusFault_Handler
                0x000000000800184a        0x6 Core/Src/stm32l4xx_it.o
                0x000000000800184a                BusFault_Handler
 .text.UsageFault_Handler
                0x0000000008001850        0x6 Core/Src/stm32l4xx_it.o
                0x0000000008001850                UsageFault_Handler
 .text.SVC_Handler
                0x0000000008001856        0xe Core/Src/stm32l4xx_it.o
                0x0000000008001856                SVC_Handler
 .text.DebugMon_Handler
                0x0000000008001864        0xe Core/Src/stm32l4xx_it.o
                0x0000000008001864                DebugMon_Handler
 .text.PendSV_Handler
                0x0000000008001872        0xe Core/Src/stm32l4xx_it.o
                0x0000000008001872                PendSV_Handler
 .text.SysTick_Handler
                0x0000000008001880        0xc Core/Src/stm32l4xx_it.o
                0x0000000008001880                SysTick_Handler
 .text.DMA1_Channel1_IRQHandler
                0x000000000800188c       0x14 Core/Src/stm32l4xx_it.o
                0x000000000800188c                DMA1_Channel1_IRQHandler
 .text.DMA1_Channel2_IRQHandler
                0x00000000080018a0       0x14 Core/Src/stm32l4xx_it.o
                0x00000000080018a0                DMA1_Channel2_IRQHandler
 .text._read    0x00000000080018b4       0x3a Core/Src/syscalls.o
                0x00000000080018b4                _read
 .text._write   0x00000000080018ee       0x38 Core/Src/syscalls.o
                0x00000000080018ee                _write
 .text._close   0x0000000008001926       0x18 Core/Src/syscalls.o
                0x0000000008001926                _close
 .text._fstat   0x000000000800193e       0x20 Core/Src/syscalls.o
                0x000000000800193e                _fstat
 .text._isatty  0x000000000800195e       0x16 Core/Src/syscalls.o
                0x000000000800195e                _isatty
 .text._lseek   0x0000000008001974       0x1a Core/Src/syscalls.o
                0x0000000008001974                _lseek
 *fill*         0x000000000800198e        0x2 
 .text._sbrk    0x0000000008001990       0x58 Core/Src/sysmem.o
                0x0000000008001990                _sbrk
 .text.SystemInit
                0x00000000080019e8       0x6c Core/Src/system_stm32l4xx.o
                0x00000000080019e8                SystemInit
 .text.MX_UART4_Init
                0x0000000008001a54       0x60 Core/Src/usart.o
                0x0000000008001a54                MX_UART4_Init
 .text.HAL_UART_MspInit
                0x0000000008001ab4      0x13c Core/Src/usart.o
                0x0000000008001ab4                HAL_UART_MspInit
 .text.Reset_Handler
                0x0000000008001bf0       0x50 Core/Startup/startup_stm32l4r5zitx.o
                0x0000000008001bf0                Reset_Handler
 .text.Default_Handler
                0x0000000008001c40        0x2 Core/Startup/startup_stm32l4r5zitx.o
                0x0000000008001c40                RTC_Alarm_IRQHandler
                0x0000000008001c40                EXTI2_IRQHandler
                0x0000000008001c40                TIM8_TRG_COM_IRQHandler
                0x0000000008001c40                TIM8_CC_IRQHandler
                0x0000000008001c40                TIM1_CC_IRQHandler
                0x0000000008001c40                TSC_IRQHandler
                0x0000000008001c40                TAMP_STAMP_IRQHandler
                0x0000000008001c40                EXTI3_IRQHandler
                0x0000000008001c40                LPTIM2_IRQHandler
                0x0000000008001c40                DFSDM1_FLT1_IRQHandler
                0x0000000008001c40                GFXMMU_IRQHandler
                0x0000000008001c40                I2C3_ER_IRQHandler
                0x0000000008001c40                DFSDM1_FLT2_IRQHandler
                0x0000000008001c40                EXTI0_IRQHandler
                0x0000000008001c40                I2C2_EV_IRQHandler
                0x0000000008001c40                CAN1_RX0_IRQHandler
                0x0000000008001c40                FPU_IRQHandler
                0x0000000008001c40                TIM1_UP_TIM16_IRQHandler
                0x0000000008001c40                LTDC_ER_IRQHandler
                0x0000000008001c40                SPI1_IRQHandler
                0x0000000008001c40                OCTOSPI1_IRQHandler
                0x0000000008001c40                TIM6_DAC_IRQHandler
                0x0000000008001c40                DCMI_IRQHandler
                0x0000000008001c40                TIM8_UP_IRQHandler
                0x0000000008001c40                OCTOSPI2_IRQHandler
                0x0000000008001c40                DMA2_Channel2_IRQHandler
                0x0000000008001c40                DMA1_Channel4_IRQHandler
                0x0000000008001c40                SAI2_IRQHandler
                0x0000000008001c40                ADC1_IRQHandler
                0x0000000008001c40                DFSDM1_FLT3_IRQHandler
                0x0000000008001c40                USART3_IRQHandler
                0x0000000008001c40                DMA1_Channel7_IRQHandler
                0x0000000008001c40                CAN1_RX1_IRQHandler
                0x0000000008001c40                UART5_IRQHandler
                0x0000000008001c40                TIM4_IRQHandler
                0x0000000008001c40                DMA2_Channel1_IRQHandler
                0x0000000008001c40                I2C1_EV_IRQHandler
                0x0000000008001c40                DMAMUX1_OVR_IRQHandler
                0x0000000008001c40                DMA1_Channel6_IRQHandler
                0x0000000008001c40                UART4_IRQHandler
                0x0000000008001c40                DMA2_Channel4_IRQHandler
                0x0000000008001c40                TIM3_IRQHandler
                0x0000000008001c40                RCC_IRQHandler
                0x0000000008001c40                Default_Handler
                0x0000000008001c40                DMA2_Channel7_IRQHandler
                0x0000000008001c40                EXTI15_10_IRQHandler
                0x0000000008001c40                TIM7_IRQHandler
                0x0000000008001c40                SDMMC1_IRQHandler
                0x0000000008001c40                TIM5_IRQHandler
                0x0000000008001c40                I2C3_EV_IRQHandler
                0x0000000008001c40                EXTI9_5_IRQHandler
                0x0000000008001c40                RTC_WKUP_IRQHandler
                0x0000000008001c40                LTDC_IRQHandler
                0x0000000008001c40                PVD_PVM_IRQHandler
                0x0000000008001c40                SPI2_IRQHandler
                0x0000000008001c40                CAN1_TX_IRQHandler
                0x0000000008001c40                DMA2_Channel5_IRQHandler
                0x0000000008001c40                CRS_IRQHandler
                0x0000000008001c40                DMA1_Channel5_IRQHandler
                0x0000000008001c40                EXTI4_IRQHandler
                0x0000000008001c40                RNG_IRQHandler
                0x0000000008001c40                TIM1_TRG_COM_TIM17_IRQHandler
                0x0000000008001c40                DMA1_Channel3_IRQHandler
                0x0000000008001c40                COMP_IRQHandler
                0x0000000008001c40                WWDG_IRQHandler
                0x0000000008001c40                I2C4_EV_IRQHandler
                0x0000000008001c40                LPUART1_IRQHandler
                0x0000000008001c40                DMA2_Channel6_IRQHandler
                0x0000000008001c40                TIM2_IRQHandler
                0x0000000008001c40                DMA2D_IRQHandler
                0x0000000008001c40                EXTI1_IRQHandler
                0x0000000008001c40                USART2_IRQHandler
                0x0000000008001c40                DFSDM1_FLT0_IRQHandler
                0x0000000008001c40                I2C2_ER_IRQHandler
                0x0000000008001c40                TIM8_BRK_IRQHandler
                0x0000000008001c40                CAN1_SCE_IRQHandler
                0x0000000008001c40                FLASH_IRQHandler
                0x0000000008001c40                USART1_IRQHandler
                0x0000000008001c40                OTG_FS_IRQHandler
                0x0000000008001c40                SPI3_IRQHandler
                0x0000000008001c40                I2C1_ER_IRQHandler
                0x0000000008001c40                FMC_IRQHandler
                0x0000000008001c40                LPTIM1_IRQHandler
                0x0000000008001c40                I2C4_ER_IRQHandler
                0x0000000008001c40                SAI1_IRQHandler
                0x0000000008001c40                DMA2_Channel3_IRQHandler
                0x0000000008001c40                TIM1_BRK_TIM15_IRQHandler
 .text.HAL_Init
                0x0000000008001c42       0x30 Drivers/STM32L4xx_HAL_Driver/Src/stm32l4xx_hal.o
                0x0000000008001c42                HAL_Init
 *fill*         0x0000000008001c72        0x2 
 .text.HAL_InitTick
                0x0000000008001c74       0x74 Drivers/STM32L4xx_HAL_Driver/Src/stm32l4xx_hal.o
                0x0000000008001c74                HAL_InitTick
 .text.HAL_IncTick
                0x0000000008001ce8       0x24 Drivers/STM32L4xx_HAL_Driver/Src/stm32l4xx_hal.o
                0x0000000008001ce8                HAL_IncTick
 .text.HAL_GetTick
                0x0000000008001d0c       0x18 Drivers/STM32L4xx_HAL_Driver/Src/stm32l4xx_hal.o
                0x0000000008001d0c                HAL_GetTick
 .text.HAL_Delay
                0x0000000008001d24       0x44 Drivers/STM32L4xx_HAL_Driver/Src/stm32l4xx_hal.o
                0x0000000008001d24                HAL_Delay
 .text.__NVIC_SetPriorityGrouping
                0x0000000008001d68       0x48 Drivers/STM32L4xx_HAL_Driver/Src/stm32l4xx_hal_cortex.o
 .text.__NVIC_GetPriorityGrouping
                0x0000000008001db0       0x1c Drivers/STM32L4xx_HAL_Driver/Src/stm32l4xx_hal_cortex.o
 .text.__NVIC_EnableIRQ
                0x0000000008001dcc       0x3c Drivers/STM32L4xx_HAL_Driver/Src/stm32l4xx_hal_cortex.o
 .text.__NVIC_SetPriority
                0x0000000008001e08       0x54 Drivers/STM32L4xx_HAL_Driver/Src/stm32l4xx_hal_cortex.o
 .text.NVIC_EncodePriority
                0x0000000008001e5c       0x66 Drivers/STM32L4xx_HAL_Driver/Src/stm32l4xx_hal_cortex.o
 *fill*         0x0000000008001ec2        0x2 
 .text.SysTick_Config
                0x0000000008001ec4       0x44 Drivers/STM32L4xx_HAL_Driver/Src/stm32l4xx_hal_cortex.o
 .text.HAL_NVIC_SetPriorityGrouping
                0x0000000008001f08       0x16 Drivers/STM32L4xx_HAL_Driver/Src/stm32l4xx_hal_cortex.o
                0x0000000008001f08                HAL_NVIC_SetPriorityGrouping
 .text.HAL_NVIC_SetPriority
                0x0000000008001f1e       0x38 Drivers/STM32L4xx_HAL_Driver/Src/stm32l4xx_hal_cortex.o
                0x0000000008001f1e                HAL_NVIC_SetPriority
 .text.HAL_NVIC_EnableIRQ
                0x0000000008001f56       0x1c Drivers/STM32L4xx_HAL_Driver/Src/stm32l4xx_hal_cortex.o
                0x0000000008001f56                HAL_NVIC_EnableIRQ
 .text.HAL_SYSTICK_Config
                0x0000000008001f72       0x18 Drivers/STM32L4xx_HAL_Driver/Src/stm32l4xx_hal_cortex.o
                0x0000000008001f72                HAL_SYSTICK_Config
 *fill*         0x0000000008001f8a        0x2 
 .text.HAL_DMA_Init
                0x0000000008001f8c      0x150 Drivers/STM32L4xx_HAL_Driver/Src/stm32l4xx_hal_dma.o
                0x0000000008001f8c                HAL_DMA_Init
 .text.HAL_DMA_IRQHandler
                0x00000000080020dc      0x15e Drivers/STM32L4xx_HAL_Driver/Src/stm32l4xx_hal_dma.o
                0x00000000080020dc                HAL_DMA_IRQHandler
 *fill*         0x000000000800223a        0x2 
 .text.DMA_CalcDMAMUXChannelBaseAndMask
                0x000000000800223c       0x7c Drivers/STM32L4xx_HAL_Driver/Src/stm32l4xx_hal_dma.o
 .text.DMA_CalcDMAMUXRequestGenBaseAndMask
                0x00000000080022b8       0x48 Drivers/STM32L4xx_HAL_Driver/Src/stm32l4xx_hal_dma.o
 .text.HAL_GPIO_Init
                0x0000000008002300      0x324 Drivers/STM32L4xx_HAL_Driver/Src/stm32l4xx_hal_gpio.o
                0x0000000008002300                HAL_GPIO_Init
 .text.HAL_GPIO_ReadPin
                0x0000000008002624       0x30 Drivers/STM32L4xx_HAL_Driver/Src/stm32l4xx_hal_gpio.o
                0x0000000008002624                HAL_GPIO_ReadPin
 .text.HAL_GPIO_WritePin
                0x0000000008002654       0x30 Drivers/STM32L4xx_HAL_Driver/Src/stm32l4xx_hal_gpio.o
                0x0000000008002654                HAL_GPIO_WritePin
 .text.HAL_PWREx_GetVoltageRange
                0x0000000008002684       0x40 Drivers/STM32L4xx_HAL_Driver/Src/stm32l4xx_hal_pwr_ex.o
                0x0000000008002684                HAL_PWREx_GetVoltageRange
 .text.HAL_PWREx_ControlVoltageScaling
                0x00000000080026c4      0x148 Drivers/STM32L4xx_HAL_Driver/Src/stm32l4xx_hal_pwr_ex.o
                0x00000000080026c4                HAL_PWREx_ControlVoltageScaling
 .text.HAL_PWREx_EnableVddIO2
                0x000000000800280c       0x20 Drivers/STM32L4xx_HAL_Driver/Src/stm32l4xx_hal_pwr_ex.o
                0x000000000800280c                HAL_PWREx_EnableVddIO2
 .text.HAL_RCC_OscConfig
                0x000000000800282c      0x7dc Drivers/STM32L4xx_HAL_Driver/Src/stm32l4xx_hal_rcc.o
                0x000000000800282c                HAL_RCC_OscConfig
 .text.HAL_RCC_ClockConfig
                0x0000000008003008      0x258 Drivers/STM32L4xx_HAL_Driver/Src/stm32l4xx_hal_rcc.o
                0x0000000008003008                HAL_RCC_ClockConfig
 .text.HAL_RCC_GetSysClockFreq
                0x0000000008003260      0x114 Drivers/STM32L4xx_HAL_Driver/Src/stm32l4xx_hal_rcc.o
                0x0000000008003260                HAL_RCC_GetSysClockFreq
 .text.HAL_RCC_GetHCLKFreq
                0x0000000008003374       0x18 Drivers/STM32L4xx_HAL_Driver/Src/stm32l4xx_hal_rcc.o
                0x0000000008003374                HAL_RCC_GetHCLKFreq
 .text.HAL_RCC_GetPCLK1Freq
                0x000000000800338c       0x2c Drivers/STM32L4xx_HAL_Driver/Src/stm32l4xx_hal_rcc.o
                0x000000000800338c                HAL_RCC_GetPCLK1Freq
 .text.HAL_RCC_GetPCLK2Freq
                0x00000000080033b8       0x2c Drivers/STM32L4xx_HAL_Driver/Src/stm32l4xx_hal_rcc.o
                0x00000000080033b8                HAL_RCC_GetPCLK2Freq
 .text.RCC_SetFlashLatencyFromMSIRange
                0x00000000080033e4       0xb4 Drivers/STM32L4xx_HAL_Driver/Src/stm32l4xx_hal_rcc.o
 .text.RCC_GetSysClockFreqFromPLLSource
                0x0000000008003498       0xd0 Drivers/STM32L4xx_HAL_Driver/Src/stm32l4xx_hal_rcc.o
 .text.HAL_RCCEx_PeriphCLKConfig
                0x0000000008003568      0x650 Drivers/STM32L4xx_HAL_Driver/Src/stm32l4xx_hal_rcc_ex.o
                0x0000000008003568                HAL_RCCEx_PeriphCLKConfig
 .text.RCCEx_PLLSAI1_Config
                0x0000000008003bb8      0x1e0 Drivers/STM32L4xx_HAL_Driver/Src/stm32l4xx_hal_rcc_ex.o
 .text.RCCEx_PLLSAI2_Config
                0x0000000008003d98      0x1e0 Drivers/STM32L4xx_HAL_Driver/Src/stm32l4xx_hal_rcc_ex.o
 .text.HAL_SPI_Init
                0x0000000008003f78      0x114 Drivers/STM32L4xx_HAL_Driver/Src/stm32l4xx_hal_spi.o
                0x0000000008003f78                HAL_SPI_Init
 .text.HAL_SPI_Transmit
                0x000000000800408c      0x2ce Drivers/STM32L4xx_HAL_Driver/Src/stm32l4xx_hal_spi.o
                0x000000000800408c                HAL_SPI_Transmit
 .text.HAL_SPI_TransmitReceive
                0x000000000800435a      0x426 Drivers/STM32L4xx_HAL_Driver/Src/stm32l4xx_hal_spi.o
                0x000000000800435a                HAL_SPI_TransmitReceive
 .text.SPI_WaitFlagStateUntilTimeout
                0x0000000008004780       0xd4 Drivers/STM32L4xx_HAL_Driver/Src/stm32l4xx_hal_spi.o
 .text.SPI_WaitFifoStateUntilTimeout
                0x0000000008004854       0xda Drivers/STM32L4xx_HAL_Driver/Src/stm32l4xx_hal_spi.o
 .text.SPI_EndRxTxTransaction
                0x000000000800492e       0x8c Drivers/STM32L4xx_HAL_Driver/Src/stm32l4xx_hal_spi.o
 .text.HAL_UART_Init
                0x00000000080049ba       0xa0 Drivers/STM32L4xx_HAL_Driver/Src/stm32l4xx_hal_uart.o
                0x00000000080049ba                HAL_UART_Init
 .text.HAL_UART_Receive
                0x0000000008004a5a      0x1a2 Drivers/STM32L4xx_HAL_Driver/Src/stm32l4xx_hal_uart.o
                0x0000000008004a5a                HAL_UART_Receive
 *fill*         0x0000000008004bfc        0x4 
 .text.UART_SetConfig
                0x0000000008004c00     0x1380 Drivers/STM32L4xx_HAL_Driver/Src/stm32l4xx_hal_uart.o
                0x0000000008004c00                UART_SetConfig
 .text.UART_AdvFeatureConfig
                0x0000000008005f80      0x144 Drivers/STM32L4xx_HAL_Driver/Src/stm32l4xx_hal_uart.o
                0x0000000008005f80                UART_AdvFeatureConfig
 .text.UART_CheckIdleState
                0x00000000080060c4       0x90 Drivers/STM32L4xx_HAL_Driver/Src/stm32l4xx_hal_uart.o
                0x00000000080060c4                UART_CheckIdleState
 .text.UART_WaitOnFlagUntilTimeout
                0x0000000008006154       0x94 Drivers/STM32L4xx_HAL_Driver/Src/stm32l4xx_hal_uart.o
                0x0000000008006154                UART_WaitOnFlagUntilTimeout
 .text.__errno  0x00000000080061e8        0xc c:/st/stm32cubeide_1.1.0/stm32cubeide/plugins/com.st.stm32cube.ide.mcu.externaltools.gnu-tools-for-stm32.7-2018-q2-update.win32_1.0.0.201904181610/tools/bin/../lib/gcc/arm-none-eabi/7.3.1/../../../../arm-none-eabi/lib/thumb/v7e-m/fpv4-sp/hard\libc_nano.a(lib_a-errno.o)
                0x00000000080061e8                __errno
 .text.__libc_init_array
                0x00000000080061f4       0x48 c:/st/stm32cubeide_1.1.0/stm32cubeide/plugins/com.st.stm32cube.ide.mcu.externaltools.gnu-tools-for-stm32.7-2018-q2-update.win32_1.0.0.201904181610/tools/bin/../lib/gcc/arm-none-eabi/7.3.1/../../../../arm-none-eabi/lib/thumb/v7e-m/fpv4-sp/hard\libc_nano.a(lib_a-init.o)
                0x00000000080061f4                __libc_init_array
 .text.memset   0x000000000800623c       0x10 c:/st/stm32cubeide_1.1.0/stm32cubeide/plugins/com.st.stm32cube.ide.mcu.externaltools.gnu-tools-for-stm32.7-2018-q2-update.win32_1.0.0.201904181610/tools/bin/../lib/gcc/arm-none-eabi/7.3.1/../../../../arm-none-eabi/lib/thumb/v7e-m/fpv4-sp/hard\libc_nano.a(lib_a-memset.o)
                0x000000000800623c                memset
 .text.printf   0x000000000800624c       0x30 c:/st/stm32cubeide_1.1.0/stm32cubeide/plugins/com.st.stm32cube.ide.mcu.externaltools.gnu-tools-for-stm32.7-2018-q2-update.win32_1.0.0.201904181610/tools/bin/../lib/gcc/arm-none-eabi/7.3.1/../../../../arm-none-eabi/lib/thumb/v7e-m/fpv4-sp/hard\libc_nano.a(lib_a-printf.o)
                0x000000000800624c                iprintf
                0x000000000800624c                printf
 .text._puts_r  0x000000000800627c       0xb8 c:/st/stm32cubeide_1.1.0/stm32cubeide/plugins/com.st.stm32cube.ide.mcu.externaltools.gnu-tools-for-stm32.7-2018-q2-update.win32_1.0.0.201904181610/tools/bin/../lib/gcc/arm-none-eabi/7.3.1/../../../../arm-none-eabi/lib/thumb/v7e-m/fpv4-sp/hard\libc_nano.a(lib_a-puts.o)
                0x000000000800627c                _puts_r
 .text.puts     0x0000000008006334       0x10 c:/st/stm32cubeide_1.1.0/stm32cubeide/plugins/com.st.stm32cube.ide.mcu.externaltools.gnu-tools-for-stm32.7-2018-q2-update.win32_1.0.0.201904181610/tools/bin/../lib/gcc/arm-none-eabi/7.3.1/../../../../arm-none-eabi/lib/thumb/v7e-m/fpv4-sp/hard\libc_nano.a(lib_a-puts.o)
                0x0000000008006334                puts
 .text.__swbuf_r
                0x0000000008006344       0xa4 c:/st/stm32cubeide_1.1.0/stm32cubeide/plugins/com.st.stm32cube.ide.mcu.externaltools.gnu-tools-for-stm32.7-2018-q2-update.win32_1.0.0.201904181610/tools/bin/../lib/gcc/arm-none-eabi/7.3.1/../../../../arm-none-eabi/lib/thumb/v7e-m/fpv4-sp/hard\libc_nano.a(lib_a-wbuf.o)
                0x0000000008006344                __swbuf_r
 .text.__swsetup_r
                0x00000000080063e8       0xdc c:/st/stm32cubeide_1.1.0/stm32cubeide/plugins/com.st.stm32cube.ide.mcu.externaltools.gnu-tools-for-stm32.7-2018-q2-update.win32_1.0.0.201904181610/tools/bin/../lib/gcc/arm-none-eabi/7.3.1/../../../../arm-none-eabi/lib/thumb/v7e-m/fpv4-sp/hard\libc_nano.a(lib_a-wsetup.o)
                0x00000000080063e8                __swsetup_r
 .text.__sflush_r
                0x00000000080064c4      0x10c c:/st/stm32cubeide_1.1.0/stm32cubeide/plugins/com.st.stm32cube.ide.mcu.externaltools.gnu-tools-for-stm32.7-2018-q2-update.win32_1.0.0.201904181610/tools/bin/../lib/gcc/arm-none-eabi/7.3.1/../../../../arm-none-eabi/lib/thumb/v7e-m/fpv4-sp/hard\libc_nano.a(lib_a-fflush.o)
                0x00000000080064c4                __sflush_r
 .text._fflush_r
                0x00000000080065d0       0x54 c:/st/stm32cubeide_1.1.0/stm32cubeide/plugins/com.st.stm32cube.ide.mcu.externaltools.gnu-tools-for-stm32.7-2018-q2-update.win32_1.0.0.201904181610/tools/bin/../lib/gcc/arm-none-eabi/7.3.1/../../../../arm-none-eabi/lib/thumb/v7e-m/fpv4-sp/hard\libc_nano.a(lib_a-fflush.o)
                0x00000000080065d0                _fflush_r
 .text.std      0x0000000008006624       0x48 c:/st/stm32cubeide_1.1.0/stm32cubeide/plugins/com.st.stm32cube.ide.mcu.externaltools.gnu-tools-for-stm32.7-2018-q2-update.win32_1.0.0.201904181610/tools/bin/../lib/gcc/arm-none-eabi/7.3.1/../../../../arm-none-eabi/lib/thumb/v7e-m/fpv4-sp/hard\libc_nano.a(lib_a-findfp.o)
 .text._cleanup_r
                0x000000000800666c        0xc c:/st/stm32cubeide_1.1.0/stm32cubeide/plugins/com.st.stm32cube.ide.mcu.externaltools.gnu-tools-for-stm32.7-2018-q2-update.win32_1.0.0.201904181610/tools/bin/../lib/gcc/arm-none-eabi/7.3.1/../../../../arm-none-eabi/lib/thumb/v7e-m/fpv4-sp/hard\libc_nano.a(lib_a-findfp.o)
                0x000000000800666c                _cleanup_r
 .text.__sfmoreglue
                0x0000000008006678       0x2c c:/st/stm32cubeide_1.1.0/stm32cubeide/plugins/com.st.stm32cube.ide.mcu.externaltools.gnu-tools-for-stm32.7-2018-q2-update.win32_1.0.0.201904181610/tools/bin/../lib/gcc/arm-none-eabi/7.3.1/../../../../arm-none-eabi/lib/thumb/v7e-m/fpv4-sp/hard\libc_nano.a(lib_a-findfp.o)
                0x0000000008006678                __sfmoreglue
 .text.__sinit  0x00000000080066a4       0x60 c:/st/stm32cubeide_1.1.0/stm32cubeide/plugins/com.st.stm32cube.ide.mcu.externaltools.gnu-tools-for-stm32.7-2018-q2-update.win32_1.0.0.201904181610/tools/bin/../lib/gcc/arm-none-eabi/7.3.1/../../../../arm-none-eabi/lib/thumb/v7e-m/fpv4-sp/hard\libc_nano.a(lib_a-findfp.o)
                0x00000000080066a4                __sinit
 .text.__sfp    0x0000000008006704       0x78 c:/st/stm32cubeide_1.1.0/stm32cubeide/plugins/com.st.stm32cube.ide.mcu.externaltools.gnu-tools-for-stm32.7-2018-q2-update.win32_1.0.0.201904181610/tools/bin/../lib/gcc/arm-none-eabi/7.3.1/../../../../arm-none-eabi/lib/thumb/v7e-m/fpv4-sp/hard\libc_nano.a(lib_a-findfp.o)
                0x0000000008006704                __sfp
 .text._fwalk_reent
                0x000000000800677c       0x3c c:/st/stm32cubeide_1.1.0/stm32cubeide/plugins/com.st.stm32cube.ide.mcu.externaltools.gnu-tools-for-stm32.7-2018-q2-update.win32_1.0.0.201904181610/tools/bin/../lib/gcc/arm-none-eabi/7.3.1/../../../../arm-none-eabi/lib/thumb/v7e-m/fpv4-sp/hard\libc_nano.a(lib_a-fwalk.o)
                0x000000000800677c                _fwalk_reent
 .text.__swhatbuf_r
                0x00000000080067b8       0x48 c:/st/stm32cubeide_1.1.0/stm32cubeide/plugins/com.st.stm32cube.ide.mcu.externaltools.gnu-tools-for-stm32.7-2018-q2-update.win32_1.0.0.201904181610/tools/bin/../lib/gcc/arm-none-eabi/7.3.1/../../../../arm-none-eabi/lib/thumb/v7e-m/fpv4-sp/hard\libc_nano.a(lib_a-makebuf.o)
                0x00000000080067b8                __swhatbuf_r
 .text.__smakebuf_r
                0x0000000008006800       0x80 c:/st/stm32cubeide_1.1.0/stm32cubeide/plugins/com.st.stm32cube.ide.mcu.externaltools.gnu-tools-for-stm32.7-2018-q2-update.win32_1.0.0.201904181610/tools/bin/../lib/gcc/arm-none-eabi/7.3.1/../../../../arm-none-eabi/lib/thumb/v7e-m/fpv4-sp/hard\libc_nano.a(lib_a-makebuf.o)
                0x0000000008006800                __smakebuf_r
 .text._free_r  0x0000000008006880       0x9c c:/st/stm32cubeide_1.1.0/stm32cubeide/plugins/com.st.stm32cube.ide.mcu.externaltools.gnu-tools-for-stm32.7-2018-q2-update.win32_1.0.0.201904181610/tools/bin/../lib/gcc/arm-none-eabi/7.3.1/../../../../arm-none-eabi/lib/thumb/v7e-m/fpv4-sp/hard\libc_nano.a(lib_a-nano-freer.o)
                0x0000000008006880                _free_r
 .text._malloc_r
                0x000000000800691c       0xb4 c:/st/stm32cubeide_1.1.0/stm32cubeide/plugins/com.st.stm32cube.ide.mcu.externaltools.gnu-tools-for-stm32.7-2018-q2-update.win32_1.0.0.201904181610/tools/bin/../lib/gcc/arm-none-eabi/7.3.1/../../../../arm-none-eabi/lib/thumb/v7e-m/fpv4-sp/hard\libc_nano.a(lib_a-nano-mallocr.o)
                0x000000000800691c                _malloc_r
 .text.__sfputc_r
                0x00000000080069d0       0x2e c:/st/stm32cubeide_1.1.0/stm32cubeide/plugins/com.st.stm32cube.ide.mcu.externaltools.gnu-tools-for-stm32.7-2018-q2-update.win32_1.0.0.201904181610/tools/bin/../lib/gcc/arm-none-eabi/7.3.1/../../../../arm-none-eabi/lib/thumb/v7e-m/fpv4-sp/hard\libc_nano.a(lib_a-nano-vfprintf.o)
 .text.__sfputs_r
                0x00000000080069fe       0x24 c:/st/stm32cubeide_1.1.0/stm32cubeide/plugins/com.st.stm32cube.ide.mcu.externaltools.gnu-tools-for-stm32.7-2018-q2-update.win32_1.0.0.201904181610/tools/bin/../lib/gcc/arm-none-eabi/7.3.1/../../../../arm-none-eabi/lib/thumb/v7e-m/fpv4-sp/hard\libc_nano.a(lib_a-nano-vfprintf.o)
                0x00000000080069fe                __sfputs_r
 *fill*         0x0000000008006a22        0x2 
 .text._vfprintf_r
                0x0000000008006a24      0x22c c:/st/stm32cubeide_1.1.0/stm32cubeide/plugins/com.st.stm32cube.ide.mcu.externaltools.gnu-tools-for-stm32.7-2018-q2-update.win32_1.0.0.201904181610/tools/bin/../lib/gcc/arm-none-eabi/7.3.1/../../../../arm-none-eabi/lib/thumb/v7e-m/fpv4-sp/hard\libc_nano.a(lib_a-nano-vfprintf.o)
                0x0000000008006a24                _vfprintf_r
                0x0000000008006a24                _vfiprintf_r
 .text._printf_common
                0x0000000008006c50       0xea c:/st/stm32cubeide_1.1.0/stm32cubeide/plugins/com.st.stm32cube.ide.mcu.externaltools.gnu-tools-for-stm32.7-2018-q2-update.win32_1.0.0.201904181610/tools/bin/../lib/gcc/arm-none-eabi/7.3.1/../../../../arm-none-eabi/lib/thumb/v7e-m/fpv4-sp/hard\libc_nano.a(lib_a-nano-vfprintf_i.o)
                0x0000000008006c50                _printf_common
 *fill*         0x0000000008006d3a        0x2 
 .text._printf_i
                0x0000000008006d3c      0x224 c:/st/stm32cubeide_1.1.0/stm32cubeide/plugins/com.st.stm32cube.ide.mcu.externaltools.gnu-tools-for-stm32.7-2018-q2-update.win32_1.0.0.201904181610/tools/bin/../lib/gcc/arm-none-eabi/7.3.1/../../../../arm-none-eabi/lib/thumb/v7e-m/fpv4-sp/hard\libc_nano.a(lib_a-nano-vfprintf_i.o)
                0x0000000008006d3c                _printf_i
 .text._sbrk_r  0x0000000008006f60       0x20 c:/st/stm32cubeide_1.1.0/stm32cubeide/plugins/com.st.stm32cube.ide.mcu.externaltools.gnu-tools-for-stm32.7-2018-q2-update.win32_1.0.0.201904181610/tools/bin/../lib/gcc/arm-none-eabi/7.3.1/../../../../arm-none-eabi/lib/thumb/v7e-m/fpv4-sp/hard\libc_nano.a(lib_a-sbrkr.o)
                0x0000000008006f60                _sbrk_r
 .text.__sread  0x0000000008006f80       0x22 c:/st/stm32cubeide_1.1.0/stm32cubeide/plugins/com.st.stm32cube.ide.mcu.externaltools.gnu-tools-for-stm32.7-2018-q2-update.win32_1.0.0.201904181610/tools/bin/../lib/gcc/arm-none-eabi/7.3.1/../../../../arm-none-eabi/lib/thumb/v7e-m/fpv4-sp/hard\libc_nano.a(lib_a-stdio.o)
                0x0000000008006f80                __sread
 .text.__swrite
                0x0000000008006fa2       0x38 c:/st/stm32cubeide_1.1.0/stm32cubeide/plugins/com.st.stm32cube.ide.mcu.externaltools.gnu-tools-for-stm32.7-2018-q2-update.win32_1.0.0.201904181610/tools/bin/../lib/gcc/arm-none-eabi/7.3.1/../../../../arm-none-eabi/lib/thumb/v7e-m/fpv4-sp/hard\libc_nano.a(lib_a-stdio.o)
                0x0000000008006fa2                __swrite
 .text.__sseek  0x0000000008006fda       0x24 c:/st/stm32cubeide_1.1.0/stm32cubeide/plugins/com.st.stm32cube.ide.mcu.externaltools.gnu-tools-for-stm32.7-2018-q2-update.win32_1.0.0.201904181610/tools/bin/../lib/gcc/arm-none-eabi/7.3.1/../../../../arm-none-eabi/lib/thumb/v7e-m/fpv4-sp/hard\libc_nano.a(lib_a-stdio.o)
                0x0000000008006fda                __sseek
 .text.__sclose
                0x0000000008006ffe        0x8 c:/st/stm32cubeide_1.1.0/stm32cubeide/plugins/com.st.stm32cube.ide.mcu.externaltools.gnu-tools-for-stm32.7-2018-q2-update.win32_1.0.0.201904181610/tools/bin/../lib/gcc/arm-none-eabi/7.3.1/../../../../arm-none-eabi/lib/thumb/v7e-m/fpv4-sp/hard\libc_nano.a(lib_a-stdio.o)
                0x0000000008006ffe                __sclose
 *fill*         0x0000000008007006        0x2 
 .text._write_r
                0x0000000008007008       0x24 c:/st/stm32cubeide_1.1.0/stm32cubeide/plugins/com.st.stm32cube.ide.mcu.externaltools.gnu-tools-for-stm32.7-2018-q2-update.win32_1.0.0.201904181610/tools/bin/../lib/gcc/arm-none-eabi/7.3.1/../../../../arm-none-eabi/lib/thumb/v7e-m/fpv4-sp/hard\libc_nano.a(lib_a-writer.o)
                0x0000000008007008                _write_r
 .text._close_r
                0x000000000800702c       0x20 c:/st/stm32cubeide_1.1.0/stm32cubeide/plugins/com.st.stm32cube.ide.mcu.externaltools.gnu-tools-for-stm32.7-2018-q2-update.win32_1.0.0.201904181610/tools/bin/../lib/gcc/arm-none-eabi/7.3.1/../../../../arm-none-eabi/lib/thumb/v7e-m/fpv4-sp/hard\libc_nano.a(lib_a-closer.o)
                0x000000000800702c                _close_r
 .text._fstat_r
                0x000000000800704c       0x24 c:/st/stm32cubeide_1.1.0/stm32cubeide/plugins/com.st.stm32cube.ide.mcu.externaltools.gnu-tools-for-stm32.7-2018-q2-update.win32_1.0.0.201904181610/tools/bin/../lib/gcc/arm-none-eabi/7.3.1/../../../../arm-none-eabi/lib/thumb/v7e-m/fpv4-sp/hard\libc_nano.a(lib_a-fstatr.o)
                0x000000000800704c                _fstat_r
 .text._isatty_r
                0x0000000008007070       0x20 c:/st/stm32cubeide_1.1.0/stm32cubeide/plugins/com.st.stm32cube.ide.mcu.externaltools.gnu-tools-for-stm32.7-2018-q2-update.win32_1.0.0.201904181610/tools/bin/../lib/gcc/arm-none-eabi/7.3.1/../../../../arm-none-eabi/lib/thumb/v7e-m/fpv4-sp/hard\libc_nano.a(lib_a-isattyr.o)
                0x0000000008007070                _isatty_r
 .text._lseek_r
                0x0000000008007090       0x24 c:/st/stm32cubeide_1.1.0/stm32cubeide/plugins/com.st.stm32cube.ide.mcu.externaltools.gnu-tools-for-stm32.7-2018-q2-update.win32_1.0.0.201904181610/tools/bin/../lib/gcc/arm-none-eabi/7.3.1/../../../../arm-none-eabi/lib/thumb/v7e-m/fpv4-sp/hard\libc_nano.a(lib_a-lseekr.o)
                0x0000000008007090                _lseek_r
 .text.__malloc_lock
                0x00000000080070b4        0x2 c:/st/stm32cubeide_1.1.0/stm32cubeide/plugins/com.st.stm32cube.ide.mcu.externaltools.gnu-tools-for-stm32.7-2018-q2-update.win32_1.0.0.201904181610/tools/bin/../lib/gcc/arm-none-eabi/7.3.1/../../../../arm-none-eabi/lib/thumb/v7e-m/fpv4-sp/hard\libc_nano.a(lib_a-mlock.o)
                0x00000000080070b4                __malloc_lock
 .text.__malloc_unlock
                0x00000000080070b6        0x2 c:/st/stm32cubeide_1.1.0/stm32cubeide/plugins/com.st.stm32cube.ide.mcu.externaltools.gnu-tools-for-stm32.7-2018-q2-update.win32_1.0.0.201904181610/tools/bin/../lib/gcc/arm-none-eabi/7.3.1/../../../../arm-none-eabi/lib/thumb/v7e-m/fpv4-sp/hard\libc_nano.a(lib_a-mlock.o)
                0x00000000080070b6                __malloc_unlock
 .text._read_r  0x00000000080070b8       0x24 c:/st/stm32cubeide_1.1.0/stm32cubeide/plugins/com.st.stm32cube.ide.mcu.externaltools.gnu-tools-for-stm32.7-2018-q2-update.win32_1.0.0.201904181610/tools/bin/../lib/gcc/arm-none-eabi/7.3.1/../../../../arm-none-eabi/lib/thumb/v7e-m/fpv4-sp/hard\libc_nano.a(lib_a-readr.o)
                0x00000000080070b8                _read_r
 *(.glue_7)
 .glue_7        0x00000000080070dc        0x0 linker stubs
 *(.glue_7t)
 .glue_7t       0x00000000080070dc        0x0 linker stubs
 *(.eh_frame)
 .eh_frame      0x00000000080070dc        0x0 c:/st/stm32cubeide_1.1.0/stm32cubeide/plugins/com.st.stm32cube.ide.mcu.externaltools.gnu-tools-for-stm32.7-2018-q2-update.win32_1.0.0.201904181610/tools/bin/../lib/gcc/arm-none-eabi/7.3.1/thumb/v7e-m/fpv4-sp/hard/crtbegin.o
 *(.init)
 .init          0x00000000080070dc        0x4 c:/st/stm32cubeide_1.1.0/stm32cubeide/plugins/com.st.stm32cube.ide.mcu.externaltools.gnu-tools-for-stm32.7-2018-q2-update.win32_1.0.0.201904181610/tools/bin/../lib/gcc/arm-none-eabi/7.3.1/thumb/v7e-m/fpv4-sp/hard/crti.o
                0x00000000080070dc                _init
 .init          0x00000000080070e0        0x8 c:/st/stm32cubeide_1.1.0/stm32cubeide/plugins/com.st.stm32cube.ide.mcu.externaltools.gnu-tools-for-stm32.7-2018-q2-update.win32_1.0.0.201904181610/tools/bin/../lib/gcc/arm-none-eabi/7.3.1/thumb/v7e-m/fpv4-sp/hard/crtn.o
 *(.fini)
 .fini          0x00000000080070e8        0x4 c:/st/stm32cubeide_1.1.0/stm32cubeide/plugins/com.st.stm32cube.ide.mcu.externaltools.gnu-tools-for-stm32.7-2018-q2-update.win32_1.0.0.201904181610/tools/bin/../lib/gcc/arm-none-eabi/7.3.1/thumb/v7e-m/fpv4-sp/hard/crti.o
                0x00000000080070e8                _fini
 .fini          0x00000000080070ec        0x8 c:/st/stm32cubeide_1.1.0/stm32cubeide/plugins/com.st.stm32cube.ide.mcu.externaltools.gnu-tools-for-stm32.7-2018-q2-update.win32_1.0.0.201904181610/tools/bin/../lib/gcc/arm-none-eabi/7.3.1/thumb/v7e-m/fpv4-sp/hard/crtn.o
                0x00000000080070f4                . = ALIGN (0x4)
                0x00000000080070f4                _etext = .

.vfp11_veneer   0x00000000080070f4        0x0
 .vfp11_veneer  0x00000000080070f4        0x0 linker stubs

.v4_bx          0x00000000080070f4        0x0
 .v4_bx         0x00000000080070f4        0x0 linker stubs

.iplt           0x00000000080070f4        0x0
 .iplt          0x00000000080070f4        0x0 c:/st/stm32cubeide_1.1.0/stm32cubeide/plugins/com.st.stm32cube.ide.mcu.externaltools.gnu-tools-for-stm32.7-2018-q2-update.win32_1.0.0.201904181610/tools/bin/../lib/gcc/arm-none-eabi/7.3.1/thumb/v7e-m/fpv4-sp/hard/crtbegin.o

.rodata         0x00000000080070f4    0x7a9dc
                0x00000000080070f4                . = ALIGN (0x4)
 *(.rodata)
 .rodata        0x00000000080070f4       0x9c Core/Src/EpdDriver.o
 .rodata        0x0000000008007190       0x10 Core/Src/main.o
 *(.rodata*)
 .rodata.Kalender
                0x00000000080071a0    0x78d98 Core/Src/Kalender.o
                0x00000000080071a0                Kalender
 .rodata.Font24_Table
                0x000000000807ff38     0x1ab8 Core/Src/font24.o
                0x000000000807ff38                Font24_Table
 .rodata.AHBPrescTable
                0x00000000080819f0       0x10 Core/Src/system_stm32l4xx.o
                0x00000000080819f0                AHBPrescTable
 .rodata.APBPrescTable
                0x0000000008081a00        0x8 Core/Src/system_stm32l4xx.o
                0x0000000008081a00                APBPrescTable
 .rodata.MSIRangeTable
                0x0000000008081a08       0x30 Core/Src/system_stm32l4xx.o
                0x0000000008081a08                MSIRangeTable
 .rodata._global_impure_ptr
                0x0000000008081a38        0x4 c:/st/stm32cubeide_1.1.0/stm32cubeide/plugins/com.st.stm32cube.ide.mcu.externaltools.gnu-tools-for-stm32.7-2018-q2-update.win32_1.0.0.201904181610/tools/bin/../lib/gcc/arm-none-eabi/7.3.1/../../../../arm-none-eabi/lib/thumb/v7e-m/fpv4-sp/hard\libc_nano.a(lib_a-impure.o)
                0x0000000008081a38                _global_impure_ptr
 .rodata.__sf_fake_stderr
                0x0000000008081a3c       0x20 c:/st/stm32cubeide_1.1.0/stm32cubeide/plugins/com.st.stm32cube.ide.mcu.externaltools.gnu-tools-for-stm32.7-2018-q2-update.win32_1.0.0.201904181610/tools/bin/../lib/gcc/arm-none-eabi/7.3.1/../../../../arm-none-eabi/lib/thumb/v7e-m/fpv4-sp/hard\libc_nano.a(lib_a-findfp.o)
                0x0000000008081a3c                __sf_fake_stderr
 .rodata.__sf_fake_stdin
                0x0000000008081a5c       0x20 c:/st/stm32cubeide_1.1.0/stm32cubeide/plugins/com.st.stm32cube.ide.mcu.externaltools.gnu-tools-for-stm32.7-2018-q2-update.win32_1.0.0.201904181610/tools/bin/../lib/gcc/arm-none-eabi/7.3.1/../../../../arm-none-eabi/lib/thumb/v7e-m/fpv4-sp/hard\libc_nano.a(lib_a-findfp.o)
                0x0000000008081a5c                __sf_fake_stdin
 .rodata.__sf_fake_stdout
                0x0000000008081a7c       0x20 c:/st/stm32cubeide_1.1.0/stm32cubeide/plugins/com.st.stm32cube.ide.mcu.externaltools.gnu-tools-for-stm32.7-2018-q2-update.win32_1.0.0.201904181610/tools/bin/../lib/gcc/arm-none-eabi/7.3.1/../../../../arm-none-eabi/lib/thumb/v7e-m/fpv4-sp/hard\libc_nano.a(lib_a-findfp.o)
                0x0000000008081a7c                __sf_fake_stdout
 .rodata._vfprintf_r.str1.1
                0x0000000008081a9c       0x11 c:/st/stm32cubeide_1.1.0/stm32cubeide/plugins/com.st.stm32cube.ide.mcu.externaltools.gnu-tools-for-stm32.7-2018-q2-update.win32_1.0.0.201904181610/tools/bin/../lib/gcc/arm-none-eabi/7.3.1/../../../../arm-none-eabi/lib/thumb/v7e-m/fpv4-sp/hard\libc_nano.a(lib_a-nano-vfprintf.o)
 .rodata._printf_i.str1.1
                0x0000000008081aad       0x22 c:/st/stm32cubeide_1.1.0/stm32cubeide/plugins/com.st.stm32cube.ide.mcu.externaltools.gnu-tools-for-stm32.7-2018-q2-update.win32_1.0.0.201904181610/tools/bin/../lib/gcc/arm-none-eabi/7.3.1/../../../../arm-none-eabi/lib/thumb/v7e-m/fpv4-sp/hard\libc_nano.a(lib_a-nano-vfprintf_i.o)
                0x0000000008081ad0                . = ALIGN (0x4)
 *fill*         0x0000000008081acf        0x1 

.ARM.extab      0x0000000008081ad0        0x0
                0x0000000008081ad0                . = ALIGN (0x4)
 *(.ARM.extab* .gnu.linkonce.armextab.*)
                0x0000000008081ad0                . = ALIGN (0x4)

.ARM            0x0000000008081ad0        0x8
                0x0000000008081ad0                . = ALIGN (0x4)
                0x0000000008081ad0                __exidx_start = .
 *(.ARM.exidx*)
 .ARM.exidx     0x0000000008081ad0        0x8 c:/st/stm32cubeide_1.1.0/stm32cubeide/plugins/com.st.stm32cube.ide.mcu.externaltools.gnu-tools-for-stm32.7-2018-q2-update.win32_1.0.0.201904181610/tools/bin/../lib/gcc/arm-none-eabi/7.3.1/thumb/v7e-m/fpv4-sp/hard\libgcc.a(_udivmoddi4.o)
                0x0000000008081ad8                __exidx_end = .
                0x0000000008081ad8                . = ALIGN (0x4)

.rel.dyn        0x0000000008081ad8        0x0
 .rel.iplt      0x0000000008081ad8        0x0 c:/st/stm32cubeide_1.1.0/stm32cubeide/plugins/com.st.stm32cube.ide.mcu.externaltools.gnu-tools-for-stm32.7-2018-q2-update.win32_1.0.0.201904181610/tools/bin/../lib/gcc/arm-none-eabi/7.3.1/thumb/v7e-m/fpv4-sp/hard/crtbegin.o

.preinit_array  0x0000000008081ad8        0x0
                0x0000000008081ad8                . = ALIGN (0x4)
                0x0000000008081ad8                PROVIDE (__preinit_array_start = .)
 *(.preinit_array*)
                0x0000000008081ad8                PROVIDE (__preinit_array_end = .)
                0x0000000008081ad8                . = ALIGN (0x4)

.init_array     0x0000000008081ad8        0x4
                0x0000000008081ad8                . = ALIGN (0x4)
                0x0000000008081ad8                PROVIDE (__init_array_start = .)
 *(SORT_BY_NAME(.init_array.*))
 *(.init_array*)
 .init_array    0x0000000008081ad8        0x4 c:/st/stm32cubeide_1.1.0/stm32cubeide/plugins/com.st.stm32cube.ide.mcu.externaltools.gnu-tools-for-stm32.7-2018-q2-update.win32_1.0.0.201904181610/tools/bin/../lib/gcc/arm-none-eabi/7.3.1/thumb/v7e-m/fpv4-sp/hard/crtbegin.o
                0x0000000008081adc                PROVIDE (__init_array_end = .)
                0x0000000008081adc                . = ALIGN (0x4)

.fini_array     0x0000000008081adc        0x4
                0x0000000008081adc                . = ALIGN (0x4)
                [!provide]                        PROVIDE (__fini_array_start = .)
 *(SORT_BY_NAME(.fini_array.*))
 *(.fini_array*)
 .fini_array    0x0000000008081adc        0x4 c:/st/stm32cubeide_1.1.0/stm32cubeide/plugins/com.st.stm32cube.ide.mcu.externaltools.gnu-tools-for-stm32.7-2018-q2-update.win32_1.0.0.201904181610/tools/bin/../lib/gcc/arm-none-eabi/7.3.1/thumb/v7e-m/fpv4-sp/hard/crtbegin.o
                [!provide]                        PROVIDE (__fini_array_end = .)
                0x0000000008081ae0                . = ALIGN (0x4)
                0x0000000008081ae0                _sidata = LOADADDR (.data)

.data           0x0000000020000000       0x78 load address 0x0000000008081ae0
                0x0000000020000000                . = ALIGN (0x4)
                0x0000000020000000                _sdata = .
 *(.data)
 *(.data*)
 .data.Font24   0x0000000020000000        0x8 Core/Src/font24.o
                0x0000000020000000                Font24
 .data.SystemCoreClock
                0x0000000020000008        0x4 Core/Src/system_stm32l4xx.o
                0x0000000020000008                SystemCoreClock
 .data.uwTickPrio
                0x000000002000000c        0x4 Drivers/STM32L4xx_HAL_Driver/Src/stm32l4xx_hal.o
                0x000000002000000c                uwTickPrio
 .data.uwTickFreq
                0x0000000020000010        0x4 Drivers/STM32L4xx_HAL_Driver/Src/stm32l4xx_hal.o
                0x0000000020000010                uwTickFreq
 .data._impure_ptr
                0x0000000020000014        0x4 c:/st/stm32cubeide_1.1.0/stm32cubeide/plugins/com.st.stm32cube.ide.mcu.externaltools.gnu-tools-for-stm32.7-2018-q2-update.win32_1.0.0.201904181610/tools/bin/../lib/gcc/arm-none-eabi/7.3.1/../../../../arm-none-eabi/lib/thumb/v7e-m/fpv4-sp/hard\libc_nano.a(lib_a-impure.o)
                0x0000000020000014                _impure_ptr
 .data.impure_data
                0x0000000020000018       0x60 c:/st/stm32cubeide_1.1.0/stm32cubeide/plugins/com.st.stm32cube.ide.mcu.externaltools.gnu-tools-for-stm32.7-2018-q2-update.win32_1.0.0.201904181610/tools/bin/../lib/gcc/arm-none-eabi/7.3.1/../../../../arm-none-eabi/lib/thumb/v7e-m/fpv4-sp/hard\libc_nano.a(lib_a-impure.o)
                0x0000000020000078                . = ALIGN (0x4)
                0x0000000020000078                _edata = .

.igot.plt       0x0000000020000078        0x0 load address 0x0000000008081b58
 .igot.plt      0x0000000020000078        0x0 c:/st/stm32cubeide_1.1.0/stm32cubeide/plugins/com.st.stm32cube.ide.mcu.externaltools.gnu-tools-for-stm32.7-2018-q2-update.win32_1.0.0.201904181610/tools/bin/../lib/gcc/arm-none-eabi/7.3.1/thumb/v7e-m/fpv4-sp/hard/crtbegin.o
                0x0000000020000078                . = ALIGN (0x4)

.bss            0x0000000020000078      0x224 load address 0x0000000008081b58
                0x0000000020000078                _sbss = .
                0x0000000020000078                __bss_start__ = _sbss
 *(.bss)
 .bss           0x0000000020000078       0x1c c:/st/stm32cubeide_1.1.0/stm32cubeide/plugins/com.st.stm32cube.ide.mcu.externaltools.gnu-tools-for-stm32.7-2018-q2-update.win32_1.0.0.201904181610/tools/bin/../lib/gcc/arm-none-eabi/7.3.1/thumb/v7e-m/fpv4-sp/hard/crtbegin.o
 *(.bss*)
 .bss.heap_end.6424
                0x0000000020000094        0x4 Core/Src/sysmem.o
 .bss.__malloc_free_list
                0x0000000020000098        0x4 c:/st/stm32cubeide_1.1.0/stm32cubeide/plugins/com.st.stm32cube.ide.mcu.externaltools.gnu-tools-for-stm32.7-2018-q2-update.win32_1.0.0.201904181610/tools/bin/../lib/gcc/arm-none-eabi/7.3.1/../../../../arm-none-eabi/lib/thumb/v7e-m/fpv4-sp/hard\libc_nano.a(lib_a-nano-mallocr.o)
                0x0000000020000098                __malloc_free_list
 .bss.__malloc_sbrk_start
                0x000000002000009c        0x4 c:/st/stm32cubeide_1.1.0/stm32cubeide/plugins/com.st.stm32cube.ide.mcu.externaltools.gnu-tools-for-stm32.7-2018-q2-update.win32_1.0.0.201904181610/tools/bin/../lib/gcc/arm-none-eabi/7.3.1/../../../../arm-none-eabi/lib/thumb/v7e-m/fpv4-sp/hard\libc_nano.a(lib_a-nano-mallocr.o)
                0x000000002000009c                __malloc_sbrk_start
 *(COMMON)
 COMMON         0x00000000200000a0       0x2c Core/Src/EpdDriver.o
                0x00000000200000a0                gstI80DevInfo
                0x00000000200000c8                gulImgBufAddr
 COMMON         0x00000000200000cc       0x18 Core/Src/GUI_Paint.o
                0x00000000200000cc                Paint
 COMMON         0x00000000200000e4       0x64 Core/Src/spi.o
                0x00000000200000e4                hspi1
 COMMON         0x0000000020000148      0x14c Core/Src/usart.o
                0x0000000020000148                hdma_uart4_rx
                0x00000000200001a8                huart4
                0x0000000020000234                hdma_uart4_tx
 COMMON         0x0000000020000294        0x4 Drivers/STM32L4xx_HAL_Driver/Src/stm32l4xx_hal.o
                0x0000000020000294                uwTick
 COMMON         0x0000000020000298        0x4 c:/st/stm32cubeide_1.1.0/stm32cubeide/plugins/com.st.stm32cube.ide.mcu.externaltools.gnu-tools-for-stm32.7-2018-q2-update.win32_1.0.0.201904181610/tools/bin/../lib/gcc/arm-none-eabi/7.3.1/../../../../arm-none-eabi/lib/thumb/v7e-m/fpv4-sp/hard\libc_nano.a(lib_a-reent.o)
                0x0000000020000298                errno
                0x000000002000029c                . = ALIGN (0x4)
                0x000000002000029c                _ebss = .
                0x000000002000029c                __bss_end__ = _ebss

._user_heap_stack
                0x000000002000029c      0x604 load address 0x0000000008081b58
                0x00000000200002a0                . = ALIGN (0x8)
 *fill*         0x000000002000029c        0x4 
                0x00000000200002a0                PROVIDE (end = .)
                [!provide]                        PROVIDE (_end = .)
                0x00000000200004a0                . = (. + _Min_Heap_Size)
 *fill*         0x00000000200002a0      0x200 
                0x00000000200008a0                . = (. + _Min_Stack_Size)
 *fill*         0x00000000200004a0      0x400 
                0x00000000200008a0                . = ALIGN (0x8)

/DISCARD/
 libc.a(*)
 libm.a(*)
 libgcc.a(*)

.ARM.attributes
                0x0000000000000000       0x30
 *(.ARM.attributes)
 .ARM.attributes
                0x0000000000000000       0x22 c:/st/stm32cubeide_1.1.0/stm32cubeide/plugins/com.st.stm32cube.ide.mcu.externaltools.gnu-tools-for-stm32.7-2018-q2-update.win32_1.0.0.201904181610/tools/bin/../lib/gcc/arm-none-eabi/7.3.1/thumb/v7e-m/fpv4-sp/hard/crti.o
 .ARM.attributes
                0x0000000000000022       0x34 c:/st/stm32cubeide_1.1.0/stm32cubeide/plugins/com.st.stm32cube.ide.mcu.externaltools.gnu-tools-for-stm32.7-2018-q2-update.win32_1.0.0.201904181610/tools/bin/../lib/gcc/arm-none-eabi/7.3.1/thumb/v7e-m/fpv4-sp/hard/crtbegin.o
 .ARM.attributes
                0x0000000000000056       0x39 Core/Src/EpdDriver.o
 .ARM.attributes
                0x000000000000008f       0x39 Core/Src/GUI_Paint.o
 .ARM.attributes
                0x00000000000000c8       0x39 Core/Src/Kalender.o
 .ARM.attributes
                0x0000000000000101       0x39 Core/Src/ULPWUR.o
 .ARM.attributes
                0x000000000000013a       0x39 Core/Src/dma.o
 .ARM.attributes
                0x0000000000000173       0x39 Core/Src/font24.o
 .ARM.attributes
                0x00000000000001ac       0x39 Core/Src/gpio.o
 .ARM.attributes
                0x00000000000001e5       0x39 Core/Src/main.o
 .ARM.attributes
                0x000000000000021e       0x39 Core/Src/spi.o
 .ARM.attributes
                0x0000000000000257       0x39 Core/Src/stm32l4xx_hal_msp.o
 .ARM.attributes
                0x0000000000000290       0x39 Core/Src/stm32l4xx_it.o
 .ARM.attributes
                0x00000000000002c9       0x39 Core/Src/syscalls.o
 .ARM.attributes
                0x0000000000000302       0x39 Core/Src/sysmem.o
 .ARM.attributes
                0x000000000000033b       0x39 Core/Src/system_stm32l4xx.o
 .ARM.attributes
                0x0000000000000374       0x39 Core/Src/usart.o
 .ARM.attributes
                0x00000000000003ad       0x21 Core/Startup/startup_stm32l4r5zitx.o
 .ARM.attributes
                0x00000000000003ce       0x39 Drivers/STM32L4xx_HAL_Driver/Src/stm32l4xx_hal.o
 .ARM.attributes
                0x0000000000000407       0x39 Drivers/STM32L4xx_HAL_Driver/Src/stm32l4xx_hal_cortex.o
 .ARM.attributes
                0x0000000000000440       0x39 Drivers/STM32L4xx_HAL_Driver/Src/stm32l4xx_hal_dma.o
 .ARM.attributes
                0x0000000000000479       0x39 Drivers/STM32L4xx_HAL_Driver/Src/stm32l4xx_hal_gpio.o
 .ARM.attributes
                0x00000000000004b2       0x39 Drivers/STM32L4xx_HAL_Driver/Src/stm32l4xx_hal_pwr_ex.o
 .ARM.attributes
                0x00000000000004eb       0x39 Drivers/STM32L4xx_HAL_Driver/Src/stm32l4xx_hal_rcc.o
 .ARM.attributes
                0x0000000000000524       0x39 Drivers/STM32L4xx_HAL_Driver/Src/stm32l4xx_hal_rcc_ex.o
 .ARM.attributes
                0x000000000000055d       0x39 Drivers/STM32L4xx_HAL_Driver/Src/stm32l4xx_hal_spi.o
 .ARM.attributes
                0x0000000000000596       0x39 Drivers/STM32L4xx_HAL_Driver/Src/stm32l4xx_hal_uart.o
 .ARM.attributes
                0x00000000000005cf       0x34 c:/st/stm32cubeide_1.1.0/stm32cubeide/plugins/com.st.stm32cube.ide.mcu.externaltools.gnu-tools-for-stm32.7-2018-q2-update.win32_1.0.0.201904181610/tools/bin/../lib/gcc/arm-none-eabi/7.3.1/../../../../arm-none-eabi/lib/thumb/v7e-m/fpv4-sp/hard\libc_nano.a(lib_a-errno.o)
 .ARM.attributes
                0x0000000000000603       0x34 c:/st/stm32cubeide_1.1.0/stm32cubeide/plugins/com.st.stm32cube.ide.mcu.externaltools.gnu-tools-for-stm32.7-2018-q2-update.win32_1.0.0.201904181610/tools/bin/../lib/gcc/arm-none-eabi/7.3.1/../../../../arm-none-eabi/lib/thumb/v7e-m/fpv4-sp/hard\libc_nano.a(lib_a-impure.o)
 .ARM.attributes
                0x0000000000000637       0x34 c:/st/stm32cubeide_1.1.0/stm32cubeide/plugins/com.st.stm32cube.ide.mcu.externaltools.gnu-tools-for-stm32.7-2018-q2-update.win32_1.0.0.201904181610/tools/bin/../lib/gcc/arm-none-eabi/7.3.1/../../../../arm-none-eabi/lib/thumb/v7e-m/fpv4-sp/hard\libc_nano.a(lib_a-init.o)
 .ARM.attributes
                0x000000000000066b       0x34 c:/st/stm32cubeide_1.1.0/stm32cubeide/plugins/com.st.stm32cube.ide.mcu.externaltools.gnu-tools-for-stm32.7-2018-q2-update.win32_1.0.0.201904181610/tools/bin/../lib/gcc/arm-none-eabi/7.3.1/../../../../arm-none-eabi/lib/thumb/v7e-m/fpv4-sp/hard\libc_nano.a(lib_a-memset.o)
 .ARM.attributes
                0x000000000000069f       0x34 c:/st/stm32cubeide_1.1.0/stm32cubeide/plugins/com.st.stm32cube.ide.mcu.externaltools.gnu-tools-for-stm32.7-2018-q2-update.win32_1.0.0.201904181610/tools/bin/../lib/gcc/arm-none-eabi/7.3.1/../../../../arm-none-eabi/lib/thumb/v7e-m/fpv4-sp/hard\libc_nano.a(lib_a-printf.o)
 .ARM.attributes
                0x00000000000006d3       0x34 c:/st/stm32cubeide_1.1.0/stm32cubeide/plugins/com.st.stm32cube.ide.mcu.externaltools.gnu-tools-for-stm32.7-2018-q2-update.win32_1.0.0.201904181610/tools/bin/../lib/gcc/arm-none-eabi/7.3.1/../../../../arm-none-eabi/lib/thumb/v7e-m/fpv4-sp/hard\libc_nano.a(lib_a-puts.o)
 .ARM.attributes
                0x0000000000000707       0x34 c:/st/stm32cubeide_1.1.0/stm32cubeide/plugins/com.st.stm32cube.ide.mcu.externaltools.gnu-tools-for-stm32.7-2018-q2-update.win32_1.0.0.201904181610/tools/bin/../lib/gcc/arm-none-eabi/7.3.1/../../../../arm-none-eabi/lib/thumb/v7e-m/fpv4-sp/hard\libc_nano.a(lib_a-wbuf.o)
 .ARM.attributes
                0x000000000000073b       0x34 c:/st/stm32cubeide_1.1.0/stm32cubeide/plugins/com.st.stm32cube.ide.mcu.externaltools.gnu-tools-for-stm32.7-2018-q2-update.win32_1.0.0.201904181610/tools/bin/../lib/gcc/arm-none-eabi/7.3.1/../../../../arm-none-eabi/lib/thumb/v7e-m/fpv4-sp/hard\libc_nano.a(lib_a-wsetup.o)
 .ARM.attributes
                0x000000000000076f       0x34 c:/st/stm32cubeide_1.1.0/stm32cubeide/plugins/com.st.stm32cube.ide.mcu.externaltools.gnu-tools-for-stm32.7-2018-q2-update.win32_1.0.0.201904181610/tools/bin/../lib/gcc/arm-none-eabi/7.3.1/../../../../arm-none-eabi/lib/thumb/v7e-m/fpv4-sp/hard\libc_nano.a(lib_a-fflush.o)
 .ARM.attributes
                0x00000000000007a3       0x34 c:/st/stm32cubeide_1.1.0/stm32cubeide/plugins/com.st.stm32cube.ide.mcu.externaltools.gnu-tools-for-stm32.7-2018-q2-update.win32_1.0.0.201904181610/tools/bin/../lib/gcc/arm-none-eabi/7.3.1/../../../../arm-none-eabi/lib/thumb/v7e-m/fpv4-sp/hard\libc_nano.a(lib_a-findfp.o)
 .ARM.attributes
                0x00000000000007d7       0x34 c:/st/stm32cubeide_1.1.0/stm32cubeide/plugins/com.st.stm32cube.ide.mcu.externaltools.gnu-tools-for-stm32.7-2018-q2-update.win32_1.0.0.201904181610/tools/bin/../lib/gcc/arm-none-eabi/7.3.1/../../../../arm-none-eabi/lib/thumb/v7e-m/fpv4-sp/hard\libc_nano.a(lib_a-fwalk.o)
 .ARM.attributes
                0x000000000000080b       0x34 c:/st/stm32cubeide_1.1.0/stm32cubeide/plugins/com.st.stm32cube.ide.mcu.externaltools.gnu-tools-for-stm32.7-2018-q2-update.win32_1.0.0.201904181610/tools/bin/../lib/gcc/arm-none-eabi/7.3.1/../../../../arm-none-eabi/lib/thumb/v7e-m/fpv4-sp/hard\libc_nano.a(lib_a-makebuf.o)
 .ARM.attributes
                0x000000000000083f       0x34 c:/st/stm32cubeide_1.1.0/stm32cubeide/plugins/com.st.stm32cube.ide.mcu.externaltools.gnu-tools-for-stm32.7-2018-q2-update.win32_1.0.0.201904181610/tools/bin/../lib/gcc/arm-none-eabi/7.3.1/../../../../arm-none-eabi/lib/thumb/v7e-m/fpv4-sp/hard\libc_nano.a(lib_a-nano-freer.o)
 .ARM.attributes
                0x0000000000000873       0x34 c:/st/stm32cubeide_1.1.0/stm32cubeide/plugins/com.st.stm32cube.ide.mcu.externaltools.gnu-tools-for-stm32.7-2018-q2-update.win32_1.0.0.201904181610/tools/bin/../lib/gcc/arm-none-eabi/7.3.1/../../../../arm-none-eabi/lib/thumb/v7e-m/fpv4-sp/hard\libc_nano.a(lib_a-nano-mallocr.o)
 .ARM.attributes
                0x00000000000008a7       0x34 c:/st/stm32cubeide_1.1.0/stm32cubeide/plugins/com.st.stm32cube.ide.mcu.externaltools.gnu-tools-for-stm32.7-2018-q2-update.win32_1.0.0.201904181610/tools/bin/../lib/gcc/arm-none-eabi/7.3.1/../../../../arm-none-eabi/lib/thumb/v7e-m/fpv4-sp/hard\libc_nano.a(lib_a-nano-vfprintf.o)
 .ARM.attributes
                0x00000000000008db       0x34 c:/st/stm32cubeide_1.1.0/stm32cubeide/plugins/com.st.stm32cube.ide.mcu.externaltools.gnu-tools-for-stm32.7-2018-q2-update.win32_1.0.0.201904181610/tools/bin/../lib/gcc/arm-none-eabi/7.3.1/../../../../arm-none-eabi/lib/thumb/v7e-m/fpv4-sp/hard\libc_nano.a(lib_a-nano-vfprintf_i.o)
 .ARM.attributes
                0x000000000000090f       0x34 c:/st/stm32cubeide_1.1.0/stm32cubeide/plugins/com.st.stm32cube.ide.mcu.externaltools.gnu-tools-for-stm32.7-2018-q2-update.win32_1.0.0.201904181610/tools/bin/../lib/gcc/arm-none-eabi/7.3.1/../../../../arm-none-eabi/lib/thumb/v7e-m/fpv4-sp/hard\libc_nano.a(lib_a-sbrkr.o)
 .ARM.attributes
                0x0000000000000943       0x34 c:/st/stm32cubeide_1.1.0/stm32cubeide/plugins/com.st.stm32cube.ide.mcu.externaltools.gnu-tools-for-stm32.7-2018-q2-update.win32_1.0.0.201904181610/tools/bin/../lib/gcc/arm-none-eabi/7.3.1/../../../../arm-none-eabi/lib/thumb/v7e-m/fpv4-sp/hard\libc_nano.a(lib_a-stdio.o)
 .ARM.attributes
                0x0000000000000977       0x34 c:/st/stm32cubeide_1.1.0/stm32cubeide/plugins/com.st.stm32cube.ide.mcu.externaltools.gnu-tools-for-stm32.7-2018-q2-update.win32_1.0.0.201904181610/tools/bin/../lib/gcc/arm-none-eabi/7.3.1/../../../../arm-none-eabi/lib/thumb/v7e-m/fpv4-sp/hard\libc_nano.a(lib_a-writer.o)
 .ARM.attributes
                0x00000000000009ab       0x34 c:/st/stm32cubeide_1.1.0/stm32cubeide/plugins/com.st.stm32cube.ide.mcu.externaltools.gnu-tools-for-stm32.7-2018-q2-update.win32_1.0.0.201904181610/tools/bin/../lib/gcc/arm-none-eabi/7.3.1/../../../../arm-none-eabi/lib/thumb/v7e-m/fpv4-sp/hard\libc_nano.a(lib_a-closer.o)
 .ARM.attributes
                0x00000000000009df       0x34 c:/st/stm32cubeide_1.1.0/stm32cubeide/plugins/com.st.stm32cube.ide.mcu.externaltools.gnu-tools-for-stm32.7-2018-q2-update.win32_1.0.0.201904181610/tools/bin/../lib/gcc/arm-none-eabi/7.3.1/../../../../arm-none-eabi/lib/thumb/v7e-m/fpv4-sp/hard\libc_nano.a(lib_a-fstatr.o)
 .ARM.attributes
                0x0000000000000a13       0x34 c:/st/stm32cubeide_1.1.0/stm32cubeide/plugins/com.st.stm32cube.ide.mcu.externaltools.gnu-tools-for-stm32.7-2018-q2-update.win32_1.0.0.201904181610/tools/bin/../lib/gcc/arm-none-eabi/7.3.1/../../../../arm-none-eabi/lib/thumb/v7e-m/fpv4-sp/hard\libc_nano.a(lib_a-isattyr.o)
 .ARM.attributes
                0x0000000000000a47       0x34 c:/st/stm32cubeide_1.1.0/stm32cubeide/plugins/com.st.stm32cube.ide.mcu.externaltools.gnu-tools-for-stm32.7-2018-q2-update.win32_1.0.0.201904181610/tools/bin/../lib/gcc/arm-none-eabi/7.3.1/../../../../arm-none-eabi/lib/thumb/v7e-m/fpv4-sp/hard\libc_nano.a(lib_a-lseekr.o)
 .ARM.attributes
                0x0000000000000a7b       0x20 c:/st/stm32cubeide_1.1.0/stm32cubeide/plugins/com.st.stm32cube.ide.mcu.externaltools.gnu-tools-for-stm32.7-2018-q2-update.win32_1.0.0.201904181610/tools/bin/../lib/gcc/arm-none-eabi/7.3.1/../../../../arm-none-eabi/lib/thumb/v7e-m/fpv4-sp/hard\libc_nano.a(lib_a-memchr.o)
 .ARM.attributes
                0x0000000000000a9b       0x34 c:/st/stm32cubeide_1.1.0/stm32cubeide/plugins/com.st.stm32cube.ide.mcu.externaltools.gnu-tools-for-stm32.7-2018-q2-update.win32_1.0.0.201904181610/tools/bin/../lib/gcc/arm-none-eabi/7.3.1/../../../../arm-none-eabi/lib/thumb/v7e-m/fpv4-sp/hard\libc_nano.a(lib_a-mlock.o)
 .ARM.attributes
                0x0000000000000acf       0x34 c:/st/stm32cubeide_1.1.0/stm32cubeide/plugins/com.st.stm32cube.ide.mcu.externaltools.gnu-tools-for-stm32.7-2018-q2-update.win32_1.0.0.201904181610/tools/bin/../lib/gcc/arm-none-eabi/7.3.1/../../../../arm-none-eabi/lib/thumb/v7e-m/fpv4-sp/hard\libc_nano.a(lib_a-readr.o)
 .ARM.attributes
                0x0000000000000b03       0x34 c:/st/stm32cubeide_1.1.0/stm32cubeide/plugins/com.st.stm32cube.ide.mcu.externaltools.gnu-tools-for-stm32.7-2018-q2-update.win32_1.0.0.201904181610/tools/bin/../lib/gcc/arm-none-eabi/7.3.1/../../../../arm-none-eabi/lib/thumb/v7e-m/fpv4-sp/hard\libc_nano.a(lib_a-reent.o)
 .ARM.attributes
                0x0000000000000b37       0x22 c:/st/stm32cubeide_1.1.0/stm32cubeide/plugins/com.st.stm32cube.ide.mcu.externaltools.gnu-tools-for-stm32.7-2018-q2-update.win32_1.0.0.201904181610/tools/bin/../lib/gcc/arm-none-eabi/7.3.1/thumb/v7e-m/fpv4-sp/hard\libgcc.a(_aeabi_uldivmod.o)
 .ARM.attributes
                0x0000000000000b59       0x34 c:/st/stm32cubeide_1.1.0/stm32cubeide/plugins/com.st.stm32cube.ide.mcu.externaltools.gnu-tools-for-stm32.7-2018-q2-update.win32_1.0.0.201904181610/tools/bin/../lib/gcc/arm-none-eabi/7.3.1/thumb/v7e-m/fpv4-sp/hard\libgcc.a(_udivmoddi4.o)
 .ARM.attributes
                0x0000000000000b8d       0x22 c:/st/stm32cubeide_1.1.0/stm32cubeide/plugins/com.st.stm32cube.ide.mcu.externaltools.gnu-tools-for-stm32.7-2018-q2-update.win32_1.0.0.201904181610/tools/bin/../lib/gcc/arm-none-eabi/7.3.1/thumb/v7e-m/fpv4-sp/hard\libgcc.a(_dvmd_tls.o)
 .ARM.attributes
                0x0000000000000baf       0x22 c:/st/stm32cubeide_1.1.0/stm32cubeide/plugins/com.st.stm32cube.ide.mcu.externaltools.gnu-tools-for-stm32.7-2018-q2-update.win32_1.0.0.201904181610/tools/bin/../lib/gcc/arm-none-eabi/7.3.1/thumb/v7e-m/fpv4-sp/hard/crtn.o
OUTPUT(EpdSpi_Driver.elf elf32-littlearm)

.debug_info     0x0000000000000000    0x14266
 .debug_info    0x0000000000000000     0x1d8e Core/Src/EpdDriver.o
 .debug_info    0x0000000000001d8e     0x1434 Core/Src/GUI_Paint.o
 .debug_info    0x00000000000031c2       0x5e Core/Src/Kalender.o
 .debug_info    0x0000000000003220     0x1675 Core/Src/ULPWUR.o
 .debug_info    0x0000000000004895      0x724 Core/Src/dma.o
 .debug_info    0x0000000000004fb9      0x215 Core/Src/font24.o
 .debug_info    0x00000000000051ce      0x68d Core/Src/gpio.o
 .debug_info    0x000000000000585b     0x1a5d Core/Src/main.o
 .debug_info    0x00000000000072b8      0xbf8 Core/Src/spi.o
 .debug_info    0x0000000000007eb0      0x4e2 Core/Src/stm32l4xx_hal_msp.o
 .debug_info    0x0000000000008392      0x647 Core/Src/stm32l4xx_it.o
 .debug_info    0x00000000000089d9      0xebd Core/Src/syscalls.o
 .debug_info    0x0000000000009896      0x91c Core/Src/sysmem.o
 .debug_info    0x000000000000a1b2      0x710 Core/Src/system_stm32l4xx.o
 .debug_info    0x000000000000a8c2      0xcec Core/Src/usart.o
 .debug_info    0x000000000000b5ae       0x22 Core/Startup/startup_stm32l4r5zitx.o
 .debug_info    0x000000000000b5d0      0xc1f Drivers/STM32L4xx_HAL_Driver/Src/stm32l4xx_hal.o
 .debug_info    0x000000000000c1ef      0xf54 Drivers/STM32L4xx_HAL_Driver/Src/stm32l4xx_hal_cortex.o
 .debug_info    0x000000000000d143      0xa0e Drivers/STM32L4xx_HAL_Driver/Src/stm32l4xx_hal_dma.o
 .debug_info    0x000000000000db51      0x99c Drivers/STM32L4xx_HAL_Driver/Src/stm32l4xx_hal_gpio.o
 .debug_info    0x000000000000e4ed      0xb66 Drivers/STM32L4xx_HAL_Driver/Src/stm32l4xx_hal_pwr_ex.o
 .debug_info    0x000000000000f053      0xdff Drivers/STM32L4xx_HAL_Driver/Src/stm32l4xx_hal_rcc.o
 .debug_info    0x000000000000fe52     0x11ed Drivers/STM32L4xx_HAL_Driver/Src/stm32l4xx_hal_rcc_ex.o
 .debug_info    0x000000000001103f     0x1808 Drivers/STM32L4xx_HAL_Driver/Src/stm32l4xx_hal_spi.o
 .debug_info    0x0000000000012847     0x1a1f Drivers/STM32L4xx_HAL_Driver/Src/stm32l4xx_hal_uart.o

.debug_abbrev   0x0000000000000000     0x2b70
 .debug_abbrev  0x0000000000000000      0x32f Core/Src/EpdDriver.o
 .debug_abbrev  0x000000000000032f      0x282 Core/Src/GUI_Paint.o
 .debug_abbrev  0x00000000000005b1       0x48 Core/Src/Kalender.o
 .debug_abbrev  0x00000000000005f9      0x1e1 Core/Src/ULPWUR.o
 .debug_abbrev  0x00000000000007da      0x12e Core/Src/dma.o
 .debug_abbrev  0x0000000000000908       0xbb Core/Src/font24.o
 .debug_abbrev  0x00000000000009c3      0x134 Core/Src/gpio.o
 .debug_abbrev  0x0000000000000af7      0x211 Core/Src/main.o
 .debug_abbrev  0x0000000000000d08      0x199 Core/Src/spi.o
 .debug_abbrev  0x0000000000000ea1      0x125 Core/Src/stm32l4xx_hal_msp.o
 .debug_abbrev  0x0000000000000fc6      0x149 Core/Src/stm32l4xx_it.o
 .debug_abbrev  0x000000000000110f      0x261 Core/Src/syscalls.o
 .debug_abbrev  0x0000000000001370      0x1bb Core/Src/sysmem.o
 .debug_abbrev  0x000000000000152b      0x150 Core/Src/system_stm32l4xx.o
 .debug_abbrev  0x000000000000167b      0x1aa Core/Src/usart.o
 .debug_abbrev  0x0000000000001825       0x12 Core/Startup/startup_stm32l4r5zitx.o
 .debug_abbrev  0x0000000000001837      0x1fb Drivers/STM32L4xx_HAL_Driver/Src/stm32l4xx_hal.o
 .debug_abbrev  0x0000000000001a32      0x2fa Drivers/STM32L4xx_HAL_Driver/Src/stm32l4xx_hal_cortex.o
 .debug_abbrev  0x0000000000001d2c      0x1d9 Drivers/STM32L4xx_HAL_Driver/Src/stm32l4xx_hal_dma.o
 .debug_abbrev  0x0000000000001f05      0x1c0 Drivers/STM32L4xx_HAL_Driver/Src/stm32l4xx_hal_gpio.o
 .debug_abbrev  0x00000000000020c5      0x1cb Drivers/STM32L4xx_HAL_Driver/Src/stm32l4xx_hal_pwr_ex.o
 .debug_abbrev  0x0000000000002290      0x27b Drivers/STM32L4xx_HAL_Driver/Src/stm32l4xx_hal_rcc.o
 .debug_abbrev  0x000000000000250b      0x238 Drivers/STM32L4xx_HAL_Driver/Src/stm32l4xx_hal_rcc_ex.o
 .debug_abbrev  0x0000000000002743      0x228 Drivers/STM32L4xx_HAL_Driver/Src/stm32l4xx_hal_spi.o
 .debug_abbrev  0x000000000000296b      0x205 Drivers/STM32L4xx_HAL_Driver/Src/stm32l4xx_hal_uart.o

.debug_aranges  0x0000000000000000      0xef0
 .debug_aranges
                0x0000000000000000      0x170 Core/Src/EpdDriver.o
 .debug_aranges
                0x0000000000000170       0x98 Core/Src/GUI_Paint.o
 .debug_aranges
                0x0000000000000208       0x18 Core/Src/Kalender.o
 .debug_aranges
                0x0000000000000220       0x20 Core/Src/ULPWUR.o
 .debug_aranges
                0x0000000000000240       0x20 Core/Src/dma.o
 .debug_aranges
                0x0000000000000260       0x18 Core/Src/font24.o
 .debug_aranges
                0x0000000000000278       0x20 Core/Src/gpio.o
 .debug_aranges
                0x0000000000000298       0x30 Core/Src/main.o
 .debug_aranges
                0x00000000000002c8       0x30 Core/Src/spi.o
 .debug_aranges
                0x00000000000002f8       0x20 Core/Src/stm32l4xx_hal_msp.o
 .debug_aranges
                0x0000000000000318       0x70 Core/Src/stm32l4xx_it.o
 .debug_aranges
                0x0000000000000388       0xa8 Core/Src/syscalls.o
 .debug_aranges
                0x0000000000000430       0x20 Core/Src/sysmem.o
 .debug_aranges
                0x0000000000000450       0x28 Core/Src/system_stm32l4xx.o
 .debug_aranges
                0x0000000000000478       0x30 Core/Src/usart.o
 .debug_aranges
                0x00000000000004a8       0x28 Core/Startup/startup_stm32l4r5zitx.o
 .debug_aranges
                0x00000000000004d0      0x130 Drivers/STM32L4xx_HAL_Driver/Src/stm32l4xx_hal.o
 .debug_aranges
                0x0000000000000600      0x118 Drivers/STM32L4xx_HAL_Driver/Src/stm32l4xx_hal_cortex.o
 .debug_aranges
                0x0000000000000718       0x90 Drivers/STM32L4xx_HAL_Driver/Src/stm32l4xx_hal_dma.o
 .debug_aranges
                0x00000000000007a8       0x58 Drivers/STM32L4xx_HAL_Driver/Src/stm32l4xx_hal_gpio.o
 .debug_aranges
                0x0000000000000800      0x168 Drivers/STM32L4xx_HAL_Driver/Src/stm32l4xx_hal_pwr_ex.o
 .debug_aranges
                0x0000000000000968       0x90 Drivers/STM32L4xx_HAL_Driver/Src/stm32l4xx_hal_rcc.o
 .debug_aranges
                0x00000000000009f8      0x108 Drivers/STM32L4xx_HAL_Driver/Src/stm32l4xx_hal_rcc_ex.o
 .debug_aranges
                0x0000000000000b00      0x1d8 Drivers/STM32L4xx_HAL_Driver/Src/stm32l4xx_hal_spi.o
 .debug_aranges
                0x0000000000000cd8      0x218 Drivers/STM32L4xx_HAL_Driver/Src/stm32l4xx_hal_uart.o

.debug_ranges   0x0000000000000000      0xd58
 .debug_ranges  0x0000000000000000      0x160 Core/Src/EpdDriver.o
 .debug_ranges  0x0000000000000160       0x88 Core/Src/GUI_Paint.o
 .debug_ranges  0x00000000000001e8       0x10 Core/Src/ULPWUR.o
 .debug_ranges  0x00000000000001f8       0x10 Core/Src/dma.o
 .debug_ranges  0x0000000000000208       0x10 Core/Src/gpio.o
 .debug_ranges  0x0000000000000218       0x20 Core/Src/main.o
 .debug_ranges  0x0000000000000238       0x20 Core/Src/spi.o
 .debug_ranges  0x0000000000000258       0x10 Core/Src/stm32l4xx_hal_msp.o
 .debug_ranges  0x0000000000000268       0x60 Core/Src/stm32l4xx_it.o
 .debug_ranges  0x00000000000002c8       0x98 Core/Src/syscalls.o
 .debug_ranges  0x0000000000000360       0x10 Core/Src/sysmem.o
 .debug_ranges  0x0000000000000370       0x18 Core/Src/system_stm32l4xx.o
 .debug_ranges  0x0000000000000388       0x20 Core/Src/usart.o
 .debug_ranges  0x00000000000003a8       0x20 Core/Startup/startup_stm32l4r5zitx.o
 .debug_ranges  0x00000000000003c8      0x120 Drivers/STM32L4xx_HAL_Driver/Src/stm32l4xx_hal.o
 .debug_ranges  0x00000000000004e8      0x108 Drivers/STM32L4xx_HAL_Driver/Src/stm32l4xx_hal_cortex.o
 .debug_ranges  0x00000000000005f0       0x80 Drivers/STM32L4xx_HAL_Driver/Src/stm32l4xx_hal_dma.o
 .debug_ranges  0x0000000000000670       0x48 Drivers/STM32L4xx_HAL_Driver/Src/stm32l4xx_hal_gpio.o
 .debug_ranges  0x00000000000006b8      0x158 Drivers/STM32L4xx_HAL_Driver/Src/stm32l4xx_hal_pwr_ex.o
 .debug_ranges  0x0000000000000810       0x80 Drivers/STM32L4xx_HAL_Driver/Src/stm32l4xx_hal_rcc.o
 .debug_ranges  0x0000000000000890       0xf8 Drivers/STM32L4xx_HAL_Driver/Src/stm32l4xx_hal_rcc_ex.o
 .debug_ranges  0x0000000000000988      0x1c8 Drivers/STM32L4xx_HAL_Driver/Src/stm32l4xx_hal_spi.o
 .debug_ranges  0x0000000000000b50      0x208 Drivers/STM32L4xx_HAL_Driver/Src/stm32l4xx_hal_uart.o

.debug_macro    0x0000000000000000    0x2b2f1
 .debug_macro   0x0000000000000000      0x3d2 Core/Src/EpdDriver.o
 .debug_macro   0x00000000000003d2       0x16 Core/Src/EpdDriver.o
 .debug_macro   0x00000000000003e8       0x97 Core/Src/EpdDriver.o
 .debug_macro   0x000000000000047f       0xfd Core/Src/EpdDriver.o
 .debug_macro   0x000000000000057c       0x10 Core/Src/EpdDriver.o
 .debug_macro   0x000000000000058c       0x10 Core/Src/EpdDriver.o
 .debug_macro   0x000000000000059c       0x6a Core/Src/EpdDriver.o
 .debug_macro   0x0000000000000606       0x1c Core/Src/EpdDriver.o
 .debug_macro   0x0000000000000622       0x52 Core/Src/EpdDriver.o
 .debug_macro   0x0000000000000674       0x40 Core/Src/EpdDriver.o
 .debug_macro   0x00000000000006b4       0x10 Core/Src/EpdDriver.o
 .debug_macro   0x00000000000006c4       0x40 Core/Src/EpdDriver.o
 .debug_macro   0x0000000000000704       0xd7 Core/Src/EpdDriver.o
 .debug_macro   0x00000000000007db       0x1c Core/Src/EpdDriver.o
 .debug_macro   0x00000000000007f7       0x3d Core/Src/EpdDriver.o
 .debug_macro   0x0000000000000834       0x16 Core/Src/EpdDriver.o
 .debug_macro   0x000000000000084a      0x145 Core/Src/EpdDriver.o
 .debug_macro   0x000000000000098f       0xef Core/Src/EpdDriver.o
 .debug_macro   0x0000000000000a7e      0x1df Core/Src/EpdDriver.o
 .debug_macro   0x0000000000000c5d       0x35 Core/Src/EpdDriver.o
 .debug_macro   0x0000000000000c92       0x16 Core/Src/EpdDriver.o
 .debug_macro   0x0000000000000ca8       0x20 Core/Src/EpdDriver.o
 .debug_macro   0x0000000000000cc8       0xc0 Core/Src/EpdDriver.o
 .debug_macro   0x0000000000000d88       0x2e Core/Src/EpdDriver.o
 .debug_macro   0x0000000000000db6       0x28 Core/Src/EpdDriver.o
 .debug_macro   0x0000000000000dde       0x1c Core/Src/EpdDriver.o
 .debug_macro   0x0000000000000dfa       0x22 Core/Src/EpdDriver.o
 .debug_macro   0x0000000000000e1c       0xd9 Core/Src/EpdDriver.o
 .debug_macro   0x0000000000000ef5     0x102d Core/Src/EpdDriver.o
 .debug_macro   0x0000000000001f22      0x11f Core/Src/EpdDriver.o
 .debug_macro   0x0000000000002041    0x1caae Core/Src/EpdDriver.o
 .debug_macro   0x000000000001eaef       0x43 Core/Src/EpdDriver.o
 .debug_macro   0x000000000001eb32     0x3820 Core/Src/EpdDriver.o
 .debug_macro   0x0000000000022352       0x54 Core/Src/EpdDriver.o
 .debug_macro   0x00000000000223a6     0x180d Core/Src/EpdDriver.o
 .debug_macro   0x0000000000023bb3      0x7ce Core/Src/EpdDriver.o
 .debug_macro   0x0000000000024381      0x241 Core/Src/EpdDriver.o
 .debug_macro   0x00000000000245c2      0x13d Core/Src/EpdDriver.o
 .debug_macro   0x00000000000246ff      0x21e Core/Src/EpdDriver.o
 .debug_macro   0x000000000002491d      0x486 Core/Src/EpdDriver.o
 .debug_macro   0x0000000000024da3      0x1ce Core/Src/EpdDriver.o
 .debug_macro   0x0000000000024f71       0x43 Core/Src/EpdDriver.o
 .debug_macro   0x0000000000024fb4      0x236 Core/Src/EpdDriver.o
 .debug_macro   0x00000000000251ea      0x408 Core/Src/EpdDriver.o
 .debug_macro   0x00000000000255f2       0x1c Core/Src/EpdDriver.o
 .debug_macro   0x000000000002560e      0x100 Core/Src/EpdDriver.o
 .debug_macro   0x000000000002570e      0x22c Core/Src/EpdDriver.o
 .debug_macro   0x000000000002593a       0x5e Core/Src/EpdDriver.o
 .debug_macro   0x0000000000025998       0xa5 Core/Src/EpdDriver.o
 .debug_macro   0x0000000000025a3d      0x122 Core/Src/EpdDriver.o
 .debug_macro   0x0000000000025b5f      0x3e2 Core/Src/EpdDriver.o
 .debug_macro   0x0000000000025f41      0x2fe Core/Src/EpdDriver.o
 .debug_macro   0x000000000002623f      0x63f Core/Src/EpdDriver.o
 .debug_macro   0x000000000002687e       0xa6 Core/Src/EpdDriver.o
 .debug_macro   0x0000000000026924      0x44b Core/Src/EpdDriver.o
 .debug_macro   0x0000000000026d6f       0xfa Core/Src/EpdDriver.o
 .debug_macro   0x0000000000026e69      0x146 Core/Src/EpdDriver.o
 .debug_macro   0x0000000000026faf      0x189 Core/Src/GUI_Paint.o
 .debug_macro   0x0000000000027138       0x1c Core/Src/GUI_Paint.o
 .debug_macro   0x0000000000027154       0x8e Core/Src/GUI_Paint.o
 .debug_macro   0x00000000000271e2       0x51 Core/Src/GUI_Paint.o
 .debug_macro   0x0000000000027233       0x4c Core/Src/GUI_Paint.o
 .debug_macro   0x000000000002727f       0x46 Core/Src/GUI_Paint.o
 .debug_macro   0x00000000000272c5      0x1e1 Core/Src/GUI_Paint.o
 .debug_macro   0x00000000000274a6       0x11 Core/Src/Kalender.o
 .debug_macro   0x00000000000274b7      0x407 Core/Src/ULPWUR.o
 .debug_macro   0x00000000000278be      0x14c Core/Src/ULPWUR.o
 .debug_macro   0x0000000000027a0a       0x10 Core/Src/ULPWUR.o
 .debug_macro   0x0000000000027a1a      0x20b Core/Src/dma.o
 .debug_macro   0x0000000000027c25       0xdf Core/Src/dma.o
 .debug_macro   0x0000000000027d04      0x174 Core/Src/dma.o
 .debug_macro   0x0000000000027e78       0x5a Core/Src/dma.o
 .debug_macro   0x0000000000027ed2       0xf4 Core/Src/dma.o
 .debug_macro   0x0000000000027fc6       0x6c Core/Src/font24.o
 .debug_macro   0x0000000000028032      0x20b Core/Src/gpio.o
 .debug_macro   0x000000000002823d      0x435 Core/Src/main.o
 .debug_macro   0x0000000000028672      0x32a Core/Src/main.o
 .debug_macro   0x000000000002899c      0x20b Core/Src/spi.o
 .debug_macro   0x0000000000028ba7      0x201 Core/Src/stm32l4xx_hal_msp.o
 .debug_macro   0x0000000000028da8      0x20b Core/Src/stm32l4xx_it.o
 .debug_macro   0x0000000000028fb3      0x243 Core/Src/syscalls.o
 .debug_macro   0x00000000000291f6       0x10 Core/Src/syscalls.o
 .debug_macro   0x0000000000029206       0x10 Core/Src/syscalls.o
 .debug_macro   0x0000000000029216       0x10 Core/Src/syscalls.o
 .debug_macro   0x0000000000029226       0x35 Core/Src/syscalls.o
 .debug_macro   0x000000000002925b      0x122 Core/Src/syscalls.o
 .debug_macro   0x000000000002937d       0x10 Core/Src/syscalls.o
 .debug_macro   0x000000000002938d      0x241 Core/Src/syscalls.o
 .debug_macro   0x00000000000295ce       0x1c Core/Src/syscalls.o
 .debug_macro   0x00000000000295ea       0x10 Core/Src/syscalls.o
 .debug_macro   0x00000000000295fa      0x189 Core/Src/syscalls.o
 .debug_macro   0x0000000000029783       0x16 Core/Src/syscalls.o
 .debug_macro   0x0000000000029799       0x88 Core/Src/syscalls.o
 .debug_macro   0x0000000000029821      0x1ae Core/Src/sysmem.o
 .debug_macro   0x00000000000299cf      0x23b Core/Src/sysmem.o
 .debug_macro   0x0000000000029c0a      0x1f8 Core/Src/system_stm32l4xx.o
 .debug_macro   0x0000000000029e02      0x20b Core/Src/usart.o
 .debug_macro   0x000000000002a00d      0x240 Drivers/STM32L4xx_HAL_Driver/Src/stm32l4xx_hal.o
 .debug_macro   0x000000000002a24d      0x1f2 Drivers/STM32L4xx_HAL_Driver/Src/stm32l4xx_hal_cortex.o
 .debug_macro   0x000000000002a43f      0x1f2 Drivers/STM32L4xx_HAL_Driver/Src/stm32l4xx_hal_dma.o
 .debug_macro   0x000000000002a631      0x231 Drivers/STM32L4xx_HAL_Driver/Src/stm32l4xx_hal_gpio.o
 .debug_macro   0x000000000002a862      0x21c Drivers/STM32L4xx_HAL_Driver/Src/stm32l4xx_hal_pwr_ex.o
 .debug_macro   0x000000000002aa7e      0x234 Drivers/STM32L4xx_HAL_Driver/Src/stm32l4xx_hal_rcc.o
 .debug_macro   0x000000000002acb2      0x228 Drivers/STM32L4xx_HAL_Driver/Src/stm32l4xx_hal_rcc_ex.o
 .debug_macro   0x000000000002aeda      0x1fa Drivers/STM32L4xx_HAL_Driver/Src/stm32l4xx_hal_spi.o
 .debug_macro   0x000000000002b0d4      0x21d Drivers/STM32L4xx_HAL_Driver/Src/stm32l4xx_hal_uart.o

.debug_line     0x0000000000000000     0xe68e
 .debug_line    0x0000000000000000      0xdcd Core/Src/EpdDriver.o
 .debug_line    0x0000000000000dcd      0x8f2 Core/Src/GUI_Paint.o
 .debug_line    0x00000000000016bf       0x37 Core/Src/Kalender.o
 .debug_line    0x00000000000016f6      0x9a1 Core/Src/ULPWUR.o
 .debug_line    0x0000000000002097      0x70b Core/Src/dma.o
 .debug_line    0x00000000000027a2      0x38b Core/Src/font24.o
 .debug_line    0x0000000000002b2d      0x743 Core/Src/gpio.o
 .debug_line    0x0000000000003270      0xa24 Core/Src/main.o
 .debug_line    0x0000000000003c94      0x743 Core/Src/spi.o
 .debug_line    0x00000000000043d7      0x70d Core/Src/stm32l4xx_hal_msp.o
 .debug_line    0x0000000000004ae4      0x7d5 Core/Src/stm32l4xx_it.o
 .debug_line    0x00000000000052b9      0x742 Core/Src/syscalls.o
 .debug_line    0x00000000000059fb      0x55e Core/Src/sysmem.o
 .debug_line    0x0000000000005f59      0x738 Core/Src/system_stm32l4xx.o
 .debug_line    0x0000000000006691      0x75d Core/Src/usart.o
 .debug_line    0x0000000000006dee       0x85 Core/Startup/startup_stm32l4r5zitx.o
 .debug_line    0x0000000000006e73      0x9ab Drivers/STM32L4xx_HAL_Driver/Src/stm32l4xx_hal.o
 .debug_line    0x000000000000781e      0xa36 Drivers/STM32L4xx_HAL_Driver/Src/stm32l4xx_hal_cortex.o
 .debug_line    0x0000000000008254      0x986 Drivers/STM32L4xx_HAL_Driver/Src/stm32l4xx_hal_dma.o
 .debug_line    0x0000000000008bda      0x8db Drivers/STM32L4xx_HAL_Driver/Src/stm32l4xx_hal_gpio.o
 .debug_line    0x00000000000094b5      0xb0f Drivers/STM32L4xx_HAL_Driver/Src/stm32l4xx_hal_pwr_ex.o
 .debug_line    0x0000000000009fc4      0xa53 Drivers/STM32L4xx_HAL_Driver/Src/stm32l4xx_hal_rcc.o
 .debug_line    0x000000000000aa17      0xe7e Drivers/STM32L4xx_HAL_Driver/Src/stm32l4xx_hal_rcc_ex.o
 .debug_line    0x000000000000b895     0x1187 Drivers/STM32L4xx_HAL_Driver/Src/stm32l4xx_hal_spi.o
 .debug_line    0x000000000000ca1c     0x1c72 Drivers/STM32L4xx_HAL_Driver/Src/stm32l4xx_hal_uart.o

.debug_str      0x0000000000000000   0x102b31
 .debug_str     0x0000000000000000    0xfd0f6 Core/Src/EpdDriver.o
                                      0xfd4d7 (size before relaxing)
 .debug_str     0x00000000000fd0f6      0xdf4 Core/Src/GUI_Paint.o
                                       0x7eaa (size before relaxing)
 .debug_str     0x00000000000fdeea       0x17 Core/Src/Kalender.o
                                       0x2d14 (size before relaxing)
 .debug_str     0x00000000000fdf01      0x289 Core/Src/ULPWUR.o
                                      0xfd3b6 (size before relaxing)
 .debug_str     0x00000000000fe18a      0x5be Core/Src/dma.o
                                      0xf8916 (size before relaxing)
 .debug_str     0x00000000000fe748       0x22 Core/Src/font24.o
                                       0x3cdf (size before relaxing)
 .debug_str     0x00000000000fe76a       0x72 Core/Src/gpio.o
                                      0xf849e (size before relaxing)
 .debug_str     0x00000000000fe7dc      0x436 Core/Src/main.o
                                      0xfd7c3 (size before relaxing)
 .debug_str     0x00000000000fec12       0x4b Core/Src/spi.o
                                      0xf895f (size before relaxing)
 .debug_str     0x00000000000fec5d       0x2c Core/Src/stm32l4xx_hal_msp.o
                                      0xf8403 (size before relaxing)
 .debug_str     0x00000000000fec89      0x10b Core/Src/stm32l4xx_it.o
                                      0xf8628 (size before relaxing)
 .debug_str     0x00000000000fed94     0x113e Core/Src/syscalls.o
                                       0x88ac (size before relaxing)
 .debug_str     0x00000000000ffed2       0x36 Core/Src/sysmem.o
                                       0x7b05 (size before relaxing)
 .debug_str     0x00000000000fff08       0xcd Core/Src/system_stm32l4xx.o
                                      0xf80f0 (size before relaxing)
 .debug_str     0x00000000000fffd5       0x51 Core/Src/usart.o
                                      0xf89b9 (size before relaxing)
 .debug_str     0x0000000000100026       0x36 Core/Startup/startup_stm32l4r5zitx.o
                                         0x87 (size before relaxing)
 .debug_str     0x000000000010005c      0x5b4 Drivers/STM32L4xx_HAL_Driver/Src/stm32l4xx_hal.o
                                      0xf8c04 (size before relaxing)
 .debug_str     0x0000000000100610      0x392 Drivers/STM32L4xx_HAL_Driver/Src/stm32l4xx_hal_cortex.o
                                      0xf896d (size before relaxing)
 .debug_str     0x00000000001009a2      0x2ae Drivers/STM32L4xx_HAL_Driver/Src/stm32l4xx_hal_dma.o
                                      0xf8478 (size before relaxing)