EpdDriver.c:30:6:EpdOn	8	static
EpdDriver.c:43:6:EpdOff	8	static
EpdDriver.c:57:6:LCDWaitForReady	16	static
EpdDriver.c:76:6:LCDWriteCmdCode	24	static
EpdDriver.c:125:6:LCDWriteData	24	static
EpdDriver.c:171:6:LCDWriteNData	24	static
EpdDriver.c:233:10:LCDReadData	32	static
EpdDriver.c:307:6:LCDReadNData	48	static
EpdDriver.c:388:6:LCDSendCmdArg	24	static
EpdDriver.c:403:6:IT8951SystemRun	8	static
EpdDriver.c:411:6:IT8951StandBy	8	static
EpdDriver.c:419:6:IT8951Sleep	8	static
EpdDriver.c:427:10:IT8951ReadReg	24	static
EpdDriver.c:441:6:IT8951WriteReg	16	static
EpdDriver.c:452:6:IT8951MemBurstReadTrigger	24	static
EpdDriver.c:466:6:IT8951MemBurstReadStart	8	static
EpdDriver.c:473:6:IT8951MemBurstWrite	24	static
EpdDriver.c:487:6:IT8951MemBurstEnd	8	static
EpdDriver.c:510:6:IT8951MemBurstWriteProc	32	static
EpdDriver.c:543:6:IT8951MemBurstReadProc	24	static
EpdDriver.c:561:6:IT8951LoadImgStart	24	static
EpdDriver.c:576:6:IT8951LoadImgAreaStart	32	static
EpdDriver.c:593:6:IT8951LoadImgEnd	8	static
EpdDriver.c:598:6:GetIT8951SystemInfo	24	static
EpdDriver.c:623:6:IT8951SetImgBufBaseAddr	24	static
EpdDriver.c:640:6:IT8951WaitForDisplayReady	8	static
EpdDriver.c:649:6:IT8951HostAreaPackedPixelWrite	24	static
EpdDriver.c:679:6:IT8951DisplayArea	24	static
EpdDriver.c:697:6:IT8951DisplayArea1bpp	32	static
EpdDriver.c:723:6:IT8951DisplayAreaBuf	24	static
EpdDriver.c:741:6:IT8951_Power	8	static
EpdDriver.c:752:9:IT8951_Init	8	static
EpdDriver.c:764:6:IT8951_Cancel	4	static
EpdDriver.c:776:6:IT8951DisplayExample	40	static
EpdDriver.c:836:6:IT8951DisplayExample2	40	static
EpdDriver.c:916:6:IT8951DisplayExample4	40	static
EpdDriver.c:946:6:EpdDriverLoadTemplate	32	static
EpdDriver.c:973:6:EpdDriverDrawBox	48	static
EpdDriver.c:998:6:EpdDriverShowDisp	16	static
EpdDriver.c:1035:6:IT8951DisplayBox	64	dynamic
EpdDriver.c:1068:6:IT8951DisplayBox4Bit	64	dynamic
EpdDriver.c:1185:6:IT8951_BMP_Example	40	static
EpdDriver.c:1221:6:IT8951Load1bppImage	48	static
EpdDriver.c:1245:6:IT8951Display1bppExample	40	static
EpdDriver.c:1271:6:IT8951Display1bppExample2	40	static
