EpdDriver.c:32:6:LCDWaitForReady	16	static
EpdDriver.c:51:6:LCDWriteCmdCode	24	static
EpdDriver.c:100:6:LCDWriteData	24	static
EpdDriver.c:146:6:LCDWriteNData	24	static
EpdDriver.c:206:10:LCDReadData	32	static
EpdDriver.c:280:6:LCDReadNData	48	static
EpdDriver.c:361:6:LCDSendCmdArg	24	static
EpdDriver.c:376:6:IT8951SystemRun	8	static
EpdDriver.c:384:6:IT8951StandBy	8	static
EpdDriver.c:392:6:IT8951Sleep	8	static
EpdDriver.c:400:10:IT8951ReadReg	24	static
EpdDriver.c:414:6:IT8951WriteReg	16	static
EpdDriver.c:425:6:IT8951MemBurstReadTrigger	24	static
EpdDriver.c:439:6:IT8951MemBurstReadStart	8	static
EpdDriver.c:446:6:IT8951MemBurstWrite	24	static
EpdDriver.c:460:6:IT8951MemBurstEnd	8	static
EpdDriver.c:483:6:IT8951MemBurstWriteProc	32	static
EpdDriver.c:516:6:IT8951MemBurstReadProc	24	static
EpdDriver.c:534:6:IT8951LoadImgStart	24	static
EpdDriver.c:549:6:IT8951LoadImgAreaStart	32	static
EpdDriver.c:566:6:IT8951LoadImgEnd	8	static
EpdDriver.c:571:6:GetIT8951SystemInfo	24	static
EpdDriver.c:596:6:IT8951SetImgBufBaseAddr	24	static
EpdDriver.c:613:6:IT8951WaitForDisplayReady	8	static
EpdDriver.c:622:6:IT8951HostAreaPackedPixelWrite	24	static
EpdDriver.c:651:6:IT8951DisplayArea	24	static
EpdDriver.c:669:6:IT8951DisplayArea1bpp	32	static
EpdDriver.c:695:6:IT8951DisplayAreaBuf	24	static
EpdDriver.c:714:9:IT8951_Init	8	static
EpdDriver.c:760:6:IT8951_Cancel	4	static
EpdDriver.c:772:6:IT8951DisplayExample	40	static
EpdDriver.c:832:6:IT8951DisplayExample2	40	static
EpdDriver.c:912:6:IT8951DisplayExample4	40	static
EpdDriver.c:942:6:EpdDriverLoadTemplate	48	static
EpdDriver.c:968:6:EpdDriverDrawBox	48	static
EpdDriver.c:993:6:EpdDriverShowDisp	16	static
EpdDriver.c:1030:6:IT8951DisplayBox	64	dynamic
EpdDriver.c:1063:6:IT8951DisplayBox4Bit	64	dynamic
EpdDriver.c:1180:6:IT8951_BMP_Example	40	static
EpdDriver.c:1216:6:IT8951Load1bppImage	48	static
EpdDriver.c:1240:6:IT8951Display1bppExample	40	static
EpdDriver.c:1266:6:IT8951Display1bppExample2	40	static
