EpdDriver.c:32:6:LCDWaitForReady	16	static
EpdDriver.c:51:6:LCDWriteCmdCode	24	static
EpdDriver.c:100:6:LCDWriteData	24	static
EpdDriver.c:146:6:LCDWriteNData	24	static
EpdDriver.c:208:10:LCDReadData	32	static
EpdDriver.c:282:6:LCDReadNData	48	static
EpdDriver.c:363:6:LCDSendCmdArg	24	static
EpdDriver.c:378:6:IT8951SystemRun	8	static
EpdDriver.c:386:6:IT8951StandBy	8	static
EpdDriver.c:394:6:IT8951Sleep	8	static
EpdDriver.c:402:10:IT8951ReadReg	24	static
EpdDriver.c:416:6:IT8951WriteReg	16	static
EpdDriver.c:427:6:IT8951MemBurstReadTrigger	24	static
EpdDriver.c:441:6:IT8951MemBurstReadStart	8	static
EpdDriver.c:448:6:IT8951MemBurstWrite	24	static
EpdDriver.c:462:6:IT8951MemBurstEnd	8	static
EpdDriver.c:485:6:IT8951MemBurstWriteProc	32	static
EpdDriver.c:518:6:IT8951MemBurstReadProc	24	static
EpdDriver.c:536:6:IT8951LoadImgStart	24	static
EpdDriver.c:551:6:IT8951LoadImgAreaStart	32	static
EpdDriver.c:568:6:IT8951LoadImgEnd	8	static
EpdDriver.c:573:6:GetIT8951SystemInfo	24	static
EpdDriver.c:598:6:IT8951SetImgBufBaseAddr	24	static
EpdDriver.c:615:6:IT8951WaitForDisplayReady	8	static
EpdDriver.c:624:6:IT8951HostAreaPackedPixelWrite	24	static
EpdDriver.c:654:6:IT8951DisplayArea	24	static
EpdDriver.c:672:6:IT8951DisplayArea1bpp	32	static
EpdDriver.c:698:6:IT8951DisplayAreaBuf	24	static
EpdDriver.c:717:9:IT8951_Init	8	static
EpdDriver.c:763:6:IT8951_Cancel	4	static
EpdDriver.c:775:6:IT8951DisplayExample	40	static
EpdDriver.c:835:6:IT8951DisplayExample2	40	static
EpdDriver.c:915:6:IT8951DisplayExample4	40	static
EpdDriver.c:945:6:EpdDriverLoadTemplate	48	static
EpdDriver.c:972:6:EpdDriverDrawBox	48	static
EpdDriver.c:997:6:EpdDriverShowDisp	16	static
EpdDriver.c:1034:6:IT8951DisplayBox	64	dynamic
EpdDriver.c:1067:6:IT8951DisplayBox4Bit	64	dynamic
EpdDriver.c:1184:6:IT8951_BMP_Example	40	static
EpdDriver.c:1220:6:IT8951Load1bppImage	48	static
EpdDriver.c:1244:6:IT8951Display1bppExample	40	static
EpdDriver.c:1270:6:IT8951Display1bppExample2	40	static
