EpdDriver.c:30:6:EpdOn	8	static
EpdDriver.c:41:6:EpdOff	8	static
EpdDriver.c:55:6:LCDWaitForReady	16	static
EpdDriver.c:74:6:LCDWriteCmdCode	24	static
EpdDriver.c:123:6:LCDWriteData	24	static
EpdDriver.c:169:6:LCDWriteNData	24	static
EpdDriver.c:231:10:LCDReadData	32	static
EpdDriver.c:305:6:LCDReadNData	48	static
EpdDriver.c:386:6:LCDSendCmdArg	24	static
EpdDriver.c:401:6:IT8951SystemRun	8	static
EpdDriver.c:409:6:IT8951StandBy	8	static
EpdDriver.c:417:6:IT8951Sleep	8	static
EpdDriver.c:425:10:IT8951ReadReg	24	static
EpdDriver.c:439:6:IT8951WriteReg	16	static
EpdDriver.c:450:6:IT8951MemBurstReadTrigger	24	static
EpdDriver.c:464:6:IT8951MemBurstReadStart	8	static
EpdDriver.c:471:6:IT8951MemBurstWrite	24	static
EpdDriver.c:485:6:IT8951MemBurstEnd	8	static
EpdDriver.c:508:6:IT8951MemBurstWriteProc	32	static
EpdDriver.c:541:6:IT8951MemBurstReadProc	24	static
EpdDriver.c:559:6:IT8951LoadImgStart	24	static
EpdDriver.c:574:6:IT8951LoadImgAreaStart	32	static
EpdDriver.c:591:6:IT8951LoadImgEnd	8	static
EpdDriver.c:596:6:GetIT8951SystemInfo	24	static
EpdDriver.c:621:6:IT8951SetImgBufBaseAddr	24	static
EpdDriver.c:638:6:IT8951WaitForDisplayReady	8	static
EpdDriver.c:647:6:IT8951HostAreaPackedPixelWrite	24	static
EpdDriver.c:677:6:IT8951DisplayArea	24	static
EpdDriver.c:695:6:IT8951DisplayArea1bpp	32	static
EpdDriver.c:721:6:IT8951DisplayAreaBuf	24	static
EpdDriver.c:739:6:IT8951_Power	8	static
EpdDriver.c:750:9:IT8951_Init	8	static
EpdDriver.c:762:6:IT8951_Cancel	4	static
EpdDriver.c:774:6:IT8951DisplayExample	40	static
EpdDriver.c:834:6:IT8951DisplayExample2	40	static
EpdDriver.c:914:6:IT8951DisplayExample4	40	static
EpdDriver.c:944:6:EpdDriverLoadTemplate	32	static
EpdDriver.c:971:6:EpdDriverDrawBox	48	static
EpdDriver.c:996:6:EpdDriverShowDisp	16	static
EpdDriver.c:1033:6:IT8951DisplayBox	64	dynamic
EpdDriver.c:1066:6:IT8951DisplayBox4Bit	64	dynamic
EpdDriver.c:1183:6:IT8951_BMP_Example	40	static
EpdDriver.c:1219:6:IT8951Load1bppImage	48	static
EpdDriver.c:1243:6:IT8951Display1bppExample	40	static
EpdDriver.c:1269:6:IT8951Display1bppExample2	40	static
