EpdDriver.c:30:6:EpdOn	8	static
EpdDriver.c:39:6:EpdOff	8	static
EpdDriver.c:50:6:LCDWaitForReady	16	static
EpdDriver.c:69:6:LCDWriteCmdCode	24	static
EpdDriver.c:118:6:LCDWriteData	24	static
EpdDriver.c:164:6:LCDWriteNData	24	static
EpdDriver.c:226:10:LCDReadData	32	static
EpdDriver.c:300:6:LCDReadNData	48	static
EpdDriver.c:381:6:LCDSendCmdArg	24	static
EpdDriver.c:396:6:IT8951SystemRun	8	static
EpdDriver.c:404:6:IT8951StandBy	8	static
EpdDriver.c:412:6:IT8951Sleep	8	static
EpdDriver.c:420:10:IT8951ReadReg	24	static
EpdDriver.c:434:6:IT8951WriteReg	16	static
EpdDriver.c:445:6:IT8951MemBurstReadTrigger	24	static
EpdDriver.c:459:6:IT8951MemBurstReadStart	8	static
EpdDriver.c:466:6:IT8951MemBurstWrite	24	static
EpdDriver.c:480:6:IT8951MemBurstEnd	8	static
EpdDriver.c:503:6:IT8951MemBurstWriteProc	32	static
EpdDriver.c:536:6:IT8951MemBurstReadProc	24	static
EpdDriver.c:554:6:IT8951LoadImgStart	24	static
EpdDriver.c:569:6:IT8951LoadImgAreaStart	32	static
EpdDriver.c:586:6:IT8951LoadImgEnd	8	static
EpdDriver.c:591:6:GetIT8951SystemInfo	24	static
EpdDriver.c:616:6:IT8951SetImgBufBaseAddr	24	static
EpdDriver.c:633:6:IT8951WaitForDisplayReady	8	static
EpdDriver.c:642:6:IT8951HostAreaPackedPixelWrite	24	static
EpdDriver.c:672:6:IT8951DisplayArea	24	static
EpdDriver.c:690:6:IT8951DisplayArea1bpp	32	static
EpdDriver.c:716:6:IT8951DisplayAreaBuf	24	static
EpdDriver.c:735:9:IT8951_Init	8	static
EpdDriver.c:781:6:IT8951_Cancel	4	static
EpdDriver.c:793:6:IT8951DisplayExample	40	static
EpdDriver.c:853:6:IT8951DisplayExample2	40	static
EpdDriver.c:933:6:IT8951DisplayExample4	40	static
EpdDriver.c:963:6:EpdDriverLoadTemplate	32	static
EpdDriver.c:990:6:EpdDriverDrawBox	48	static
EpdDriver.c:1015:6:EpdDriverShowDisp	16	static
EpdDriver.c:1052:6:IT8951DisplayBox	64	dynamic
EpdDriver.c:1085:6:IT8951DisplayBox4Bit	64	dynamic
EpdDriver.c:1202:6:IT8951_BMP_Example	40	static
EpdDriver.c:1238:6:IT8951Load1bppImage	48	static
EpdDriver.c:1262:6:IT8951Display1bppExample	40	static
EpdDriver.c:1288:6:IT8951Display1bppExample2	40	static
