EpdDriver.c:104:6:delay	16	static
EpdDriver.c:113:6:delay_nop	16	static
EpdDriver.c:122:6:EpdWaitForReady	8	static
EpdDriver.c:134:6:EpdInit	8	static
EpdDriver.c:145:6:SPI_Send_byte	24	static
EpdDriver.c:155:10:SPI_Receive_byte	24	static
EpdDriver.c:167:6:EpdWriteCmdCode	16	static
EpdDriver.c:184:6:EpdWriteData	16	static
EpdDriver.c:199:6:EpdWriteNData	24	static
EpdDriver.c:219:10:EpdReadData	16	static
EpdDriver.c:246:6:EpdReadNData	32	static
EpdDriver.c:275:6:EpdSendCmdArg	24	static
EpdDriver.c:289:6:IT8951SystemRun	8	static
EpdDriver.c:297:6:IT8951StandBy	8	static
EpdDriver.c:305:6:IT8951Sleep	8	static
EpdDriver.c:313:10:IT8951ReadReg	24	static
EpdDriver.c:328:6:IT8951WriteReg	16	static
EpdDriver.c:340:6:IT8951MemBurstReadTrigger	24	static
EpdDriver.c:355:6:IT8951MemBurstReadStart	8	static
EpdDriver.c:363:6:IT8951MemBurstWrite	24	static
EpdDriver.c:378:6:IT8951MemBurstEnd	8	static
EpdDriver.c:401:6:IT8951MemBurstWriteProc	32	static
EpdDriver.c:434:6:IT8951MemBurstReadProc	24	static
EpdDriver.c:466:6:IT8951LoadImgStart	24	static
EpdDriver.c:482:6:IT8951LoadImgAreaStart	32	static
EpdDriver.c:500:6:IT8951LoadImgEnd	8	static
EpdDriver.c:511:6:GetIT8951SystemInfo	24	static
EpdDriver.c:547:6:IT8951SetImgBufBaseAddr	24	static
EpdDriver.c:564:6:IT8951WaitForDisplayReady	8	static
EpdDriver.c:573:6:IT8951HostAreaPackedPixelWrite	32	static
EpdDriver.c:602:6:IT8951DisplayArea	24	static
EpdDriver.c:620:6:IT8951DisplayArea1bpp	32	static
EpdDriver.c:646:6:IT8951DisplayAreaBuf	24	static
EpdDriver.c:664:6:HostInit	8	static
EpdDriver.c:681:6:IT8951DisplayExample	40	static
EpdDriver.c:750:6:IT8951DisplayExample2	40	static
EpdDriver.c:800:6:IT8951DisplayExample3	40	static
EpdDriver.c:836:6:IT8951Load1bppImage	48	static
EpdDriver.c:860:6:IT8951Display1bppExample	40	static
EpdDriver.c:888:6:IT8951Display1bppExample2	40	static
EpdDriver.c:919:6:IT8951DisplayClear	40	static
