EpdDriver.c:29:6:LCDWaitForReady	16	static
EpdDriver.c:48:6:LCDWriteCmdCode	24	static
EpdDriver.c:97:6:LCDWriteData	24	static
EpdDriver.c:143:6:LCDWriteNData	32	static
EpdDriver.c:202:10:LCDReadData	32	static
EpdDriver.c:276:6:LCDReadNData	48	static
EpdDriver.c:357:6:LCDSendCmdArg	24	static
EpdDriver.c:372:6:IT8951SystemRun	8	static
EpdDriver.c:380:6:IT8951StandBy	8	static
EpdDriver.c:388:6:IT8951Sleep	8	static
EpdDriver.c:396:10:IT8951ReadReg	24	static
EpdDriver.c:410:6:IT8951WriteReg	16	static
EpdDriver.c:421:6:IT8951MemBurstReadTrigger	24	static
EpdDriver.c:435:6:IT8951MemBurstReadStart	8	static
EpdDriver.c:442:6:IT8951MemBurstWrite	24	static
EpdDriver.c:456:6:IT8951MemBurstEnd	8	static
EpdDriver.c:479:6:IT8951MemBurstWriteProc	32	static
EpdDriver.c:512:6:IT8951MemBurstReadProc	24	static
EpdDriver.c:530:6:IT8951LoadImgStart	24	static
EpdDriver.c:545:6:IT8951LoadImgAreaStart	32	static
EpdDriver.c:562:6:IT8951LoadImgEnd	8	static
EpdDriver.c:567:6:GetIT8951SystemInfo	24	static
EpdDriver.c:592:6:IT8951SetImgBufBaseAddr	24	static
EpdDriver.c:609:6:IT8951WaitForDisplayReady	8	static
EpdDriver.c:618:6:IT8951HostAreaPackedPixelWrite	24	static
EpdDriver.c:647:6:IT8951DisplayArea	24	static
EpdDriver.c:665:6:IT8951DisplayArea1bpp	32	static
EpdDriver.c:691:6:IT8951DisplayAreaBuf	24	static
EpdDriver.c:710:9:IT8951_Init	8	static
EpdDriver.c:756:6:IT8951_Cancel	8	static
EpdDriver.c:768:6:IT8951DisplayExample	40	static
EpdDriver.c:828:6:IT8951DisplayExample2	40	static
EpdDriver.c:873:6:IT8951DisplayExample3	40	static
EpdDriver.c:905:6:IT8951DisplayExample4	495040	static
EpdDriver.c:972:6:IT8951DisplayBox	64	dynamic
EpdDriver.c:1089:6:IT8951_BMP_Example	40	static
EpdDriver.c:1125:6:IT8951Load1bppImage	48	static
EpdDriver.c:1149:6:IT8951Display1bppExample	40	static
EpdDriver.c:1175:6:IT8951Display1bppExample2	40	static
