EpdDriver.c:28:6:LCDWaitForReady	16	static
EpdDriver.c:47:6:LCDWriteCmdCode	24	static
EpdDriver.c:96:6:LCDWriteData	24	static
EpdDriver.c:142:6:LCDWriteNData	32	static
EpdDriver.c:201:10:LCDReadData	32	static
EpdDriver.c:275:6:LCDReadNData	48	static
EpdDriver.c:356:6:LCDSendCmdArg	24	static
EpdDriver.c:371:6:IT8951SystemRun	8	static
EpdDriver.c:379:6:IT8951StandBy	8	static
EpdDriver.c:387:6:IT8951Sleep	8	static
EpdDriver.c:395:10:IT8951ReadReg	24	static
EpdDriver.c:409:6:IT8951WriteReg	16	static
EpdDriver.c:420:6:IT8951MemBurstReadTrigger	24	static
EpdDriver.c:434:6:IT8951MemBurstReadStart	8	static
EpdDriver.c:441:6:IT8951MemBurstWrite	24	static
EpdDriver.c:455:6:IT8951MemBurstEnd	8	static
EpdDriver.c:478:6:IT8951MemBurstWriteProc	32	static
EpdDriver.c:511:6:IT8951MemBurstReadProc	24	static
EpdDriver.c:529:6:IT8951LoadImgStart	24	static
EpdDriver.c:544:6:IT8951LoadImgAreaStart	32	static
EpdDriver.c:561:6:IT8951LoadImgEnd	8	static
EpdDriver.c:566:6:GetIT8951SystemInfo	24	static
EpdDriver.c:591:6:IT8951SetImgBufBaseAddr	24	static
EpdDriver.c:608:6:IT8951WaitForDisplayReady	8	static
EpdDriver.c:617:6:IT8951HostAreaPackedPixelWrite	24	static
EpdDriver.c:646:6:IT8951DisplayArea	24	static
EpdDriver.c:664:6:IT8951DisplayArea1bpp	32	static
EpdDriver.c:690:6:IT8951DisplayAreaBuf	24	static
EpdDriver.c:709:9:IT8951_Init	8	static
EpdDriver.c:755:6:IT8951_Cancel	8	static
EpdDriver.c:767:6:IT8951DisplayExample	40	static
EpdDriver.c:827:6:IT8951DisplayExample2	40	static
EpdDriver.c:872:6:IT8951DisplayExample3	40	static
EpdDriver.c:936:6:IT8951DisplayBox	64	dynamic
EpdDriver.c:1053:6:IT8951_BMP_Example	40	static
EpdDriver.c:1089:6:IT8951Load1bppImage	48	static
EpdDriver.c:1113:6:IT8951Display1bppExample	40	static
EpdDriver.c:1139:6:IT8951Display1bppExample2	40	static
