EpdDriver.c:30:6:LCDWaitForReady	16	static
EpdDriver.c:49:6:LCDWriteCmdCode	24	static
EpdDriver.c:98:6:LCDWriteData	24	static
EpdDriver.c:144:6:LCDWriteNData	32	static
EpdDriver.c:203:10:LCDReadData	32	static
EpdDriver.c:277:6:LCDReadNData	48	static
EpdDriver.c:358:6:LCDSendCmdArg	24	static
EpdDriver.c:373:6:IT8951SystemRun	8	static
EpdDriver.c:381:6:IT8951StandBy	8	static
EpdDriver.c:389:6:IT8951Sleep	8	static
EpdDriver.c:397:10:IT8951ReadReg	24	static
EpdDriver.c:411:6:IT8951WriteReg	16	static
EpdDriver.c:422:6:IT8951MemBurstReadTrigger	24	static
EpdDriver.c:436:6:IT8951MemBurstReadStart	8	static
EpdDriver.c:443:6:IT8951MemBurstWrite	24	static
EpdDriver.c:457:6:IT8951MemBurstEnd	8	static
EpdDriver.c:480:6:IT8951MemBurstWriteProc	32	static
EpdDriver.c:513:6:IT8951MemBurstReadProc	24	static
EpdDriver.c:531:6:IT8951LoadImgStart	24	static
EpdDriver.c:546:6:IT8951LoadImgAreaStart	32	static
EpdDriver.c:563:6:IT8951LoadImgEnd	8	static
EpdDriver.c:568:6:GetIT8951SystemInfo	24	static
EpdDriver.c:593:6:IT8951SetImgBufBaseAddr	24	static
EpdDriver.c:610:6:IT8951WaitForDisplayReady	8	static
EpdDriver.c:619:6:IT8951HostAreaPackedPixelWrite	24	static
EpdDriver.c:648:6:IT8951DisplayArea	24	static
EpdDriver.c:666:6:IT8951DisplayArea1bpp	32	static
EpdDriver.c:692:6:IT8951DisplayAreaBuf	24	static
EpdDriver.c:711:9:IT8951_Init	8	static
EpdDriver.c:757:6:IT8951_Cancel	4	static
EpdDriver.c:769:6:IT8951DisplayExample	40	static
EpdDriver.c:829:6:IT8951DisplayExample2	40	static
EpdDriver.c:874:6:IT8951DisplayExample3	40	static
EpdDriver.c:906:6:IT8951DisplayExample4	40	static
EpdDriver.c:972:6:IT8951DisplayBox	64	dynamic
EpdDriver.c:1089:6:IT8951_BMP_Example	40	static
EpdDriver.c:1125:6:IT8951Load1bppImage	48	static
EpdDriver.c:1149:6:IT8951Display1bppExample	32	static
EpdDriver.c:1175:6:IT8951Display1bppExample2	32	static
