EpdDriver.c:32:6:LCDWaitForReady	16	static
EpdDriver.c:51:6:LCDWriteCmdCode	24	static
EpdDriver.c:100:6:LCDWriteData	24	static
EpdDriver.c:146:6:LCDWriteNData	32	static
EpdDriver.c:205:10:LCDReadData	32	static
EpdDriver.c:279:6:LCDReadNData	48	static
EpdDriver.c:360:6:LCDSendCmdArg	24	static
EpdDriver.c:375:6:IT8951SystemRun	8	static
EpdDriver.c:383:6:IT8951StandBy	8	static
EpdDriver.c:391:6:IT8951Sleep	8	static
EpdDriver.c:399:10:IT8951ReadReg	24	static
EpdDriver.c:413:6:IT8951WriteReg	16	static
EpdDriver.c:424:6:IT8951MemBurstReadTrigger	24	static
EpdDriver.c:438:6:IT8951MemBurstReadStart	8	static
EpdDriver.c:445:6:IT8951MemBurstWrite	24	static
EpdDriver.c:459:6:IT8951MemBurstEnd	8	static
EpdDriver.c:482:6:IT8951MemBurstWriteProc	32	static
EpdDriver.c:515:6:IT8951MemBurstReadProc	24	static
EpdDriver.c:533:6:IT8951LoadImgStart	24	static
EpdDriver.c:548:6:IT8951LoadImgAreaStart	32	static
EpdDriver.c:565:6:IT8951LoadImgEnd	8	static
EpdDriver.c:570:6:GetIT8951SystemInfo	24	static
EpdDriver.c:595:6:IT8951SetImgBufBaseAddr	24	static
EpdDriver.c:612:6:IT8951WaitForDisplayReady	8	static
EpdDriver.c:621:6:IT8951HostAreaPackedPixelWrite	24	static
EpdDriver.c:650:6:IT8951DisplayArea	24	static
EpdDriver.c:668:6:IT8951DisplayArea1bpp	32	static
EpdDriver.c:694:6:IT8951DisplayAreaBuf	24	static
EpdDriver.c:713:9:IT8951_Init	8	static
EpdDriver.c:759:6:IT8951_Cancel	4	static
EpdDriver.c:771:6:IT8951DisplayExample	40	static
EpdDriver.c:831:6:IT8951DisplayExample2	40	static
EpdDriver.c:876:6:IT8951DisplayExample3	40	static
EpdDriver.c:911:6:IT8951DisplayExample4	40	static
EpdDriver.c:941:6:EpdDriverLoadTemplate	40	static
EpdDriver.c:999:6:IT8951DisplayBox	64	dynamic
EpdDriver.c:1032:6:IT8951DisplayBox4Bit	64	dynamic
EpdDriver.c:1149:6:IT8951_BMP_Example	40	static
EpdDriver.c:1185:6:IT8951Load1bppImage	48	static
EpdDriver.c:1209:6:IT8951Display1bppExample	32	static
EpdDriver.c:1235:6:IT8951Display1bppExample2	32	static
